TEST_FIXTURE_WATCHDOG_V1 status=armed deadline_seconds=1800
TEST_FIXTURE_START_V1 kind=module module=string_tests fixture=body index=0
BENCH_STRING_SEQUENCE n=256 m=1 shape=0 calls=1048576 elapsed_ns=3363611 checksum=0
BENCH_STRING_SEQUENCE n=256 m=2 shape=0 calls=1048576 elapsed_ns=3417625 checksum=0
BENCH_STRING_SEQUENCE n=256 m=3 shape=0 calls=1048576 elapsed_ns=3633198 checksum=0
BENCH_STRING_SEQUENCE n=256 m=7 shape=0 calls=1048576 elapsed_ns=3629771 checksum=0
BENCH_STRING_SEQUENCE n=256 m=15 shape=0 calls=1048576 elapsed_ns=3629388 checksum=0
BENCH_STRING_SEQUENCE n=256 m=31 shape=0 calls=1048576 elapsed_ns=3550547 checksum=0
BENCH_STRING_SEQUENCE n=256 m=32 shape=0 calls=1048576 elapsed_ns=3590232 checksum=0
BENCH_STRING_SEQUENCE n=256 m=1 shape=1 calls=1048576 elapsed_ns=590144068 checksum=18446744073708503040
BENCH_STRING_SEQUENCE n=256 m=2 shape=1 calls=1048576 elapsed_ns=623897993 checksum=18446744073708503040
BENCH_STRING_SEQUENCE n=256 m=3 shape=1 calls=1048576 elapsed_ns=739387514 checksum=18446744073708503040
BENCH_STRING_SEQUENCE n=256 m=7 shape=1 calls=1048576 elapsed_ns=746569354 checksum=18446744073708503040
BENCH_STRING_SEQUENCE n=256 m=15 shape=1 calls=1048576 elapsed_ns=737660798 checksum=18446744073708503040
BENCH_STRING_SEQUENCE n=256 m=31 shape=1 calls=1048576 elapsed_ns=687269433 checksum=18446744073708503040
BENCH_STRING_SEQUENCE n=256 m=32 shape=1 calls=1048576 elapsed_ns=679001947 checksum=18446744073708503040
TEST_ARENA_V1 kind=module module=string_tests fixture=body index=0 arena_slot=0 start=4648 end=773190 retained_bytes=768542 high_water=773190 peak_bytes=768542 after=4648 live_bytes=0 rewind=1
TEST_ARENA_V1 kind=module module=string_tests fixture=body index=0 arena_slot=1 start=128 end=128 retained_bytes=0 high_water=16536 peak_bytes=16408 after=128 live_bytes=0 rewind=0
TEST_ARENA_V1 kind=module module=string_tests fixture=body index=0 arena_slot=2 start=64 end=64 retained_bytes=0 high_water=64 peak_bytes=0 after=64 live_bytes=0 rewind=0
TEST_ARENA_TOP_V1 module=string_tests fixtures=0 retained_fixture=none retained_bytes=0 peak_fixture=none peak_bytes=0
[161668/161668] Unit tests (1 of 57 modules selected)
[1/1] Module tests
[0/0] External tests
