SGID_SANDBOX_TEST service assertions=6005 failures=0 group=different-primary arch=x86_64
+ /tmp/buster-bench-recipe-scripts-QObTOi/driver generate --build-directory /tmp/buster-workspaces-G3s5J2/job-1-attempt-2/base/build --config Release --cc clang --no-include-tests --no-developer-targets --no-check-optional-warnings --no-fuzz --no-sanitize --no-time-trace --no-instrument --no-lto
+ /tmp/buster-bench-recipe-scripts-QObTOi/driver build --build-directory /tmp/buster-workspaces-G3s5J2/job-1-attempt-2/base/build --config Release -t ide -- -j1
+ /tmp/buster-bench-recipe-scripts-QObTOi/driver generate --build-directory /tmp/buster-workspaces-G3s5J2/job-1-attempt-2/candidate/staging --config Release --cc clang --no-include-tests --no-developer-targets --no-check-optional-warnings --no-fuzz --no-sanitize --no-time-trace --no-instrument --no-lto
+ /tmp/buster-bench-recipe-scripts-QObTOi/driver build --build-directory /tmp/buster-workspaces-G3s5J2/job-1-attempt-2/candidate/staging --config Release -t ide -- -j1
+ /tmp/buster-bench-recipe-scripts-QObTOi/throughput run --baseline /tmp/buster-workspaces-G3s5J2/job-1-attempt-2/base/build/Release/ide --candidate /tmp/buster-workspaces-G3s5J2/job-1-attempt-2/candidate/build/Release/ide --output /tmp/buster-workspaces-G3s5J2/job-1-attempt-2/candidate/staging/throughput-results --baseline-id aaaaaaaaaaaaaaaaaaaaaaaaaaaaaaaaaaaaaaaaaaaaaaaaaaaaaaaaaaaaaaaa --candidate-id bbbbbbbbbbbbbbbbbbbbbbbbbbbbbbbbbbbbbbbbbbbbbbbbbbbbbbbbbbbbbbbb --profile smoke --mode all --pairs 1 --warmups 1 --no-guard
BENCH_SERVICE_RECIPE_MATERIALIZED_SELF_TEST result=pass
SGID_SANDBOX_TEST recipe result=pass group=different-primary
BENCH_SERVICE_RECIPE_PINNED_WALK_TEST result=pass
+ /tmp/buster-bench-recipe-scripts-UA8Fhp/driver generate --build-directory /tmp/buster-bench-recipe-QpieIR/workspaces/job-1-attempt-2/base/build --config Release --cc clang --no-include-tests --no-developer-targets --no-check-optional-warnings --no-fuzz --no-sanitize --no-time-trace --no-instrument --no-lto
+ /tmp/buster-bench-recipe-scripts-UA8Fhp/driver build --build-directory /tmp/buster-bench-recipe-QpieIR/workspaces/job-1-attempt-2/base/build --config Release -t ide -- -j1
+ /tmp/buster-bench-recipe-scripts-UA8Fhp/driver generate --build-directory /tmp/buster-bench-recipe-QpieIR/workspaces/job-1-attempt-2/candidate/staging --config Release --cc clang --no-include-tests --no-developer-targets --no-check-optional-warnings --no-fuzz --no-sanitize --no-time-trace --no-instrument --no-lto
+ /tmp/buster-bench-recipe-scripts-UA8Fhp/driver build --build-directory /tmp/buster-bench-recipe-QpieIR/workspaces/job-1-attempt-2/candidate/staging --config Release -t ide -- -j1
+ /tmp/buster-bench-recipe-scripts-UA8Fhp/throughput run --baseline /tmp/buster-bench-recipe-QpieIR/workspaces/job-1-attempt-2/base/build/Release/ide --candidate /tmp/buster-bench-recipe-QpieIR/workspaces/job-1-attempt-2/candidate/build/Release/ide --output /tmp/buster-bench-recipe-QpieIR/workspaces/job-1-attempt-2/candidate/staging/throughput-results --baseline-id 1111111111111111111111111111111111111111 --candidate-id 2222222222222222222222222222222222222222 --profile smoke --mode all --pairs 1 --warmups 1 --no-guard
+ /tmp/buster-bench-recipe-scripts-UA8Fhp/driver generate --build-directory /tmp/buster-bench-recipe-QkADCs/workspaces/job-1-attempt-2/base/build --config Release --cc clang --no-include-tests --no-developer-targets --no-check-optional-warnings --no-fuzz --no-sanitize --no-time-trace --no-instrument --no-lto
+ /tmp/buster-bench-recipe-scripts-UA8Fhp/driver build --build-directory /tmp/buster-bench-recipe-QkADCs/workspaces/job-1-attempt-2/base/build --config Release -t ide -- -j1
+ /tmp/buster-bench-recipe-scripts-UA8Fhp/driver generate --build-directory /tmp/buster-bench-recipe-QkADCs/workspaces/job-1-attempt-2/candidate/staging --config Release --cc clang --no-include-tests --no-developer-targets --no-check-optional-warnings --no-fuzz --no-sanitize --no-time-trace --no-instrument --no-lto
+ /tmp/buster-bench-recipe-scripts-UA8Fhp/driver build --build-directory /tmp/buster-bench-recipe-QkADCs/workspaces/job-1-attempt-2/candidate/staging --config Release -t ide -- -j1
+ /tmp/buster-bench-recipe-scripts-UA8Fhp/driver generate --build-directory /tmp/buster-bench-recipe-1C6yME/workspaces/job-1-attempt-2/base/build --config Release --cc clang --no-include-tests --no-developer-targets --no-check-optional-warnings --no-fuzz --no-sanitize --no-time-trace --no-instrument --no-lto
+ /tmp/buster-bench-recipe-scripts-UA8Fhp/driver build --build-directory /tmp/buster-bench-recipe-1C6yME/workspaces/job-1-attempt-2/base/build --config Release -t ide -- -j1
error: base-build post-stage check failed: frozen-receipt
+ /tmp/buster-bench-recipe-scripts-UA8Fhp/driver generate --build-directory /tmp/buster-bench-recipe-BYvFtv/workspaces/job-1-attempt-2/base/build --config Release --cc clang --no-include-tests --no-developer-targets --no-check-optional-warnings --no-fuzz --no-sanitize --no-time-trace --no-instrument --no-lto
+ /tmp/buster-bench-recipe-scripts-UA8Fhp/driver build --build-directory /tmp/buster-bench-recipe-BYvFtv/workspaces/job-1-attempt-2/base/build --config Release -t ide -- -j1
+ /tmp/buster-bench-recipe-scripts-UA8Fhp/driver generate --build-directory /tmp/buster-bench-recipe-BYvFtv/workspaces/job-1-attempt-2/candidate/staging --config Release --cc clang --no-include-tests --no-developer-targets --no-check-optional-warnings --no-fuzz --no-sanitize --no-time-trace --no-instrument --no-lto
+ /tmp/buster-bench-recipe-scripts-UA8Fhp/driver build --build-directory /tmp/buster-bench-recipe-BYvFtv/workspaces/job-1-attempt-2/candidate/staging --config Release -t ide -- -j1
error: candidate-build post-stage check failed: frozen-receipt
+ /tmp/buster-bench-recipe-scripts-UA8Fhp/driver generate --build-directory /tmp/buster-bench-recipe-mupTC3/workspaces/job-1-attempt-2/base/build --config Release --cc clang --no-include-tests --no-developer-targets --no-check-optional-warnings --no-fuzz --no-sanitize --no-time-trace --no-instrument --no-lto
+ /tmp/buster-bench-recipe-scripts-UA8Fhp/driver build --build-directory /tmp/buster-bench-recipe-mupTC3/workspaces/job-1-attempt-2/base/build --config Release -t ide -- -j1
error: base-build post-stage check failed: frozen-receipt
+ /tmp/buster-bench-recipe-scripts-UA8Fhp/driver generate --build-directory /tmp/buster-bench-recipe-89X6ea/workspaces/job-1-attempt-2/base/build --config Release --cc clang --no-include-tests --no-developer-targets --no-check-optional-warnings --no-fuzz --no-sanitize --no-time-trace --no-instrument --no-lto
+ /tmp/buster-bench-recipe-scripts-UA8Fhp/driver build --build-directory /tmp/buster-bench-recipe-89X6ea/workspaces/job-1-attempt-2/base/build --config Release -t ide -- -j1
error: base-build post-stage check failed: frozen-receipt
+ /tmp/buster-bench-recipe-scripts-UA8Fhp/driver generate --build-directory /tmp/buster-bench-recipe-Y0bY9z/workspaces/job-1-attempt-2/base/build --config Release --cc clang --no-include-tests --no-developer-targets --no-check-optional-warnings --no-fuzz --no-sanitize --no-time-trace --no-instrument --no-lto
+ /tmp/buster-bench-recipe-scripts-UA8Fhp/driver build --build-directory /tmp/buster-bench-recipe-Y0bY9z/workspaces/job-1-attempt-2/base/build --config Release -t ide -- -j1
+ /tmp/buster-bench-recipe-scripts-UA8Fhp/driver generate --build-directory /tmp/buster-bench-recipe-Y0bY9z/workspaces/job-1-attempt-2/candidate/staging --config Release --cc clang --no-include-tests --no-developer-targets --no-check-optional-warnings --no-fuzz --no-sanitize --no-time-trace --no-instrument --no-lto
+ /tmp/buster-bench-recipe-scripts-UA8Fhp/driver build --build-directory /tmp/buster-bench-recipe-Y0bY9z/workspaces/job-1-attempt-2/candidate/staging --config Release -t ide -- -j1
+ /tmp/buster-bench-recipe-scripts-UA8Fhp/throughput run --baseline /tmp/buster-bench-recipe-Y0bY9z/workspaces/job-1-attempt-2/base/build/Release/ide --candidate /tmp/buster-bench-recipe-Y0bY9z/workspaces/job-1-attempt-2/candidate/build/Release/ide --output /tmp/buster-bench-recipe-Y0bY9z/workspaces/job-1-attempt-2/candidate/staging/throughput-results --baseline-id 1111111111111111111111111111111111111111 --candidate-id 2222222222222222222222222222222222222222 --profile smoke --mode all --pairs 1 --warmups 1 --no-guard
/tmp/buster-bench-recipe-scripts-UA8Fhp/throughput: line 14: /tmp/buster-bench-recipe-Y0bY9z/workspaces/job-1-attempt-2/candidate/build/Release/ide: Permission denied
+ /tmp/buster-bench-recipe-scripts-UA8Fhp/driver generate --build-directory /tmp/buster-bench-recipe-7NwGkM/workspaces/job-1-attempt-2/base/build --config Release --cc clang --no-include-tests --no-developer-targets --no-check-optional-warnings --no-fuzz --no-sanitize --no-time-trace --no-instrument --no-lto
+ /tmp/buster-bench-recipe-scripts-UA8Fhp/driver build --build-directory /tmp/buster-bench-recipe-7NwGkM/workspaces/job-1-attempt-2/base/build --config Release -t ide -- -j1
+ /tmp/buster-bench-recipe-scripts-UA8Fhp/driver generate --build-directory /tmp/buster-bench-recipe-7NwGkM/workspaces/job-1-attempt-2/candidate/staging --config Release --cc clang --no-include-tests --no-developer-targets --no-check-optional-warnings --no-fuzz --no-sanitize --no-time-trace --no-instrument --no-lto
+ /tmp/buster-bench-recipe-scripts-UA8Fhp/driver build --build-directory /tmp/buster-bench-recipe-7NwGkM/workspaces/job-1-attempt-2/candidate/staging --config Release -t ide -- -j1
+ /tmp/buster-bench-recipe-scripts-UA8Fhp/throughput run --baseline /tmp/buster-bench-recipe-7NwGkM/workspaces/job-1-attempt-2/base/build/Release/ide --candidate /tmp/buster-bench-recipe-7NwGkM/workspaces/job-1-attempt-2/candidate/build/Release/ide --output /tmp/buster-bench-recipe-7NwGkM/workspaces/job-1-attempt-2/candidate/staging/throughput-results --baseline-id 1111111111111111111111111111111111111111 --candidate-id 2222222222222222222222222222222222222222 --profile smoke --mode all --pairs 1 --warmups 1 --no-guard
/tmp/buster-bench-recipe-scripts-UA8Fhp/throughput: line 13: /tmp/buster-bench-recipe-7NwGkM/workspaces/job-1-attempt-2/base/build/Release/ide: Permission denied
error: fixed recipe could not establish its durable running manifest
error: invalid fixed validate-buster-v1 recipe identity or path
+ /tmp/buster-bench-recipe-scripts-UA8Fhp/driver generate --build-directory /tmp/buster-bench-recipe-qPufOJ/workspaces/job-1-attempt-2/base/build --config Release --cc clang --no-include-tests --no-developer-targets --no-check-optional-warnings --no-fuzz --no-sanitize --no-time-trace --no-instrument --no-lto
+ /tmp/buster-bench-recipe-scripts-UA8Fhp/driver build --build-directory /tmp/buster-bench-recipe-qPufOJ/workspaces/job-1-attempt-2/base/build --config Release -t ide -- -j1
+ /tmp/buster-bench-recipe-scripts-UA8Fhp/driver generate --build-directory /tmp/buster-bench-recipe-qPufOJ/workspaces/job-1-attempt-2/candidate/staging --config Release --cc clang --no-include-tests --no-developer-targets --no-check-optional-warnings --no-fuzz --no-sanitize --no-time-trace --no-instrument --no-lto
+ /tmp/buster-bench-recipe-scripts-UA8Fhp/driver build --build-directory /tmp/buster-bench-recipe-qPufOJ/workspaces/job-1-attempt-2/candidate/staging --config Release -t ide -- -j1
+ /tmp/buster-bench-recipe-scripts-UA8Fhp/throughput run --baseline /tmp/buster-bench-recipe-qPufOJ/workspaces/job-1-attempt-2/base/build/Release/ide --candidate /tmp/buster-bench-recipe-qPufOJ/workspaces/job-1-attempt-2/candidate/build/Release/ide --output /tmp/buster-bench-recipe-qPufOJ/workspaces/job-1-attempt-2/candidate/staging/throughput-results --baseline-id 1111111111111111111111111111111111111111 --candidate-id 2222222222222222222222222222222222222222 --profile smoke --mode all --pairs 1 --warmups 1 --no-guard
error: throughput post-stage check failed: bundle-index
+ /tmp/buster-bench-recipe-scripts-UA8Fhp/driver generate --build-directory /tmp/buster-bench-recipe-6Twbzm/workspaces/job-1-attempt-2/base/build --config Release --cc clang --no-include-tests --no-developer-targets --no-check-optional-warnings --no-fuzz --no-sanitize --no-time-trace --no-instrument --no-lto
+ /tmp/buster-bench-recipe-scripts-UA8Fhp/driver build --build-directory /tmp/buster-bench-recipe-6Twbzm/workspaces/job-1-attempt-2/base/build --config Release -t ide -- -j1
+ /tmp/buster-bench-recipe-scripts-UA8Fhp/driver generate --build-directory /tmp/buster-bench-recipe-6Twbzm/workspaces/job-1-attempt-2/candidate/staging --config Release --cc clang --no-include-tests --no-developer-targets --no-check-optional-warnings --no-fuzz --no-sanitize --no-time-trace --no-instrument --no-lto
+ /tmp/buster-bench-recipe-scripts-UA8Fhp/driver build --build-directory /tmp/buster-bench-recipe-6Twbzm/workspaces/job-1-attempt-2/candidate/staging --config Release -t ide -- -j1
+ /tmp/buster-bench-recipe-scripts-UA8Fhp/throughput run --baseline /tmp/buster-bench-recipe-6Twbzm/workspaces/job-1-attempt-2/base/build/Release/ide --candidate /tmp/buster-bench-recipe-6Twbzm/workspaces/job-1-attempt-2/candidate/build/Release/ide --output /tmp/buster-bench-recipe-6Twbzm/workspaces/job-1-attempt-2/candidate/staging/throughput-results --baseline-id 1111111111111111111111111111111111111111 --candidate-id 2222222222222222222222222222222222222222 --profile smoke --mode all --pairs 1 --warmups 1 --no-guard
error: throughput post-stage check failed: promote-throughput
error: fixed recipe could not establish its durable running manifest
+ /tmp/buster-bench-recipe-scripts-UA8Fhp/driver generate --build-directory /tmp/buster-bench-recipe-5QraFB/workspaces/job-1-attempt-2/base/build --config Release --cc clang --no-include-tests --no-developer-targets --no-check-optional-warnings --no-fuzz --no-sanitize --no-time-trace --no-instrument --no-lto
+ /tmp/buster-bench-recipe-scripts-UA8Fhp/driver build --build-directory /tmp/buster-bench-recipe-5QraFB/workspaces/job-1-attempt-2/base/build --config Release -t ide -- -j1
+ /tmp/buster-bench-recipe-scripts-UA8Fhp/driver generate --build-directory /tmp/buster-bench-recipe-5QraFB/workspaces/job-1-attempt-2/candidate/staging --config Release --cc clang --no-include-tests --no-developer-targets --no-check-optional-warnings --no-fuzz --no-sanitize --no-time-trace --no-instrument --no-lto
+ /tmp/buster-bench-recipe-scripts-UA8Fhp/driver build --build-directory /tmp/buster-bench-recipe-5QraFB/workspaces/job-1-attempt-2/candidate/staging --config Release -t ide -- -j1
+ /tmp/buster-bench-recipe-scripts-UA8Fhp/throughput run --baseline /tmp/buster-bench-recipe-5QraFB/workspaces/job-1-attempt-2/base/build/Release/ide --candidate /tmp/buster-bench-recipe-5QraFB/workspaces/job-1-attempt-2/candidate/build/Release/ide --output /tmp/buster-bench-recipe-5QraFB/workspaces/job-1-attempt-2/candidate/staging/throughput-results --baseline-id 1111111111111111111111111111111111111111 --candidate-id 2222222222222222222222222222222222222222 --profile smoke --mode all --pairs 1 --warmups 1 --no-guard
+ /tmp/buster-bench-recipe-scripts-UA8Fhp/driver generate --build-directory /tmp/buster-bench-recipe-jfwuZq/workspaces/job-1-attempt-2/base/build --config Release --cc clang --no-include-tests --no-developer-targets --no-check-optional-warnings --no-fuzz --no-sanitize --no-time-trace --no-instrument --no-lto
+ /tmp/buster-bench-recipe-scripts-UA8Fhp/driver build --build-directory /tmp/buster-bench-recipe-jfwuZq/workspaces/job-1-attempt-2/base/build --config Release -t ide -- -j1
+ /tmp/buster-bench-recipe-scripts-UA8Fhp/driver generate --build-directory /tmp/buster-bench-recipe-jfwuZq/workspaces/job-1-attempt-2/candidate/staging --config Release --cc clang --no-include-tests --no-developer-targets --no-check-optional-warnings --no-fuzz --no-sanitize --no-time-trace --no-instrument --no-lto
+ /tmp/buster-bench-recipe-scripts-UA8Fhp/driver build --build-directory /tmp/buster-bench-recipe-jfwuZq/workspaces/job-1-attempt-2/candidate/staging --config Release -t ide -- -j1
+ /tmp/buster-bench-recipe-scripts-UA8Fhp/throughput run --baseline /tmp/buster-bench-recipe-jfwuZq/workspaces/job-1-attempt-2/base/build/Release/ide --candidate /tmp/buster-bench-recipe-jfwuZq/workspaces/job-1-attempt-2/candidate/build/Release/ide --output /tmp/buster-bench-recipe-jfwuZq/workspaces/job-1-attempt-2/candidate/staging/throughput-results --baseline-id 1111111111111111111111111111111111111111 --candidate-id 2222222222222222222222222222222222222222 --profile smoke --mode all --pairs 1 --warmups 1 --no-guard
BENCH_SERVICE_RECIPE_SELF_TEST cases=19 result=pass
+ zen5 stage zen5-immutable-generate
+ zen5 stage zen5-immutable-build
+ zen5 stage zen5-same-root-A-generate
+ zen5 stage zen5-same-root-A-build
+ zen5 stage zen5-same-root-B-generate
+ zen5 stage zen5-same-root-B-build
+ zen5 stage zen5-cross-root-A-generate
+ zen5 stage zen5-cross-root-A-build
+ zen5 stage zen5-cross-root-B-generate
+ zen5 stage zen5-cross-root-B-build
+ zen5 stage zen5-oracle
+ zen5 stage zen5-pmu
+ zen5 stage zen5-captures
BENCH_SERVICE_ZEN5_RECIPE_SELF_TEST cases=1 result=pass
BENCH_SERVICE_ZEN5_EXPORT result=pass
BENCH_SERVICE_ZEN5_SERVED_BINDING result=pass manifest-sha256=9bd4bfc4c441c3583509b41bcc7c34bb7b2170e7bd296a6463ca3282921aaa0a profile-sha256=3386834d15d3b8360e20cf6f5308619daaad9b5d06cdecbd079336c24a2c4804
BENCH_SERVICE_SELF_TEST assertions=30890 failures=0 storage=posix-real-journal executor=fake-plus-supervisor-fixed-recipe-handoff
