# callgrind format
version: 1
creator: callgrind-3.26.0
pid: 2541
cmd:  ./build/lab/ir_layout_lab_baseline --repeat=1 -Isrc -DBUSTER_UNITY_BUILD=1 -DBUSTER_INCLUDE_TESTS=0 src/buster/lib/compiler/object/object.c
part: 1


desc: I1 cache: 32768 B, 64 B, 8-way associative
desc: D1 cache: 32768 B, 64 B, 8-way associative
desc: LL cache: 2097152 B, 64 B, 16-way associative

desc: Timerange: Basic block 0 - 205103321
desc: Trigger: Program termination

positions: line
events: Ir Dr Dw I1mr D1mr D1mw ILmr DLmr DLmw
summary: 123033112 39143223 21667589 289 2692003 858185 289 2423020 564572


ob=(2) /usr/lib/x86_64-linux-gnu/libc.so.6
fl=(214) ./string/../sysdeps/x86_64/multiarch/memset-vec-unaligned-erms.S
fn=(788) __memset_avx2_unaligned_erms
198 2858
+1 5716
+5 2858
+1 2858
+1 2770
+1 2770
+1 2770
+2 160 0 160 0 0 6 0 0 2
+1 160 0 160
+1 320 160
+9 392 0 392
+1 392 0 392 0 0 6 0 0 1
+2 784 392
+5 2610 2610 0 0 486 0 0 2
+1 2610
+6 2271 0 2271 0 0 811 0 0 759
+1 2271 0 2271 0 0 350 0 0 350
+12 2271
+3 2271
+1 2271
+12 1879 0 1879 0 0 465 0 0 410
+1 1879 0 1879 0 0 350 0 0 350
+13 1879
+1 1879
+2 1879
+3 1174
+3 1174
+3 1174 0 1174 0 0 59 0 0 59
+1 1174 0 1174 0 0 343 0 0 290
+1 1174 0 1174 0 0 230 0 0 230
+1 1174 0 1174 0 0 353 0 0 290
+1 1174
+1 1174
+1 1174
-6 4140 0 4140 0 0 969 0 0 884
+1 4140 0 4140 0 0 1716 0 0 1142
+1 4140 0 4140 0 0 978 0 0 884
+1 4140 0 4140 0 0 1761 0 0 1142
+1 4140
+1 4140
+1 5314
+3 1174 0 1174 0 0 67 0 0 59
+1 1174 0 1174 0 0 113 0 0 73
+1 1174 0 1174 0 0 128 0 0 59
+1 1174 0 1174 0 0 366 0 0 243
+3 2348 1174
-6 705 0 705
+1 705 0 705 0 0 4
+1 705 0 705 0 0 147 0 0 132
+1 705 0 705 0 0 114 0 0 110
+3 1410 705
+15 339 339 0 0 261 0 0 2
+1 339
+1 339
+1 339
+1 339
+1 3192947 0 3192608 0 0 45017 0 0 32741
+5 339
+2 678 339 0 0 12
+8 88
+9 88
+1 88
+31 88 0 88 0 0 4
+1 88 0 88
+1 88 88

fl=(167) ./csu/../sysdeps/nptl/libc_start_call_main.h
fn=(584) (below main)
cob=(6) /home/runner/work/buster/buster/build/lab/ir_layout_lab_baseline
cfi=(171) src/buster/lib/entry_point.c
cfn=(592) main
calls=1 365 
59 123033112 39143223 21667589 289 2692003 858185 289 2423020 564572

fl=(174) ./string/../sysdeps/x86_64/multiarch/memmove-vec-unaligned-erms.S
fn=(606) __memcpy_avx_unaligned_erms
255 200529
+1 200529
+6 200529
+1 200529
+2 2010 2010 0 0 341 0 0 187
+1 2010
+1 2010
+3 545 545 0 0 56 0 0 56
+1 545 0 545 0 0 313 0 0 310
+1 545 0 545 0 0 75 0 0 75
+3 1090 545
+30 198519
+1 198519
+2 192809
+1 192809
+2 124979
+4 124979
+1 25575
+1 25575
+8 25575 25575
+6 99404 99404 0 0 7452 0 0 6894
+1 99404 99404
+1 99404 0 99404 0 0 6677 0 0 6667
+1 99404 0 99404
+1 99404 99404
+7 5710 5710 0 0 1460 0 0 1445
+1 5710 5710 0 0 191 0 0 190
+1 5710 0 5710 0 0 1446 0 0 1423
+1 5710 0 5710 0 0 175 0 0 169
+2 5710 5710
+17 67830 67830 0 0 9051 0 0 8833
+1 67830 67830 0 0 1 0 0 1
+1 67830 0 67830 0 0 9065 0 0 9045
+1 67830 0 67830 0 0 213 0 0 212
+1 67830 67830
+7 58 58 0 0 5 0 0 5
+1 58 58
+1 58 0 58 0 0 38 0 0 38
+1 58 0 58 0 0 28 0 0 28
+1 58 0 58 0 0 44 0 0 44
+1 58 0 58
+1 116 58
+5 1465 1465 0 1 112 0 1 3
+1 1465
+5 1343
+1 1343
+2 295 295 0 0 38 0 0 26
+1 295
+1 295
+2 237 237 0 0 5 0 0 1
+1 237 237 0 0 14 0 0 4
+1 237 237 0 0 5 0 0 5
+1 237 237 0 0 4
+1 237 237 0 0 2
+1 237 237 0 1 0 0 1
+1 237 0 237 0 0 13 0 0 13
+1 237 0 237 0 0 10 0 0 10
+1 237 0 237 0 0 9 0 0 9
+1 237 0 237 0 0 10 0 0 10
+1 237 0 237 0 0 19 0 0 19
+1 237 0 237 0 0 6 0 0 6
+1 237 0 237 0 0 2 0 0 2
+1 237 0 237
+1 474 237
+4 1048
+1 1048
+4 1048
+2 1048 0 0 1 0 0 1
+4 1048 1048 0 0 34 0 0 3
+1 1048
+11 1048
+3 1048
+2 1048
+2 1048
+4 1048
+1 1048
+9 1048 1048 0 0 70
+1 1048 1048 0 0 44
+2 1048
+2 1048
+1 1048 1048 0 1 36 0 1
+1 1048 1048 0 0 44
+3 1048
+2 1048
+2 1048
+2 2096
+6 1048 1048 0 0 26
+1 1048 1048 0 0 44
+1 1048 1048 0 0 38
+1 1048 1048 0 0 44
+1 1048
+1 1048 0 1048 0 0 401 0 0 401
+1 1048 0 1048 0 0 270 0 0 270
+1 1048 0 1048 1 0 333 1 0 333
+1 1048 0 1048 0 0 270 0 0 270
+1 1048
+1 1048
+1 1048
-11 15600 15600 0 0 976
+1 15600 15600 0 0 1120
+1 15600 15600 0 0 943
+1 15600 15600 0 0 1093
+1 15600
+1 15600 0 15600 0 0 6662 0 0 6662
+1 15600 0 15600 0 0 5436 0 0 5436
+1 15600 0 15600 0 0 6662 0 0 6662
+1 15600 0 15600 0 0 5436 0 0 5436
+1 15600
+1 15600
+1 15600
+2 1048 0 1048 0 0 603 0 0 603
+1 1048 0 1048 0 0 333 0 0 333
+1 1048 0 1048
+1 1048 0 1048
+2 1048 0 1048 0 0 2 0 0 2
+4 2096 1048
+58 122 122 0 1 59 0 1
+7 122
+1 122
+6 6
+3 6
+2 6
+3 6
+1 6
+2 6
+2 622326 622320 622320 0 9722 9726 0 0 8191
+2 6 0 6 0 0 6 0 0 1
+2 6 0 6 0 0 2
+2 12 6 0 0 6
+5 122 0 0 1 0 0 1
+1 122
+4 122
+2 122
+3 122
+4 122 122 0 0 62
+1 122
+4 122 122
+4 122
+24 116
+2 116
+2 116
+2 116 0 0 1 0 0 1
+3 116
+1 116
+2 4633492 4633376 4633376 0 67987 70294 0 0 64768
+3 116 0 116 0 0 110
+2 116 0 116 0 0 26
+2 232 116 0 0 102

fl=(189) ./misc/../sysdeps/unix/sysv/linux/getpagesize.c
fn=(660) getpagesize
27 162
+1 648 324 0 0 302 0 0 3
+2 162 162

fl=(165) ./csu/../csu/libc-start.c
fn=(564) __libc_start_main@@GLIBC_2.34
cfi=(167)
cfn=(584)
calls=1 30 
360 123033112 39143223 21667589 289 2692003 858185 289 2423020 564572

fl=(188) ./misc/../sysdeps/unix/syscall-template.S
fn=(654) mprotect
117 810
+5 162 162

ob=(1) /usr/lib/x86_64-linux-gnu/ld-linux-x86-64.so.2
fl=(1) ???
fn=(0) 0x0000000000023cc0
cob=(6)
cfi=(164) ???
cfn=(562) (below main)
calls=1 0 
0 123033112 39143223 21667589 289 2692003 858185 289 2423020 564572

ob=(6)
fl=(230) src/buster/lib/compiler/ir/ir_cfg.c
fn=(2508) ir_function_invalidate_cfg
13 547320 0 478905 1 0 91 1
+1 136830
-14 68415 68415
14 205245 68415
+50 547320 478905 0 1 0 0 1

fl=(228) src/buster/lib/compiler/ir/ir.c
fn=(3054) ir_function_add_instruction
4874 752565 0 410490 1 0 1 1
+1 136830 0 68415 1 0 1 1
cfi=(230)
cfn=(2508)
calls=69943 13 
* 1505130 615735 478905 2 0 91 2
+2 478905
+6 273660 136830
+27 67485 67485
-27 67485
0 930
4887 2790 0 0 1 0 0 1
fi=(191) src/buster/lib/arena.h
237 5580 1860
fi=(192) src/buster/lib/integer.h
30 930
+1 930
-22 1860
fi=(191)
240 1860
fe=(228)
4888 1860
fi=(191)
241 1860 0 0 1 0 0 1
+1 930
+1 2790 930 930
+4 930
+1 930 0 930
fe=(228)
4889 2790 930
0 689
4891 2756 689 689
cob=(2)
cfi=(174)
cfn=(606)
calls=689 255 
* 4846189 4722756 4720593 6 68840 99400 6 1 99287
* 689 689
0 689
fi=(191)
237 5339 1619 0 1 96 0 1 1
fi=(192)
30 930
+1 930
-22 1860
fi=(191)
240 1860
0 1860 0 1860 1 0 96 1
fe=(228)
4894 1860
fi=(191)
241 1860
+1 930
+1 1860 930
+4 930
+1 930 0 930
fe=(228)
4895 3720 0 930
cob=(2)
cfi=(214)
cfn=(788)
calls=930 198 
* 2023659 2031 1997616 0 234 38535 0 0 38535
* 930 930 0 0 96 0 0 1
+2 2790 930 0 1 96 0 1 1
+2 3445 689 689 0 96 0 0 1
cob=(2)
cfi=(174)
cfn=(606)
calls=689 255 
* 661925 610628 608753 0 13710 7091
* 689 689 0 0 12
+3 930 0 930 0 0 12
+2 1860 930 930 0 26 96 0 0 1
+1 930 0 930 0 0 12
+3 2790 2790 0 1 0 0 1
0 930
4908 1860 0 930
+2 10230 3720 3720 1 192 947 1 2 930
+1 5580 1860 930 0 0 97 0 0 1
0 67485
4908 134970 0 67485
+2 742335 269940 269940 0 0 66914 0 0 66874
+1 404910 134970 67485
+2 1752 0 1752 0 0 116
+2 205245 68415
+2 205245 0 136830 0 0 6493
+7 547320 478905 0 1 0 0 1
fi=(191)
245 237 0 79 1 0 0 1
cfi=(185) src/buster/lib/arena.c
cfn=(774) arena_allocate_commit
calls=79 -56 
* 6557 1422 1422 0 234 158 0 3 2
0 158 79
245 66 0 22
cfi=(185)
cfn=(774)
calls=22 -56 
* 1826 396 396 0 66 61
0 22
fe=(228)

fl=(164)
fn=(562)
cob=(2)
cfi=(165)
cfn=(564)
calls=1 242 
0 123033112 39143223 21667589 289 2692003 858185 289 2423020 564572

fl=(208) /home/runner/work/buster/buster/docs/performance-audits/evidence/2026-10-04T105803Z/ir_layout_lab.c
fn=(3364) lab_kernel_census_c
588 732 0 3
+2 241 0 0 1 0 0 1
+2 482 241 0 0 241 0 0 42
+1 241
0 241 241 0 0 241 0 0 241
593 1446
0 241
595 3374 964 0 1 460 0 1 460
-2 964 0 0 1 0 0 1
+2 474726 135636 0 0 33909 0 0 33909
-2 136118
+2 920 230 0 0 48 0 0 48
0 118 3 0 0 2
598 1 1

fn=(3376) lab_kernel_defs_a
747 20 0 10
0 3 0 0 1 0 0 1
747 723
+2 241
+3 482 241 0 0 241 0 0 241
+1 241
0 1205 723 0 0 390 0 0 390
753 205245
+2 136830 0 0 1 0 0 1
0 136830 68415 0 0 68415 0 0 68415
756 68415
0 85680 42840
756 85680
0 24851
759 85680
-1 77961 51974 0 0 7591 0 0 7437
+1 51974
+2 24858
+1 99432 49716 0 0 150
0 24858
756 131026 0 0 1 0 0 1
+2 59070 39380 0 1 6639 0 1 6483
+1 39380
+2 18491
+1 73964 36982 0 0 58
-4 55473 36982 0 0 4118 0 0 4051
+1 36982
-1 3597 2398 0 0 499 0 0 484
+1 2398
+2 18764
+1 75056 37528 0 0 52
0 18767 0 0 1 0 0 1
747 723
+2 241
+3 482 241 0 0 241 0 0 241
0 1446 723 0 1 390 0 1 390
753 205245
+2 136830
0 290925 111255 0 0 68415 0 0 68415
756 85680
0 24851
759 85680
-1 77961 51974 0 0 7591 0 0 7437
+1 51974
+2 24858
+1 99432 49716 0 0 150
0 24858
756 131026 0 0 1 0 0 1
+2 59070 39380 0 1 6639 0 1 6484
+1 39380
+2 18491
+1 73964 36982 0 0 58
-4 55473 36982 0 0 4118 0 0 4051
+1 36982 0 0 1 0 0 1
-1 3597 2398 0 0 499 0 0 484
+1 2398
+2 18764
+1 75056 37528 0 0 52
0 18774 10 0 0 4 0 0 4
767 2 2

fn=(3390) lab_kernel_chain_d
941 3 1 0 1 0 0 1
0 3
941 1205 241 0 0 25
+2 482 241
+2 723 241 0 1 134 0 1 121
0 964 241 0 0 241 0 0 237
945 39748
+2 9937 9937 0 0 150 0 0 148
0 9937 9937 0 0 754 0 0 732
948 19874
0 9937
950 19874 0 9937 1 0 1226 1 0 34
+1 9937
+1 49685 9937 0 0 333 0 0 321
0 9937 9937 0 0 9937 0 0 9937
948 19874
+2 116956 0 58478 0 0 2013 0 0 52
+1 58478
+1 292390 58478 0 0 47 0 0 41
0 58478 58478 0 0 58478 0 0 58478
948 116956
-3 19874 9937
+11 1 1 0 0 1 0 0 1

fn=(3406) lab_kernel_compact_b
1268 7 0 6
+2 2 1
0 5 0 1 1 0 0 1
1312 241
0 241 241 0 0 16
1270 241
0 241 241
1270 723 241 0 0 62
+2 723 241
+1 241 0 241 1 0 0 1
+1 1205 0 482 0 0 16
cfn=(3404) lab_compact_maps
calls=241 -86 
* 3546237 900068 457138 0 85586 9715 0 83405 674
+2 723 241
0 723
1283 121209
+16 121209 80806
0 80806
1299 161612
-23 202015 40403
0 47440
1299 94880
-23 135768 23720
+2 205245 136830 0 1 867 0 1
+2 448861 256492 64123 1 13474 0 1 13441
+2 128246 64123 0 0 90 0 0 90
-2 128246 128246 0 0 3817 0 0 3809
0 64123 0 64123
1280 64123 64123
0 64123 0 64123
1280 64123
+3 64123
0 64123
1290 249455
0 70798 0 0 1 0 0 1
1290 91176
0 16864
1292 202368 134912 33728 1 2605 2013 1 2170 346
-2 50592
+2 20412 13608 3402 0 207 228 0 184 41
-2 85909
+2 148050 98700 24675 0 2685 1428 0 1960 244
+3 343011 164551 0 1 2565 0 1
0 13909
1296 13909 13909
+1 13909 13909
-1 13909 13909 0 0 696
+1 27818
+1 41727
-1 111272 27818 83454 0 0 3165 0 0 553
+1 83454 55636 27818 0 7191 6324 0 7173 1148
-8 13909
+9 13909
-3 50214 50214
+1 50214 50214 0 0 36
-1 50214 50214 0 1 2585 0 1
+1 100428
+1 150642
-1 401712 100428 301284 0 0 11503 0 0 2057
+1 301284 200856 100428 1 26929 22857 1 26909 4045
-8 50214
+9 50214
0 23720
1299 23720
+3 241 241
+10 241 241
-10 482
0 723 0 0 1 0 0 1
1308 217148 217148 0 0 7422 0 0 4369
0 108574 108574 0 0 11186 0 0 32
1309 271435 54287 162861 0 0 11590 0 0 1529
-7 325722 54287
0 4478 4478 0 0 503 0 0 28
1309 11195 2239 6717 0 0 356 0 0 103
-7 14529 2239
+2 113490 113490 0 1 2326 0 1
+1 113490
+2 282630 169578 0 0 147
+1 56526
0 2239
1308 2239
+6 9 7 0 1 1 0 1 1

fn=(3408) lab_kernel_compact_c
1318 7 0 6
+2 2 1
0 5 0 1 1 0 0 1
1371 241
0 241 241 0 0 16
1320 241
0 241 241 0 0 16
1320 723 241 0 0 60
+2 723 241
+1 241 0 241 1 0 0 1
+1 1205 0 482 0 0 49
cfn=(3404)
calls=241 1188 
* 3546237 900068 457138 0 85469 9723 0 83325 862
+3 723 241
0 1205 0 482 0 0 31
1356 54186 54186 0 1 3734 0 1
+1 921162 325116 541860 1 74 24562 1 0 4483
+1 162558
0 54186
1358 216744
0 54186 54186
1327 325116 54186
+30 168929 59622 99370 0 144 4509 0 0 767
+1 29811
0 9937
1358 39748
0 9937 9937
1327 76790 9937
+2 205245 136830 0 1 860 0 1
+2 1154214 705353 320615 1 34456 0 1 34422
+2 128246
+2 200956 76758 0 0 300
+1 91598 14840 0 0 121
0 29680
1350 29680
0 47078
1350 74196
-7 4048
0 4048 2024 2024 0 23 0 0 20
1343 6072 0 2024
0 47440 0 0 1 0 0 1
1350 47440
0 109276 27319
1355 58493
-12 14168 2024 0 1 0 0 1
0 2024
1345 24288 16192 4048 1 427 295 1 400 26
-2 6072
+2 20412 13608 3402 0 218 236 0 195 24
-2 9151
0 2272 1136
1345 7952 5680 1136 0 64 56 0 60 6
0 3408 2272
1347 1136
+1 3408 2272
0 2272 0 1136
1350 2272
0 2664 1776
1347 888
+1 2664 1776
0 1776 0 888
1350 1776
+2 404844 147216 73608 2 16049 12651 2 14790 2243
+1 36804
0 73608 36804
1355 174036 100428 0 1 2417 0 1
0 100428 50214
1357 100428 50214
-1 100428
0 27818 13909
1357 27818 13909
-1 27818
0 9937
1356 9937
+5 241 241
+10 241 241
-10 482
0 723 0 0 1 0 0 1
1367 217148 217148 0 0 7216 0 0 4369
0 108574 108574 0 0 10975 0 0 32
1368 271435 54287 162861 0 0 11521 0 0 1528
-7 325722 54287
0 4478 4478 0 0 496 0 0 28
1368 11195 2239 6717 0 0 354 0 0 103
-7 14529 2239
+2 113490 113490 0 1 2306 0 1
+1 113490
+2 282630 169578 0 0 138
+1 56526
0 2239
1367 2239
+6 9 7 0 1 1 0 1 1

fn=(746) entry_point
cfn=(3362) lab_kernel_census_b
calls=1 572 
1836 619845 137316 3 4 17826 0 4 17748
cfn=(3360) lab_kernel_census_a
calls=1 556 
1834 620088 137557 3 5 68929 0 5 68803
cfn=(3364)
calls=1 588 
1837 619845 137316 3 3 34901 0 3 34700
cfn=(3360)
calls=1 556 
1835 619847 137316 3 2 68808 0 2 68808
cfn=(3366) lab_kernel_census_d
calls=1 604 
1838 655400 139476 249 6 69155 0 6 69065
cfn=(3370) lab_kernel_uses_b
calls=1 658 
1847 2056570 262073 220239 9 23462 2287 9 22218 2
cfn=(3368) lab_kernel_uses_a
calls=1 636 
1846 1532203 324151 219998 7 75207 3806 7 73172 302
cfn=(3372) lab_kernel_uses_c
calls=1 687 
1848 1450211 247108 220239 7 37010 2843 7 35254
cfn=(3374) lab_kernel_uses_d
calls=1 719 
1849 1551291 327489 219998 8 75235 3918 8 73301 67
cfn=(3378) lab_kernel_defs_b
calls=1 773 
1858 2060183 393243 7 6 36901 0 6 36460
cfn=(3376)
calls=1 747 
1857 1644170 367185 5 5 88155 0 5 87504
cfn=(3380) lab_kernel_defs_c
calls=1 808 
1859 2066554 330037 7 6 50287 0 6 48896
cfn=(3382) lab_kernel_defs_d
calls=1 841 
1860 1945922 495003 490 6 94671 1 6 92254 1
cfn=(3378)
calls=1 773 
1869 2025276 393484 7 4 67472 0 4 66896
cfn=(3376)
calls=1 747 
1868 1644170 367185 5 4 88155 0 4 87503
cfn=(3380)
calls=1 808 
1870 2188700 364914 7 2 63513 0 2 62952
cfn=(3382)
calls=1 841 
1871 1945922 495003 490 3 94671 1 3 92254 1
cfn=(3388) lab_kernel_chain_c
calls=1 920 
1881 591593 99192 68415 2 35756 2852 2 34611
cfn=(3384) lab_kernel_chain_a
calls=1 878 
1879 591593 99192 68415 3 69587 3207 3 69562 365
cfn=(3390)
calls=1 941 
1882 865253 167607 68415 3 70100 3239 3 70016 86
cfn=(3386) lab_kernel_chain_next_array
calls=1 899 
1880 523178 99192 68415 2 5732 1875 2 5228 25
cfn=(3392) lab_kernel_span
calls=1 963 
1883 690305 236506 68417 3 10337 2048 3 10226 15
cfn=(3396) lab_kernel_validate_b
calls=1 1026 
1892 4882947 1631103 11632 9 81996 1 9 81627 1
cfn=(3394) lab_kernel_validate_a
calls=1 986 
1891 3577785 1132540 249 7 93841 0 7 93273
cfn=(3398) lab_kernel_validate_c
calls=1 1080 
1893 5150485 1214045 11632 11 71495 0 11 71304
cfn=(3400) lab_kernel_validate_d
calls=1 1131 
1894 3905951 1200955 249 7 94319 0 7 94042
cfn=(3406)
calls=1 1268 
1903 10216155 3411704 1394604 12 170996 69195 12 143571 10740
cfn=(3402) lab_kernel_compact_a
calls=1 1226 
1902 10413631 3444488 1563253 21 170905 83005 21 92081 11433
cfn=(3408)
calls=1 1318 
1904 10640933 3617807 1678039 15 165580 63987 15 137642 10042
cfn=(3410) lab_kernel_compact_d
calls=1 1377 
1905 10486700 3510082 1587455 13 184683 84055 13 156621 14791
cfn=(3412) lab_kernel_append_a
calls=1 1428 
1914 5071066 1595341 1043608 20 73308 85683 20 73049 85434
cfn=(3424) lab_kernel_append_b
calls=1 1462 
1916 3904219 1389695 910061 15 57064 72809 15 56181 72677
cfn=(3430) lab_kernel_append_c
calls=1 1500 
1917 3608463 1304189 1253841 16 51499 62355 16 50093 62222
cfn=(3412)
calls=1 1428 
1915 17275799 8338097 9679630 24 157222 224374 24 73057 209745
cfn=(3436) lab_kernel_append_d
calls=1 1536 
1918 5390859 1595632 1309506 19 73225 86644 19 73048 86623

fn=(3378)
773 24 0 14 1 0 0 1
0 3
773 723 241 0 0 24
+2 241
+5 482 241 0 0 241 0 0 241
+1 241
0 1687 1205 0 1 662 0 1 662
781 205245
+2 205245 68415 0 0 17131 0 0 17126
+1 136830 68415 0 0 18 0 0 18
-1 68415 0 0 1 0 0 1
+2 68415
+5 290925
0 24851
793 85680
-1 77961 51974 0 0 7216 0 0 7124
+1 51974
+4 174006 49716 0 0 11207 0 0 11026
0 24858
790 131026 0 0 1 0 0 1
+2 59070 39380 0 1 6574 0 1 6478
+1 39380
+4 129437 36982 0 0 10933 0 0 10864
-5 55473 36982 0 0 4468 0 0 4424
+1 36982
-1 3597 2398 0 0 512 0 0 504
+1 2398
+4 131348 37528 0 0 8485 0 0 8428
0 18767 0 0 1 0 0 1
773 723 241 0 0 15
+2 241 0 0 1 0 0 1
+5 482 241 0 0 241 0 0 241
0 1687 964 0 0 662 0 0 661
781 205245
+2 205245 68415 0 1 17300 0 1 17300
+1 136830 68415 0 0 18 0 0 18
-1 136830
+7 205245
0 85680
797 248452 62113
-7 196101
+2 196101 130734 0 1 18614 0 1 18239
+1 130734
+2 248452 62113 0 0 50
+1 62113
0 12 12 0 1 2 0 1 2
802 2 2

fn=(3398)
1080 14 0 8 1 0 0 1
0 241 241
1080 964 482
0 241 0 241 1 0 0 1
1082 241
+8 482 241 0 0 174 0 0 174
+1 241
0 14275 12106 1446 1 783 0 1 783
1091 29811
0 39748 19874 9937 1 754 0 1 754
1120 68415
0 68415 68415
1094 156704
+2 273660
+1 404418 68415 0 1 33052 0 1 32986
+2 199173 66391
-2 2024 2024 0 0 1 0 0 1
+1 2024 2024
-1 2024
+2 4048 2024
0 68415
1097 136830
+2 342075 68415 0 1 1245 0 1 1227
+1 10120 8096 0 0 41 0 0 37
+1 453330
0 85680
1103 85680 42840 0 0 278 0 0 273
-2 42840
+2 45054 22527 0 0 404 0 0 404
-2 218628
+4 410490 68415 0 1 0 0 1
0 39114 0 0 1 0 0 1
1107 39114
+1 312912 195570 0 0 15119 0 0 15101
0 39114
1109 117342 117342 0 1 34 0 1 34
+1 39114
0 156456 39114
1110 106290
+2 14031
-2 28062
+2 14031 14031 0 0 1080 0 0 1080
-2 14031
+5 273660 68415 0 1 0 0 1
+2 436048 218024 0 1 18529 0 1 18449
0 54506
1118 272530 109012
0 13909
1115 13909
0 6 6 0 0 1 0 0 1
1125 1 1

fn=(3368)
636 13 1 7 1 1 0 1 1
0 1
650 241
-14 964 241 0 0 27
0 241 0 241 1 0 0 1
638 482 241
+1 482 482 0 0 482 0 0 482
+1 241 241 0 0 30 0 0 30
+1 1205 241 241 0 0 33 0 0 1
cob=(2)
cfi=(214)
cfn=(788)
calls=241 198 
* 159367 472 154142 0 48 1673 0 2 300
* 241 241 0 0 28 0 0 1
-1 241 0 0 1 0 0 1
+2 241
0 482
642 205245
+2 136830
+1 136830 68415 0 0 68415 0 0 68415
0 128520
647 128520 85680 42840 0 3305 1541 0 3254 1
-2 171360 42840 0 1 0 0 1
+2 67581 45054 22527 0 996 559 0 986
-2 132948 22527
0 241
650 482 241 0 0 28
-24 2169 482 0 1 33 0 1
0 241
628 3856 964 0 1 1 0 1
-2 482
+2 221600 55400 0 0 1809
-2 28372
+2 570 190 0 0 3
-2 570 0 0 1 0 0 1
+2 573 191
-2 763
0 7 6 0 0 1 0 0 1
652 1 1

fn=(3386)
899 3 1
0 3
899 1205 241 0 0 5
+2 482 241
+2 723 241 0 1 241 0 1 173
0 964 241 0 0 241 0 0 225
903 39748
+2 9937 9937 0 0 90 0 0 65
0 9937 9937 0 0 754 0 0 366
906 19874
0 9937
908 19874 0 9937 0 0 702 0 0 11
+1 9937
0 9937 9937 0 0 1637 0 0 1636
906 19874 0 0 1 0 0 1
+2 116956 0 58478 0 0 1173 0 0 14
+1 58478
0 58478 58478 0 0 2763 0 0 2763
906 116956
-3 19874 9937
+11 1 1 0 0 1

fn=(3402)
1226 7 0 6 1 0 0 1
+2 2 1 0 0 1 0 0 1
0 6 0 1 0 0 1 0 0 1
1262 241
0 241 241 0 0 16
1228 241
0 241 241
1228 723 241 0 0 57
+2 723 241 0 1 0 0 1
+1 241 0 241
+1 1205 0 482 1 0 55 1 0 1
cfn=(3404)
calls=241 -44 
* 3546237 900068 457138 7 85507 9665 7 83409 833
+2 723 241
0 723
1249 40403 40403
0 80806
1249 161612
-15 202015 40403
0 47440
1249 94880
-15 135768 23720
+2 205245 136830 0 1 880 0 1
+2 1154214 705353 256492 1 50984 56 1 0 1
+2 64123
0 40403 0 40403
1240 40403 40403
+1 121209
0 173226 0 0 1 0 0 1
1246 52398
-5 6150
0 1230
1243 19680 14760 4920 1 334 284 1 297 31
-2 3690
+2 2256 1692 564 0 34 30 0 30 5
-2 423
0 80806 0 0 1 0 0 1
1241 279789
0 79290
1243 158580 118935 39645 1 3334 2328 1 2952 372
-2 118935
+2 66704 50028 16676 0 1099 915 0 961 141
-2 50028
0 163128 758
1246 1516
0 118935 39645
1246 179718 100428 0 1 2601 0 1
+2 50214 50214
-1 100428
+1 13909 13909
-1 82004 54186 0 0 3838
+1 866976 325116 487674 1 77 49021 1 0 7025
-8 54186
+9 54186
-1 158992 59622 89433 0 148 8960 0 0 1158
-8 9937
+9 9937
0 23720
1249 23720
+3 241 241 0 1 0 0 1
+10 241 241
-10 482
0 723
1258 217148 217148 0 0 7365 0 0 4369
0 108574 108574 0 0 11472 0 0 32
1259 271435 54287 162861 0 64 11340 0 1 1754
-7 325722 54287
0 4478 4478 0 0 514 0 0 28
1259 11195 2239 6717 0 0 350 0 0 111
-7 14529 2239
+2 113490 113490 0 1 2414 0 1
+1 113490
+2 226104 169578 0 0 165
+1 56526 0 0 1 0 0 1
0 2239
1258 2239
+6 9 7 0 0 1 0 0 1

fn=(3404)
1188 10604 0 7712 1 0 107 1
+1 964 964 0 0 805 0 0 764
+2 4820 1928 964 0 1 115 0 1 2
cob=(2)
cfi=(214)
cfn=(788)
calls=964 198 
* 637832 1888 616776 0 360 10107 0 2 1307
* 964 964 0 0 322 0 0 1
-2 964
+3 964
0 9640 0 0 1 0 0 1
1200 34336 17168 17168 0 0 828 0 0 81
-8 1094640
+2 273660 273660 0 1 600 0 1 600
+1 983368 491684 0 0 273660 0 0 273660
+4 257344 128672 128672 0 0 1860 0 0 178
+1 386016 128672 128672 0 0 6100 0 0 810
+1 386016 128672
-1 383460 127820 127820 0 0 5960 0 0 745
+1 383460 127820
+2 602568 200856 200856 0 0 9684
-7 654072 218024 0 1 0 0 1
0 436048 218024 218024 0 0 227 0 0 3
311 289976
+1 289976
+1 434964
1198 1014916 0 0 1 0 0 1
+1 289976 144988 144988 0 0 1940 0 0 233
+1 272808
+9 2892 964 0 0 64
0 2892
1209 1134900
+2 907920 680940 0 1 58363 0 1 58332
+2 17912 8956 8956 0 4 1819 0 4
-4 17912 8956
+8 1928
0 2892
1219 7712 1928 964 1 136 0 1
-2 4820 964
+2 1808128 452032 226016 0 7488
-2 1131044 226016
0 964 964 0 0 140
1221 964 0 964 0 0 130
+1 7712 6748 0 0 32

fn=(3366)
604 16 0 8 1 0 0 1
0 241 241 0 0 26
604 964 482
0 241 0 241 1 0 0 1
606 241
0 482 241 0 0 241 0 0 208
608 241
0 1446 482 0 1 110 0 1 79
608 4772
+2 8351
+3 2386
-3 4772 0 0 1 0 0 1
+3 3579
0 1193 1193 0 0 362 0 0 362
613 2386
0 1195
613 2382
0 1191
615 16674 4764 0 1 2382 0 1 2382
-2 4764
+2 461426 131836 0 0 65918 0 0 65918
-2 135415 0 0 1 0 0 1
+2 920 230 0 0 115 0 0 115
0 121 6 0 0 1 0 0 1
619 1 1

fn=(3392)
963 1213 242 2 1 6 1 1 0 1
+2 482 241
+3 723 241 0 1 241 0 1 174
0 482 241 0 0 60 0 0 42
966 482 482 0 0 301 0 0 283
0 482
968 39748
+2 29811 9937 0 0 241 0 0 241
+1 19874 9937 0 0 5083 0 0 5083
0 39748 9937 0 1 12 0 1 12
973 19874 9937 0 0 875 0 0 875
+1 9937 0 9937 0 0 782 0 0 7
+1 9937
-4 29811 9937
0 58478 58478
973 116956 58478 0 0 3516 0 0 3516
+1 58478 0 58478 0 0 1265 0 0 7
+1 58478
-4 175434 58478
-3 19874 9937
0 2 2 0 0 2
979 1 1

fn=(3430)
1500 8 0 6 1 0 0 1
+2 8 1 3 1 0 0 1
0 2 0 1
1530 241 241
0 241 241
1502 241
0 241 241
1502 723 482 0 0 42
fi=(191)
237 1446 482 0 1 40 0 1
fi=(192)
30 241
+1 241
-22 482
fi=(191)
240 482
fe=(208)
0 1205 482 241 0 132 0 0 121
1506 241 0 0 1 0 0 1
fi=(191)
241 482
+1 241
+1 723 241
fe=(208)
0 241
fi=(191)
248 241 0 241
fe=(208)
1507 723 241 0 0 241 0 0 241
fi=(191)
237 1205 241 0 1 0 0 1
fe=(208)
1507 482
fi=(191)
241 482
0 241
242 241
0 241 0 241
243 723 0 241
0 241 241
248 241 0 241
fe=(208)
1508 241 241 0 0 30 0 0 30
fi=(191)
180 723 0 0 1 0 0 1
fe=(208)
1508 482
fi=(191)
237 1205 723
fe=(208)
1508 241
fi=(191)
241 482
+1 241 241 0 1 0 0 1
+1 482
+5 241 0 241
-11 1205 241
0 241 241
fe=(208)
1509 482
fi=(191)
241 482 0 0 1 0 0 1
+1 241
+1 482
0 241 0 241
248 241 0 241
fe=(208)
1512 482 241
0 482 0 241
1512 482 482
0 1446 0 241 1 0 0 1
1523 430254 156456 78228 0 15995 14704 0 14763 14676
+1 39114 0 0 1 0 0 1
0 39114 39114
1526 469368 156456 312912 0 0 19378 0 0 19349
+1 117342 0 117342 0 0 7578 0 0 7578
+1 39114
-16 234684 39114
0 29301 29301
1526 351612 117204 234408 0 0 14644 0 0 14634
+1 87903 0 87903 0 0 5472 0 0 5472
+1 29301
-16 175806 29301
+2 957810 615735 342075 3 34340 0 3 34304
0 68415 0 68415
1515 136830
0 2024 2024
1517 10120 2024 2024 0 3
0 4048 0 2024
1517 2024 0 2024 0 0 28 0 0 1
cob=(2)
cfi=(174)
cfn=(606)
calls=2024 255 
* 24018 6097 4066 0 653 551 0 632 512
* 2024 2024 0 0 22 0 0 1
0 8096 6072
1518 2024
+1 2024
0 2024 2024
1521 4048
0 66391 66391 0 1 0 0 1
1521 132782
0 87903 29301
1521 29301
+11 8 7 0 2 1 0 2 1

fn=(3372)
687 13 1 7
0 1
711 241
-24 964 241 0 0 17
0 241 0 241 1 0 0 1
689 723 241 241
+1 241 241 0 0 241 0 0 139
+1 241 241 0 1 90 0 1 47
+1 241 241 0 0 186 0 0 48
+1 1205 241 241 0 0 17
cob=(2)
cfi=(214)
cfn=(788)
calls=241 198 
* 159367 472 154142 0 37 1296
* 241 241 0 0 17
-1 241
+2 241
0 482
694 205245
+2 205245 0 0 1 0 0 1
+1 205245 68415 0 0 34333 0 0 34333
+2 214414 40816 40816 0 0 978
+1 129527 56781 15965 0 0 365
+5 4048 2024
0 8096 2024
707 4048 2024 2024 0 282 146 0 282
-2 8096 2024
+2 13124 6562 6562 0 404 41 0 404
-2 28272 6562
0 241 0 0 1 0 0 1
711 482 241 0 0 16
-85 2410 723 0 1 17 0 1
0 241
628 3856 964 0 1 1 0 1 1
-2 482
+2 221600 55400 0 0 1366
-2 28372
+2 570 190 0 1 2 0 1
-2 570
+2 573 191
-2 763
0 7 6 0 0 1
713 1 1

fn=(3374)
719 13 1 7 1 0 0 1
0 1
737 241
-18 964 241 0 0 28
0 241 0 241 1 0 0 1
721 723 241
+1 241 241 0 0 61 0 0 53
+1 1205 241 241 0 0 32
cob=(2)
cfi=(214)
cfn=(788)
calls=241 198 
* 159367 472 154142 0 50 1645 0 0 66
* 241 241 0 0 29
+1 964 241 0 0 241 0 0 216
0 482 0 0 1 0 0 1
724 5965 1193
+3 2386
+2 3579
0 2386 2386 0 0 393 0 0 376
728 2386
0 2386 0 0 1 0 0 1
729 205245
0 136830
731 136830 68415 0 0 68415 0 0 68415
0 128520
733 128520 85680 42840 0 2932 1641 0 2932 1
-2 171360 42840 0 1 0 0 1
+2 67581 45054 22527 0 1308 600 0 1308
-2 132948 22527
+6 482 241 0 0 29
626 2169 482 0 1 32 0 1
0 241
628 3856 964 0 1 0 0 1
-2 482
+2 221600 55400 0 0 1713
-2 28372
+2 570 190 0 0 3
-2 570 0 0 1 0 0 1
+2 573 191
-2 763
0 7 6 0 0 1 0 0 1
739 1 1

fn=(3380)
808 24 0 14 1 0 0 1
0 4
808 723 241 0 0 24
+2 241
+5 482 241 0 0 186 0 0 181
+1 241
0 1687 1205 0 1 576 0 1 572
816 205245
+2 205245
+1 136830 68415 0 0 34333 0 0 34333
+1 134806 0 0 1 0 0 1
+2 158357
-2 2024 2024
+1 2024 2024
-1 2024
+2 46888
0 85680
829 71594 35797 0 0 13044 0 0 12931
0 35797
830 107391 35797 0 0 13
0 35797
822 107391
0 26316
830 78948 26316 0 0 15
0 26316
822 88710
+2 196101 130734 0 0 15127 0 0 14901
+1 130734
+2 62113
+2 186339 62113 0 0 194 0 0 33
0 26316
829 26316
0 3 0 0 2 0 0 2
808 723 241 0 0 22
+2 241
+5 482 241 0 0 186 0 0 177
0 1687 964 0 1 575 0 1 565
816 205245
+2 205245
+1 136830 68415 0 0 34333 0 0 34333
+1 134806
+2 158357
-2 2024 2024
+1 2024 2024
-1 2024
+2 46888 0 0 1 0 0 1
0 85680
830 248452 62113
-8 196101
+2 196101 130734 0 1 15055 0 1 13820
+1 130734
+2 124226
+1 188661 63274 0 0 115
0 12 12 0 0 2 0 0 2
835 4 2

fn=(3382)
841 26 0 16 1 0 0 1
0 244 241 0 0 35
841 964 482
0 241 0 241 0 0 1 0 0 1
843 241 0 0 1 0 0 1
0 723 241 241 0 241 0 0 241
848 241
0 1687 1205 0 0 456 0 0 423
848 3579 1193
+3 2386 0 0 1 0 0 1
+2 3579
0 1193 1193 0 0 341 0 0 337
852 3579
0 2386
853 205245
0 513435 111255 0 1 68180 0 1 67263
855 196101
+2 196101 130734 0 0 18984 0 0 18455
+1 130734
+5 62113 62113 0 0 4685 0 0 4357
+1 310565 62113 0 0 82 0 0 25
+1 248452 124226 0 0 1666 0 0 1152
0 62357 241 0 1 35 0 1
841 964 482
0 241 0 241 1 0 1 1 0 1
843 241
0 2651 1446 241 1 697 0 1 664
848 3579 1193
+3 2386
+2 3579
0 1193 1193 0 0 341 0 0 337
852 3579
0 2386
853 205245
0 513435 111255 0 1 68180 0 1 67263
855 196101
+2 196101 130734 0 1 18984 0 1 18455
+1 130734
+5 62113 62113 0 0 4685 0 0 4357
+1 310565 62113 0 0 82 0 0 25
+1 248452 124226 0 0 1666 0 0 1152
0 62125 12 0 0 2 0 0 2
871 2 2

fn=(3384)
878 3 1 0 1 1 0 1 1
0 3
878 1205 241 0 0 25
+2 482 241
+2 723 241 0 0 241 0 0 241
0 964 241 0 0 120 0 0 120
882 39748
+2 9937 9937 0 1 30 0 1 30
0 9937 9937 0 0 754 0 0 754
885 19874
0 9937
887 19874 0 9937 0 0 1219 0 0 132
+1 9937
+1 9937
0 9937 9937 0 0 9937 0 0 9937
885 19874
+2 116956 0 58478 0 0 1988 0 0 233
+1 58478
+1 58478
0 58478 58478 0 0 58478 0 0 58478
885 116956
-3 19874 9937
+11 1 1 0 1 1 0 1 1

fn=(3394)
986 978 482 8 1 0 0 1
+2 241 0 0 1 0 0 1
+5 482 241 0 0 241 0 0 119
+1 241
0 2410 1687 241 0 692 0 0 568
997 482 0 0 1 0 0 1
-3 29811
0 9696 9696 0 0 513 0 0 513
997 19392
0 9696
999 38784
+1 19392 9696 0 0 9696 0 0 9696
-1 234876
+1 254268 127134 0 1 58719 0 1 58719
+1 535974 278611
+1 21248
0 205245 68415 0 1 0 0 1
1002 267564
+2 130734 130734 0 0 4315 0 0 4240
-2 130734
+13 68415
0 68415 68415
997 146767
0 136830 68415 0 1 0 0 1
1006 164892
+2 14031 14031
0 14031
1008 14031 14031 0 0 1107 0 0 1068
-2 28062
+4 273660 68415
+2 381542 163518 0 1 18557 0 1 18349
0 54506
1013 272530 109012
0 13909
1010 13909
0 6 6 0 0 1 0 0 1
1020 1 1

fn=(3396)
1026 14 0 8 1 0 1 1 0 1
0 241 241
1026 964 482
0 241 0 241 1 0 0 1
1028 241
+9 482 241 0 0 241 0 0 241
+2 241
0 14998 12829 1446 1 692 0 1 692
1039 29811
0 39748 19874 9937 1 754 0 1 754
1069 68415
0 68415 68415 0 0 4475 0 0 4399
1042 156704
+2 205245
+2 68415 68415 0 0 16653 0 0 16555
+1 136830 68415 0 1 196 0 1 193
-1 68415
+2 68415
0 68415
1053 342075 136830 0 0 139 0 0 138
0 136830
1053 136830 68415 0 1 0 0 1
0 205245 68415
1054 410490 342075 0 0 34653 0 0 34568
+1 273660 205245 0 0 34 0 0 34
+1 248085
0 85680
1058 85680 42840 0 0 2893 0 0 2893
-2 42840
+2 45054 22527 0 0 1417 0 0 1417
-2 218628
+4 136830 0 0 1 0 0 1
0 205245 68415
1060 164892 0 0 1 0 0 1
0 14031 14031
1062 14031
-2 14031
+2 14031 14031 0 0 1081 0 0 1080
-2 14031
+4 342075 136830 0 0 219 0 0 213
+2 381542 163518 0 1 18548 0 1 18449
0 54506
1067 272530 109012
0 13909
1064 13909
0 6 6 0 0 1 0 0 1
1074 1 1

fn=(3400)
1131 978 482 8 1 0 0 1
+2 241
+5 482 241 0 1 138 0 1 121
+1 241
0 2410 1687 241 0 881 0 0 873
1142 482
-3 29811
0 9696 9696 0 0 513 0 0 513
1142 19392
0 9696
1144 67872 9696 0 0 98 0 0 80
+1 19392 9696 0 0 9696 0 0 9696
-1 411033 58719 0 1 293 0 1 282
+1 254268 127134 0 1 58719 0 1 58719
+1 535974 278611
+1 21248
0 205245 68415
1147 267564 0 0 1 0 0 1
+2 130734 130734 0 0 4317 0 0 4240
-2 130734
+13 68415
0 68415 68415
1142 146767
0 205245 68415 0 1 0 0 1
1151 164892
+2 14031 14031
0 14031
1153 14031 14031 0 0 1106 0 0 1068
-2 28062
+4 273660 68415
+2 436048 163518 0 1 18557 0 1 18449
0 54506
1158 272530 109012
0 13909
1155 13909
0 6 6 0 0 1 0 0 1
1165 1 1

fn=(3360)
556 16 0 6 1 0 0 1
0 3
556 723
+2 241
+2 482 241 0 0 241 0 0 241
+1 241
0 241 241 0 0 150 0 0 150
561 1446 0 0 1 0 0 1
0 241
563 3374 964 0 1 482 0 1 482
-2 964
+2 474726 135636 0 0 67818 0 0 67818
-2 136118
+2 920 230 0 0 115 0 0 115
0 118 0 0 1 0 0 1
556 723
+2 241
+2 482 241 0 0 241 0 0 133
0 723 482 0 1 271 0 1 253
561 1446
0 241
563 3374 964 0 1 482 0 1 482
-2 964
+2 474726 135636 0 0 67818 0 0 67818
-2 136118
+2 920 230 0 1 115 0 1 115
0 121 6 0 0 4 0 0 4
566 2 2

fn=(3362)
572 732 0 3 1 0 0 1
+2 241
+2 482 241 0 0 241 0 0 195
+1 241
0 241 241 0 0 241 0 0 211
577 1446 0 0 1 0 0 1
0 241
579 3374 964 0 1 343 0 1 343
-2 964
+2 474726 135636 0 0 16963 0 0 16963
-2 136118
+2 920 230 0 1 36 0 1 36
0 118 3 0 0 2
582 1 1

fn=(3412)
1428 16 0 14 1 0 1 1 0 1
+2 4 2
0 12 0 4 0 0 1 0 0 1
1456 964 482
0 482 482 0 0 130
1430 482
0 482 482
1430 1928 482 0 0 134
+2 1446 482 0 1 0 0 1
0 482 0 482 1 0 0 1
1433 482 482 0 0 482 0 0 482
0 482
1434 6748 0 6748 1 0 27 1
+1 1446 482 482 1 0 0 1
+6 482 0 241
+2 723
0 723
fi=(191)
247 42840
+1 42840 0 42840
fe=(208)
1449 128520 42840 42840
cob=(2)
cfi=(174)
cfn=(606)
calls=42840 255 
* 604328 128545 85698 0 4326 4138 0 4239 4114
* 42840 42840 0 0 12
0 42840 42840
1450 42840 0 42840
+3 556920 171360 214200
cfi=(228)
cfn=(3054)
calls=42840 4874 
* 8265739 4443637 5531681 3 51978 137442 3 6 128861
* 332475 102300 127875 2 0 0 2
cfi=(228)
cfn=(3054)
calls=25575 4874 
* 4955848 2686140 3313830 16 31720 82679 16 4 76769
0 68415 68415
1454 136830
-11 342075
0 68415 68415 0 1 96 0 1 1
1445 615735 342075 273660 1 68661 96 1 68565 1
+1 205245 68415
fi=(191)
237 257040 85680 0 0 26
fi=(192)
30 42840
+1 42840
-22 85680
fi=(191)
240 85680 0 0 1 0 0 1
fe=(208)
1448 42840
fi=(191)
241 85680
+1 42840
+1 85680 42840
+2 12 0 6
cfi=(185)
cfn=(774)
calls=3 -56 
* 249 54 54 0 9
0 9 6
fe=(208)
1437 241 0 241 1 0 0 1
fi=(191)
237 1446 482
fi=(192)
30 241
+1 241
-22 482
fi=(191)
240 482
fe=(208)
1438 482 0 0 1 0 0 1
fi=(191)
241 482
+1 241
+1 964 241 241
+4 199
+1 199 0 199
fe=(208)
1438 199 0 199
fi=(191)
237 995 199 0 1 0 0 1
fe=(208)
1439 482
fi=(191)
241 482
0 241
242 241
+1 482
+4 241
+1 241 0 241
fe=(208)
1439 241 0 241
+2 482 0 241 1 0 0 1
+2 482
0 723
1454 68415 0 0 1 0 0 1
-11 342075
0 68415 68415 0 1 0 0 1
1445 615735 342075 273660 1 68565 1 1 68565 1
+1 205245 68415
fi=(191)
237 257040 85680
fi=(192)
30 42840
+1 42840
-22 85680 0 0 1 0 0 1
fi=(191)
240 85680
fe=(208)
1448 42840
fi=(191)
241 85680
+1 42840
+1 85680 42840
+4 42840
+1 42840 0 42840
fe=(208)
1449 128520 42840 42840 0 0 1 0 0 1
cob=(2)
cfi=(174)
cfn=(606)
calls=42840 255 
* 604328 128545 85698 2 4245 4302 2 4240 4302
* 42840 42840
0 42840 42840
1450 85680 42840 42840
fi=(232) src/buster/lib/compiler/ir/ir_append.h
34 42840 42840
+2 85680 42840
-2 25575 25575 0 1 0 0 1
+2 51150 25575
+9 68415 68415
-2 752565 342075 273660 1 0 68415 1 0 68415
+1 136830 0 68415
+1 342075 68415 68415 1 0 1 1 0 1
+2 1752 0 1752 0 0 49
+2 205245 68415
+2 273660 0 136830 0 0 12759 0 0 12709
fi=(191)
245 16 0 8 0 0 4
cfi=(185)
cfn=(774)
calls=4 -56 
* 332 72 72 0 12 12
0 12 8
245 126 0 42 1 0 0 1
cfi=(185)
cfn=(774)
calls=42 -56 
* 3486 756 756 0 120 117 0 2 3
0 84 84
249 42 42
-2 42
+1 42 0 42
fe=(208)
1438 42 0 42
fi=(191)
237 126 42 0 1 0 0 1
+8 36 0 12
cfi=(185)
cfn=(774)
calls=12 -56 
* 996 216 216 0 12 12
0 36 24
fe=(208)
1458 16 14 0 0 2 0 0 2

fn=(3370)
658 13 1 7 1 0 0 1
0 1
679 241
-21 964 241 0 0 13
0 241 0 241
660 723 241 241 1 0 0 1
+1 241 241 0 0 241 0 0 241
+1 241 241 0 0 150 0 0 150
+1 241 241 0 0 241 0 0 194
+1 1205 241 241 0 0 11
cob=(2)
cfi=(214)
cfn=(788)
calls=241 198 
* 159367 472 154142 0 30 1101 0 0 2
* 241 241 0 0 11
-1 241
+2 241
0 482
665 205245
+2 205245 68415 0 1 17300 0 1 17300
+1 136830 68415 0 0 18 0 0 18
-1 136830
+7 290925 0 0 1 0 0 1
0 83220
674 3690
0 1230
676 9840 4920 4920 0 323 94 0 323
-2 3690
+2 1128 564 564 0 37 6 0 37
-2 128185 0 0 1 0 0 1
0 84164
676 84164 42082 42082 0 2836 785 0 2836
-2 126246
+2 35602 17801 17801 0 1119 290 0 1119
-2 95485
0 241 0 0 1 0 0 1
679 482 241 0 0 12
-53 2410 723 0 1 12 0 1
0 241
628 3856 964 0 1 0 0 1
-2 482
+2 221600 55400 0 0 1116
-2 28372
+2 570 190 0 0 2
-2 570
+2 573 191
-2 763
0 7 6 0 1 1 0 1
681 1 1

fn=(3410)
1377 7 0 6
+2 2 1
0 5 0 1 1 0 0 1
1416 241
0 241 241 0 0 16
1379 241
0 241 241
1379 723 241 0 0 65
+2 723 241
+1 241 0 241 1 0 16 1
+1 1205 0 482
cfn=(3404)
calls=241 1188 
* 3546237 900068 457138 0 85413 9774 0 83225 990
+3 723 241
0 1205 241 482 0 241 32 0 241
1403 40403 40403
0 80806 0 40403
1403 161612
-17 202015 40403
0 47440 0 23720
1403 94880
-17 135768 23720
+2 205245 136830 0 1 887 0 1
+2 1410706 769476 256492 2 64485 56 2 64485
+2 104526 40403
+1 80806
0 173226
1398 52398 0 0 1 0 0 1
-5 7380 1230
0 1230
1395 19680 14760 4920 0 334 286 0 297 43
-2 3690
+2 2256 1692 564 0 34 30 0 30 6
-2 423
0 80806 40403 0 2 0 0 2
1393 279789
0 79290
1395 158580 118935 39645 0 3332 2358 0 2952 445
-2 118935
+2 66704 50028 16676 0 1097 926 0 961 182
-2 50028
0 121209
1398 181234 100428 0 1 2604 0 1
+4 50214 50214
-3 100428
+3 13909 13909
-3 82004 54186 0 0 3850
+3 866976 325116 487674 1 77 49526 1 0 9595
-10 54186 0 0 1 0 0 1
+11 54186
-1 158992 59622 89433 0 147 9054 0 0 1698
-10 9937
+11 9937
0 23720
1403 23720
+3 241 241
+10 241 241 0 0 49
-10 482
0 723
1412 217148 217148 0 0 7405 0 0 4369
0 108574 108574 0 0 11488 0 0 32
1413 271435 54287 162861 0 74 11642 0 0 1725
-7 325722 54287
0 4478 4478 0 0 516 0 0 28
1413 11195 2239 6717 0 0 355 0 0 107
-7 14529 2239
+2 113490 113490 0 1 2404 0 1
+1 113490
+2 282630 169578 0 1 164 0 1
+1 56526
0 2239
1412 2239
+6 9 7 0 0 1 0 0 1

fn=(3436)
1536 7 0 6 1 0 0 1
+2 2
0 1
1538 5 0 2
0 484 482 1
1577 241
-39 241
0 241
1538 482 241
fi=(191)
237 1446 482 0 2 0 0 2
fi=(192)
30 241
+1 241
-22 482
fi=(191)
240 482
+1 482
fe=(208)
0 723 241 241 0 241 0 0 241
fi=(191)
242 241
+1 723 241 0 1 0 0 1
+5 241 0 241
-11 1205 241
fi=(192)
9 482
fi=(191)
240 482
+1 482
+1 241 0 0 1 0 0 1
+1 482
+5 241 0 241
fe=(208)
1546 482
0 723 0 482
fi=(191)
247 241
0 1446 0 241 1 0 0 1
247 42840
+1 42840 0 42840
fe=(208)
1570 85680 0 42840 0 0 1 0 0 1
cob=(2)
cfi=(174)
cfn=(606)
calls=42840 255 
* 604328 128545 85698 0 4245 4617 0 4239 4617
* 42840 42840
0 385560 257040
1573 171360 42840
+1 42840
-1 514080 214200 257040 0 0 42840 0 0 42840
+1 171360 42840 128520 0 0 8045 0 0 8045
+1 42840
-29 171360
+27 102300 25575 0 1 0 0 1
+1 25575
-1 306900 127875 153450 0 0 25575 0 0 25575
+1 102300 25575 76725 0 0 4893 0 0 4893
+1 25575
-29 102300
+2 136830 0 0 1 0 0 1
+1 136830
0 1193 0 1193
fi=(191)
237 1193 1193
fe=(208)
1551 2386
fi=(191)
237 480 96
fi=(192)
30 96
+1 96
-22 192 0 0 1 0 0 1
fi=(191)
240 192
0 96 0 96
fe=(208)
1554 192
fi=(191)
241 192
+1 96
+1 288 96 96
0 288 0 288 1 0 0 1
243 96
+5 96 0 96
-11 480 96
+4 192
+1 96
+1 192
0 192 0 0 1 0 0 1
247 96
+1 96 0 96
fe=(208)
1556 576 96 96
cob=(2)
cfi=(174)
cfn=(606)
calls=96 255 
* 1743 464 337 0 117 140 0 2 140
* 96 96
+1 384 96 96
cob=(2)
cfi=(174)
cfn=(606)
calls=96 255 
* 1743 464 337 0 56 188 0 0 188
* 96 96
0 96 96
fi=(191)
237 384 192
0 1481 288 0 1 0 0 1
237 5965 1193
fi=(192)
30 1193
+1 1193 0 0 1 0 0 1
-22 2386
fi=(191)
240 2386
+1 2386
+1 1193
+1 2386 1193
+4 1193
+1 1193 0 1193
fe=(208)
1562 2386 0 1193 0 0 85 0 0 64
fi=(191)
237 7158 2386 0 1 0 0 1
fi=(192)
30 1193
+1 1193
-22 2386
fi=(191)
240 2386
+1 2386
+1 1193 0 0 1 0 0 1
+1 2386 1193
+4 1193
+1 1193 0 1193
fe=(208)
1563 1193 0 1193 0 0 260 0 0 260
+1 1193
0 3579 2386
1566 15509 8351 5965 1 1343 0 1 1343
+1 1193
0 67222 67222
1566 873886 470554 336110 0 67222 0 0 67222
+1 67222
0 85680
fi=(191)
237 257040 85680 0 1 0 0 1
fi=(192)
30 42840
+1 42840
-22 85680
fi=(191)
240 85680
fe=(208)
1569 42840
fi=(191)
241 85680 0 0 1 0 0 1
0 171360 0 171360
242 42840
+1 85680 42840
fe=(208)
1579 9 7 0 1 1 0 1 1

fn=(3388)
920 3 1
0 3
920 1205 241 0 0 17
+2 482 241 0 1 0 0 1
+2 723 241 0 0 241 0 0 12
0 964 241 0 0 241 0 0 156
924 39748
+2 9937 9937 0 0 150 0 0 5
0 9937 9937 0 1 754 0 1 100
927 19874
0 9937
929 19874 0 9937 0 0 1078
+1 9937
+1 9937
0 9937 9937 0 0 5533 0 0 5523
927 19874
+2 116956 0 58478 0 0 1774
+1 58478
+1 58478
0 58478 58478 0 0 28819 0 0 28814
927 116956
-3 19874 9937
+11 1 1 0 0 1 0 0 1

fn=(3424)
1462 8 0 6 2 0 0 2
+2 6 1 2
0 2 0 1
1494 241 241
0 241 241
1464 241
0 241 241
1464 723 482 0 0 51
fi=(191)
237 1446 482 0 1 51 0 1
fi=(192)
30 241
+1 241
-22 482
fi=(191)
240 482 0 0 1 0 0 1
fe=(208)
0 964 482 0 0 241 0 0 241
1468 482
fi=(191)
241 482
+1 241
+1 964 241 241
+5 241 0 241 1 0 0 1
-11 1205 241
fe=(208)
1469 482
fi=(191)
241 482
+1 241
+1 482
+5 241 0 241
-11 1205 241 0 1 0 0 1
fe=(208)
1470 241
fi=(191)
241 482
+1 241
+1 723 0 241
fe=(208)
0 241
fi=(191)
248 241 0 241
0 241 241 0 0 60 0 0 60
fe=(208)
1471 241
fi=(191)
180 723 0 0 1 0 0 1
+57 1205 241
0 241 0 241
fe=(208)
1471 241
fi=(191)
241 482
+1 241 241
+1 723 0 241 1 0 0 1
+5 241 0 241
-11 1205 241
fe=(208)
1472 241
fi=(191)
241 482
0 241 0 241
242 241
+1 482 0 0 1 0 0 1
+5 241 0 241
fe=(208)
1474 482
0 1687 0 964
1474 241 241
0 964
1486 273660 0 68415 1 0 0 1
cob=(2)
cfi=(174)
cfn=(606)
calls=68415 255 
* 936803 154120 85698 0 4995 4288 0 4300 4288
* 68415 68415
0 68415 68415
1488 136830 0 136830 0 0 12183 0 0 12151
-1 68415
0 68415 68415
1488 136830 68415 68415 1 0 4736 1 0 4723
+1 478905 342075 136830 0 34202 34201 0 34162 34158
+1 68415 0 68415 0 0 4343 0 0 4299
+1 273660 68415 205245 0 0 13058 0 0 13058
+1 68415
-18 342075 68415
0 68415 0 68415 1 0 0 1
1476 410490 342075 68415 1 17373 0 1 17327
+2 136830 68415 0 0 90 0 0 90
-2 68415
+3 68415
0 68415 68415
1479 68415
+17 9 7 0 2 1 0 2 1

fl=(171)
fn=(592)
cfi=(208)
cfn=(746)
calls=1 1680 
317 123033112 39143223 21667589 289 2692003 858185 289 2423020 564572

fl=(185)
fn=(774)
189 1134 0 972 0 0 47 0 0 1
+1 648 162
0 162
191 162 162
+2 324 162
0 162
194 324
+2 162
+2 486
0 162 0 162 0 0 148 0 0 2
200 324
+1 162
+3 162 162
-60 162 0 162 0 0 17
fi=(186) src/buster/lib/os.c
356 486
647 486 0 162 0 0 148 0 0 2
cob=(2)
cfi=(188)
cfn=(654)
calls=914 117 
* 972 162
* 162 162 0 0 151 0 0 2
* 162
+1 162
+1 162
fe=(185)
205 162
fi=(186)
670 162
0 324
648 162
+32 1134 0 972
fe=(185)
154 162 0 162
+52 162
+4 162 162
fi=(186)
6205 162 0 162
cob=(2)
cfi=(189)
cfn=(660)
calls=914 27 
* 972 486 0 0 302 0 0 3
* 162 162
* 162
fi=(192)
9 648
fe=(185)
170 324
+40 162 0 162
+1 1296 1134

totals: 123033112 39143223 21667589 289 2692003 858185 289 2423020 564572
