okBENCH_SOURCE_MAP count=1024 order=ordered sample=1 ns=832 scratch_bytes=0 row_bytes=80
BENCH_SOURCE_MAP count=1024 order=ordered sample=2 ns=850 scratch_bytes=0 row_bytes=80
BENCH_SOURCE_MAP count=1024 order=ordered sample=3 ns=869 scratch_bytes=0 row_bytes=80
BENCH_SOURCE_MAP count=1024 order=ordered sample=4 ns=847 scratch_bytes=0 row_bytes=80
BENCH_SOURCE_MAP count=1024 order=ordered sample=5 ns=835 scratch_bytes=0 row_bytes=80
BENCH_SOURCE_MAP count=1024 order=ordered sample=6 ns=843 scratch_bytes=0 row_bytes=80
BENCH_SOURCE_MAP count=1024 order=ordered sample=7 ns=841 scratch_bytes=0 row_bytes=80
BENCH_SOURCE_MAP count=1024 order=equal sample=1 ns=865 scratch_bytes=0 row_bytes=80
BENCH_SOURCE_MAP count=1024 order=equal sample=2 ns=843 scratch_bytes=0 row_bytes=80
BENCH_SOURCE_MAP count=1024 order=equal sample=3 ns=849 scratch_bytes=0 row_bytes=80
BENCH_SOURCE_MAP count=1024 order=equal sample=4 ns=846 scratch_bytes=0 row_bytes=80
BENCH_SOURCE_MAP count=1024 order=equal sample=5 ns=851 scratch_bytes=0 row_bytes=80
BENCH_SOURCE_MAP count=1024 order=equal sample=6 ns=840 scratch_bytes=0 row_bytes=80
BENCH_SOURCE_MAP count=1024 order=equal sample=7 ns=865 scratch_bytes=0 row_bytes=80
BENCH_SOURCE_MAP count=1024 order=reverse sample=1 ns=41012 scratch_bytes=81920 row_bytes=80
BENCH_SOURCE_MAP count=1024 order=reverse sample=2 ns=57292 scratch_bytes=81920 row_bytes=80
BENCH_SOURCE_MAP count=1024 order=reverse sample=3 ns=41505 scratch_bytes=81920 row_bytes=80
BENCH_SOURCE_MAP count=1024 order=reverse sample=4 ns=40541 scratch_bytes=81920 row_bytes=80
BENCH_SOURCE_MAP count=1024 order=reverse sample=5 ns=68935 scratch_bytes=81920 row_bytes=80
BENCH_SOURCE_MAP count=1024 order=reverse sample=6 ns=40963 scratch_bytes=81920 row_bytes=80
BENCH_SOURCE_MAP count=1024 order=reverse sample=7 ns=41955 scratch_bytes=81920 row_bytes=80
BENCH_SOURCE_MAP count=1024 order=permuted sample=1 ns=40299 scratch_bytes=81920 row_bytes=80
BENCH_SOURCE_MAP count=1024 order=permuted sample=2 ns=39889 scratch_bytes=81920 row_bytes=80
BENCH_SOURCE_MAP count=1024 order=permuted sample=3 ns=37486 scratch_bytes=81920 row_bytes=80
BENCH_SOURCE_MAP count=1024 order=permuted sample=4 ns=40278 scratch_bytes=81920 row_bytes=80
BENCH_SOURCE_MAP count=1024 order=permuted sample=5 ns=40066 scratch_bytes=81920 row_bytes=80
BENCH_SOURCE_MAP count=1024 order=permuted sample=6 ns=54860 scratch_bytes=81920 row_bytes=80
BENCH_SOURCE_MAP count=1024 order=permuted sample=7 ns=40248 scratch_bytes=81920 row_bytes=80
BENCH_SOURCE_MAP count=1024 order=boundaries sample=1 ns=38326 scratch_bytes=81920 row_bytes=80
BENCH_SOURCE_MAP count=1024 order=boundaries sample=2 ns=39574 scratch_bytes=81920 row_bytes=80
BENCH_SOURCE_MAP count=1024 order=boundaries sample=3 ns=40936 scratch_bytes=81920 row_bytes=80
BENCH_SOURCE_MAP count=1024 order=boundaries sample=4 ns=38477 scratch_bytes=81920 row_bytes=80
BENCH_SOURCE_MAP count=1024 order=boundaries sample=5 ns=39712 scratch_bytes=81920 row_bytes=80
BENCH_SOURCE_MAP count=1024 order=boundaries sample=6 ns=39646 scratch_bytes=81920 row_bytes=80
BENCH_SOURCE_MAP count=1024 order=boundaries sample=7 ns=37616 scratch_bytes=81920 row_bytes=80
BENCH_SOURCE_MAP count=4096 order=ordered sample=1 ns=2317 scratch_bytes=0 row_bytes=80
BENCH_SOURCE_MAP count=4096 order=ordered sample=2 ns=2253 scratch_bytes=0 row_bytes=80
BENCH_SOURCE_MAP count=4096 order=ordered sample=3 ns=2246 scratch_bytes=0 row_bytes=80
BENCH_SOURCE_MAP count=4096 order=ordered sample=4 ns=2259 scratch_bytes=0 row_bytes=80
BENCH_SOURCE_MAP count=4096 order=ordered sample=5 ns=2228 scratch_bytes=0 row_bytes=80
BENCH_SOURCE_MAP count=4096 order=ordered sample=6 ns=2210 scratch_bytes=0 row_bytes=80
BENCH_SOURCE_MAP count=4096 order=ordered sample=7 ns=2201 scratch_bytes=0 row_bytes=80
BENCH_SOURCE_MAP count=4096 order=equal sample=1 ns=2161 scratch_bytes=0 row_bytes=80
BENCH_SOURCE_MAP count=4096 order=equal sample=2 ns=2189 scratch_bytes=0 row_bytes=80
BENCH_SOURCE_MAP count=4096 order=equal sample=3 ns=2257 scratch_bytes=0 row_bytes=80
BENCH_SOURCE_MAP count=4096 order=equal sample=4 ns=2213 scratch_bytes=0 row_bytes=80
BENCH_SOURCE_MAP count=4096 order=equal sample=5 ns=2169 scratch_bytes=0 row_bytes=80
BENCH_SOURCE_MAP count=4096 order=equal sample=6 ns=2133 scratch_bytes=0 row_bytes=80
BENCH_SOURCE_MAP count=4096 order=equal sample=7 ns=2217 scratch_bytes=0 row_bytes=80
BENCH_SOURCE_MAP count=4096 order=reverse sample=1 ns=180415 scratch_bytes=327680 row_bytes=80
BENCH_SOURCE_MAP count=4096 order=reverse sample=2 ns=160467 scratch_bytes=327680 row_bytes=80
BENCH_SOURCE_MAP count=4096 order=reverse sample=3 ns=159067 scratch_bytes=327680 row_bytes=80
BENCH_SOURCE_MAP count=4096 order=reverse sample=4 ns=157966 scratch_bytes=327680 row_bytes=80
BENCH_SOURCE_MAP count=4096 order=reverse sample=5 ns=163665 scratch_bytes=327680 row_bytes=80
BENCH_SOURCE_MAP count=4096 order=reverse sample=6 ns=160308 scratch_bytes=327680 row_bytes=80
BENCH_SOURCE_MAP count=4096 order=reverse sample=7 ns=162657 scratch_bytes=327680 row_bytes=80
BENCH_SOURCE_MAP count=4096 order=permuted sample=1 ns=153631 scratch_bytes=327680 row_bytes=80
BENCH_SOURCE_MAP count=4096 order=permuted sample=2 ns=246343 scratch_bytes=327680 row_bytes=80
BENCH_SOURCE_MAP count=4096 order=permuted sample=3 ns=360825 scratch_bytes=327680 row_bytes=80
BENCH_SOURCE_MAP count=4096 order=permuted sample=4 ns=159772 scratch_bytes=327680 row_bytes=80
BENCH_SOURCE_MAP count=4096 order=permuted sample=5 ns=185396 scratch_bytes=327680 row_bytes=80
BENCH_SOURCE_MAP count=4096 order=permuted sample=6 ns=154437 scratch_bytes=327680 row_bytes=80
BENCH_SOURCE_MAP count=4096 order=permuted sample=7 ns=155623 scratch_bytes=327680 row_bytes=80
BENCH_SOURCE_MAP count=4096 order=boundaries sample=1 ns=155402 scratch_bytes=327680 row_bytes=80
BENCH_SOURCE_MAP count=4096 order=boundaries sample=2 ns=154167 scratch_bytes=327680 row_bytes=80
BENCH_SOURCE_MAP count=4096 order=boundaries sample=3 ns=196278 scratch_bytes=327680 row_bytes=80
BENCH_SOURCE_MAP count=4096 order=boundaries sample=4 ns=159132 scratch_bytes=327680 row_bytes=80
BENCH_SOURCE_MAP count=4096 order=boundaries sample=5 ns=158055 scratch_bytes=327680 row_bytes=80
BENCH_SOURCE_MAP count=4096 order=boundaries sample=6 ns=175324 scratch_bytes=327680 row_bytes=80
BENCH_SOURCE_MAP count=4096 order=boundaries sample=7 ns=260975 scratch_bytes=327680 row_bytes=80
BENCH_SOURCE_MAP count=16384 order=ordered sample=1 ns=20412 scratch_bytes=0 row_bytes=80
BENCH_SOURCE_MAP count=16384 order=ordered sample=2 ns=19622 scratch_bytes=0 row_bytes=80
BENCH_SOURCE_MAP count=16384 order=ordered sample=3 ns=19595 scratch_bytes=0 row_bytes=80
BENCH_SOURCE_MAP count=16384 order=ordered sample=4 ns=19637 scratch_bytes=0 row_bytes=80
BENCH_SOURCE_MAP count=16384 order=ordered sample=5 ns=19054 scratch_bytes=0 row_bytes=80
BENCH_SOURCE_MAP count=16384 order=ordered sample=6 ns=19182 scratch_bytes=0 row_bytes=80
BENCH_SOURCE_MAP count=16384 order=ordered sample=7 ns=19359 scratch_bytes=0 row_bytes=80
BENCH_SOURCE_MAP count=16384 order=equal sample=1 ns=19608 scratch_bytes=0 row_bytes=80
BENCH_SOURCE_MAP count=16384 order=equal sample=2 ns=19681 scratch_bytes=0 row_bytes=80
BENCH_SOURCE_MAP count=16384 order=equal sample=3 ns=19683 scratch_bytes=0 row_bytes=80
BENCH_SOURCE_MAP count=16384 order=equal sample=4 ns=19529 scratch_bytes=0 row_bytes=80
BENCH_SOURCE_MAP count=16384 order=equal sample=5 ns=19413 scratch_bytes=0 row_bytes=80
BENCH_SOURCE_MAP count=16384 order=equal sample=6 ns=19705 scratch_bytes=0 row_bytes=80
BENCH_SOURCE_MAP count=16384 order=equal sample=7 ns=19425 scratch_bytes=0 row_bytes=80
BENCH_SOURCE_MAP count=16384 order=reverse sample=1 ns=3299920 scratch_bytes=1310720 row_bytes=80
BENCH_SOURCE_MAP count=16384 order=reverse sample=2 ns=1270218 scratch_bytes=1310720 row_bytes=80
BENCH_SOURCE_MAP count=16384 order=reverse sample=3 ns=859718 scratch_bytes=1310720 row_bytes=80
BENCH_SOURCE_MAP count=16384 order=reverse sample=4 ns=1238254 scratch_bytes=1310720 row_bytes=80
BENCH_SOURCE_MAP count=16384 order=reverse sample=5 ns=832734 scratch_bytes=1310720 row_bytes=80
BENCH_SOURCE_MAP count=16384 order=reverse sample=6 ns=970170 scratch_bytes=1310720 row_bytes=80
BENCH_SOURCE_MAP count=16384 order=reverse sample=7 ns=882932 scratch_bytes=1310720 row_bytes=80
BENCH_SOURCE_MAP count=16384 order=permuted sample=1 ns=1702497 scratch_bytes=1310720 row_bytes=80
BENCH_SOURCE_MAP count=16384 order=permuted sample=2 ns=5673503 scratch_bytes=1310720 row_bytes=80
BENCH_SOURCE_MAP count=16384 order=permuted sample=3 ns=2632628 scratch_bytes=1310720 row_bytes=80
BENCH_SOURCE_MAP count=16384 order=permuted sample=4 ns=860816 scratch_bytes=1310720 row_bytes=80
BENCH_SOURCE_MAP count=16384 order=permuted sample=5 ns=1056846 scratch_bytes=1310720 row_bytes=80
BENCH_SOURCE_MAP count=16384 order=permuted sample=6 ns=887357 scratch_bytes=1310720 row_bytes=80
BENCH_SOURCE_MAP count=16384 order=permuted sample=7 ns=1166554 scratch_bytes=1310720 row_bytes=80
BENCH_SOURCE_MAP count=16384 order=boundaries sample=1 ns=1039852 scratch_bytes=1310720 row_bytes=80
BENCH_SOURCE_MAP count=16384 order=boundaries sample=2 ns=910492 scratch_bytes=1310720 row_bytes=80
BENCH_SOURCE_MAP count=16384 order=boundaries sample=3 ns=778911 scratch_bytes=1310720 row_bytes=80
BENCH_SOURCE_MAP count=16384 order=boundaries sample=4 ns=986478 scratch_bytes=1310720 row_bytes=80
BENCH_SOURCE_MAP count=16384 order=boundaries sample=5 ns=1033160 scratch_bytes=1310720 row_bytes=80
BENCH_SOURCE_MAP count=16384 order=boundaries sample=6 ns=937507 scratch_bytes=1310720 row_bytes=80
BENCH_SOURCE_MAP count=16384 order=boundaries sample=7 ns=1202182 scratch_bytes=1310720 row_bytes=80
BENCH_SOURCE_MAP count=65536 order=ordered sample=1 ns=201648 scratch_bytes=0 row_bytes=80
BENCH_SOURCE_MAP count=65536 order=ordered sample=2 ns=170246 scratch_bytes=0 row_bytes=80
BENCH_SOURCE_MAP count=65536 order=ordered sample=3 ns=196844 scratch_bytes=0 row_bytes=80
BENCH_SOURCE_MAP count=65536 order=ordered sample=4 ns=225641 scratch_bytes=0 row_bytes=80
BENCH_SOURCE_MAP count=65536 order=ordered sample=5 ns=170039 scratch_bytes=0 row_bytes=80
BENCH_SOURCE_MAP count=65536 order=ordered sample=6 ns=171565 scratch_bytes=0 row_bytes=80
BENCH_SOURCE_MAP count=65536 order=ordered sample=7 ns=170429 scratch_bytes=0 row_bytes=80
BENCH_SOURCE_MAP count=65536 order=equal sample=1 ns=170970 scratch_bytes=0 row_bytes=80
BENCH_SOURCE_MAP count=65536 order=equal sample=2 ns=169185 scratch_bytes=0 row_bytes=80
BENCH_SOURCE_MAP count=65536 order=equal sample=3 ns=170331 scratch_bytes=0 row_bytes=80
BENCH_SOURCE_MAP count=65536 order=equal sample=4 ns=485246 scratch_bytes=0 row_bytes=80
BENCH_SOURCE_MAP count=65536 order=equal sample=5 ns=173056 scratch_bytes=0 row_bytes=80
BENCH_SOURCE_MAP count=65536 order=equal sample=6 ns=175153 scratch_bytes=0 row_bytes=80
BENCH_SOURCE_MAP count=65536 order=equal sample=7 ns=172432 scratch_bytes=0 row_bytes=80
BENCH_SOURCE_MAP count=65536 order=reverse sample=1 ns=4550692 scratch_bytes=5242880 row_bytes=80
BENCH_SOURCE_MAP count=65536 order=reverse sample=2 ns=4136038 scratch_bytes=5242880 row_bytes=80
BENCH_SOURCE_MAP count=65536 order=reverse sample=3 ns=4598679 scratch_bytes=5242880 row_bytes=80
BENCH_SOURCE_MAP count=65536 order=reverse sample=4 ns=4065069 scratch_bytes=5242880 row_bytes=80
BENCH_SOURCE_MAP count=65536 order=reverse sample=5 ns=4140513 scratch_bytes=5242880 row_bytes=80
BENCH_SOURCE_MAP count=65536 order=reverse sample=6 ns=4055728 scratch_bytes=5242880 row_bytes=80
BENCH_SOURCE_MAP count=65536 order=reverse sample=7 ns=4119011 scratch_bytes=5242880 row_bytes=80
BENCH_SOURCE_MAP count=65536 order=permuted sample=1 ns=4222177 scratch_bytes=5242880 row_bytes=80
BENCH_SOURCE_MAP count=65536 order=permuted sample=2 ns=4341846 scratch_bytes=5242880 row_bytes=80
BENCH_SOURCE_MAP count=65536 order=permuted sample=3 ns=4247738 scratch_bytes=5242880 row_bytes=80
BENCH_SOURCE_MAP count=65536 order=permuted sample=4 ns=4240743 scratch_bytes=5242880 row_bytes=80
BENCH_SOURCE_MAP count=65536 order=permuted sample=5 ns=4559429 scratch_bytes=5242880 row_bytes=80
BENCH_SOURCE_MAP count=65536 order=permuted sample=6 ns=4980414 scratch_bytes=5242880 row_bytes=80
BENCH_SOURCE_MAP count=65536 order=permuted sample=7 ns=4838321 scratch_bytes=5242880 row_bytes=80
BENCH_SOURCE_MAP count=65536 order=boundaries sample=1 ns=3736368 scratch_bytes=5242880 row_bytes=80
BENCH_SOURCE_MAP count=65536 order=boundaries sample=2 ns=3618370 scratch_bytes=5242880 row_bytes=80
BENCH_SOURCE_MAP count=65536 order=boundaries sample=3 ns=3667918 scratch_bytes=5242880 row_bytes=80
BENCH_SOURCE_MAP count=65536 order=boundaries sample=4 ns=3766100 scratch_bytes=5242880 row_bytes=80
BENCH_SOURCE_MAP count=65536 order=boundaries sample=5 ns=3621776 scratch_bytes=5242880 row_bytes=80
BENCH_SOURCE_MAP count=65536 order=boundaries sample=6 ns=3958221 scratch_bytes=5242880 row_bytes=80
BENCH_SOURCE_MAP count=65536 order=boundaries sample=7 ns=4030746 scratch_bytes=5242880 row_bytes=80
METAMORPHIC target=linux-x64 allocator=none pairs=12 executed=12 unexecuted=0 failed=0
METAMORPHIC target=linux-x64 allocator=mir-stack pairs=12 executed=12 unexecuted=0 failed=0
METAMORPHIC target=linux-x64 allocator=fast pairs=12 executed=12 unexecuted=0 failed=0
METAMORPHIC target=linux-x64 allocator=quality pairs=12 executed=12 unexecuted=0 failed=0
A64_MEMORY_CENSUS rows=559 source_rows=559 seed_rows=559 representative_ok=480 representative_range=56 representative_reserved=23 representative_target_mismatch=0 representative_other=0 generated_words=5814 legal_candidates=4820 exercised_rows=535
A64_DIRECT_SIMD_COVERAGE rows=390 executable=390 transform=263 bindings=658 spellings=392 covered=390 remaining=0 covered_transform=263 covered_no_transform=127 uncovered_transform=0 uncovered_no_transform=0
X86_SOURCE_REACHABILITY form=9842 canonical=1 direct=1 operands=2 source=1 match=1 diag=9 direct_bytes=3:72 source_bytes=3:72 mismatch=4294967295:0:0 class=0
X86_SOURCE_REACHABILITY form=6939 canonical=1 direct=1 operands=4 source=1 match=1 diag=9 direct_bytes=6:98 source_bytes=6:98 mismatch=4294967295:0:0 class=0
X86_SOURCE_REACHABILITY form=567 canonical=1 direct=1 operands=3 source=1 match=1 diag=9 direct_bytes=6:98 source_bytes=6:98 mismatch=4294967295:0:0 class=0
X86_SOURCE_DECORATOR form=6938 direct=1 intel=1 att=1 intel_class=0 att_class=0 bytes=6
X86_SOURCE_DECORATOR form=6967 direct=1 intel=1 att=1 intel_class=0 att_class=0 bytes=7
X86_SOURCE_DECORATOR form=6939 direct=1 intel=1 att=1 intel_class=0 att_class=0 bytes=6
X86_SOURCE_DECORATOR form=6939 direct=1 intel=1 att=1 intel_class=0 att_class=0 bytes=6
X86_SOURCE_DECORATOR form=6939 direct=1 intel=1 att=1 intel_class=0 att_class=0 bytes=6
X86_SOURCE_DECORATOR form=6939 direct=1 intel=1 att=1 intel_class=0 att_class=0 bytes=6
X86_SOURCE_DECORATOR form=561 direct=1 intel=1 att=1 intel_class=0 att_class=0 bytes=6
X86_SOURCE_DECORATOR form=779 direct=1 intel=1 att=1 intel_class=0 att_class=0 bytes=6
X86_SOURCE_MEMORY_SKELETON form=3239 success=1 diag=9 source=VBROADCASTSS ymm0, dword ptr [rax]

X86_SOURCE_MEMORY_SKELETON form=6460 success=1 diag=9 source=VPSLLD ymm0, ymm0, dword ptr [rax]

X86_SOURCE_MEMORY_SKELETON form=7725 success=1 diag=9 source=VPSRLD zmm0, zmm0, dword ptr [rax]

X86_SOURCE_MEMORY_SKELETON form=3777 success=1 diag=9 source=VCVTBF42HF8 xmm0, qword ptr [rax]

X86_SOURCE_IMMEDIATE_SKELETON form=9247 success=1 diag=9 source=ADD cl, 0x7f
 direct_bytes=3:128 source_bytes=3:128 match=1
X86_SOURCE_IMMEDIATE_SKELETON form=9247 success=1 diag=9 source=ADD cl, -0x80
 direct_bytes=3:128 source_bytes=3:128 match=1
X86_SOURCE_IMMEDIATE_SKELETON form=10018 success=1 diag=9 source=MOV rcx, 0x1122334455667788
 direct_bytes=10:72 source_bytes=10:72 match=1
X86_SOURCE_IMMEDIATE_SKELETON form=552 success=1 diag=9 source=ADD ax, word ptr [rax], 0x5
 direct_bytes=7:98 source_bytes=7:98 match=1
X86_SOURCE_IMMEDIATE_SKELETON form=552 success=1 diag=9 source=ADD ax, word ptr [rax], -0x80
 direct_bytes=7:98 source_bytes=7:98 match=1
X86_SOURCE_IMMEDIATE_SKELETON form=7740 success=1 diag=9 source=VPTERNLOGD zmm16, zmm17, zmm18, 0x7
 direct_bytes=7:98 source_bytes=7:98 match=1
X86_SOURCE_RELATIVE_LOCAL syntax=2 form=9805 success=1
X86_SOURCE_RELATIVE_LOCAL syntax=1 form=9805 success=1
X86_SOURCE_RELATIVE_ADDEND syntax=2 form=10249 success=1
X86_SOURCE_RELATIVE_ADDEND syntax=1 form=10249 success=1
X86_SOURCE_RELATIVE_NEAR_LOCAL syntax=2 form=10063 success=1
X86_SOURCE_RELATIVE_NEAR_LOCAL syntax=1 form=10063 success=1
X86_SOURCE_RELATIVE_NEAR_ADDEND syntax=2 form=10060 success=1
X86_SOURCE_RELATIVE_NEAR_ADDEND syntax=1 form=10060 success=1
X86_SOURCE_ABSOLUTE syntax=2 form=2931 success=1
X86_SOURCE_ABSOLUTE syntax=1 form=2931 success=1
X86_SOURCE_ATT_MEMORY form=9845 selected=9845 select_status=19 status=19 reloc=0 direct=1 source=1 match=1 bytes=5 direct_first=72 source_first=72
X86_SOURCE_ATT_MEMORY form=6460 selected=6460 select_status=19 status=19 reloc=0 direct=1 source=1 match=1 bytes=7 direct_first=98 source_first=98
X86_SOURCE_ATT_MEMORY form=6940 selected=6940 select_status=19 status=19 reloc=0 direct=1 source=1 match=1 bytes=6 direct_first=98 source_first=98
X86_SOURCE_ATT_MEMORY form=5584 selected=5584 select_status=19 status=19 reloc=0 direct=1 source=1 match=1 bytes=6 direct_first=98 source_first=98
X86_SOURCE_ATT_MEMORY form=9845 selected=9845 select_status=19 status=19 reloc=0 direct=1 source=1 match=1 bytes=4 direct_first=100 source_first=100
X86_COMPLETION_LEDGER digest=7081672348952696532 forms=11013 normalized=10607 emitted=10607 blocked=406 operands=32813 dup_form=0 dup_hash=0 zero_hash=0 emitted_blocker=0
X86_COMPLETION_OPERAND kind=0 total=0 visible=0
X86_COMPLETION_OPERAND kind=1 total=24461 visible=22643
X86_COMPLETION_OPERAND kind=2 total=5412 visible=5170
X86_COMPLETION_OPERAND kind=3 total=2243 visible=2043
X86_COMPLETION_OPERAND kind=4 total=84 visible=84
X86_COMPLETION_OPERAND kind=5 total=1 visible=1
X86_COMPLETION_OPERAND kind=6 total=246 visible=4
X86_COMPLETION_OPERAND kind=7 total=244 visible=0
X86_COMPLETION_OPERAND kind=8 total=9 visible=9
X86_COMPLETION_OPERAND kind=9 total=113 visible=6
X86_COMPLETION_VISIBLE count=0 rows=412
X86_COMPLETION_VISIBLE count=1 rows=858
X86_COMPLETION_VISIBLE count=2 rows=3420
X86_COMPLETION_VISIBLE count=3 rows=3375
X86_COMPLETION_VISIBLE count=4 rows=2603
X86_COMPLETION_VISIBLE count=5 rows=345
X86_COMPLETION_COHORT cohort=0 field=10609,10,80,5377,10416,3276,2216,87,87 decorator=4061,3527,1145,345,345 apx=2473,2450,1622,806,640,75 amx=49,10,4,2
X86_COMPLETION_COHORT cohort=1 field=10275,10,80,5213,10042,3244,2159,46,46 decorator=4056,3524,1145,325,325 apx=2465,2442,1614,806,640,69 amx=49,10,4,2
X86_COMPLETION_COHORT cohort=2 field=10275,10,80,5213,10042,3244,2159,46,46 decorator=4056,3524,1145,325,325 apx=2465,2442,1614,806,640,69 amx=49,10,4,2
X86_COMPLETION_COHORT cohort=3 field=334,0,0,164,374,32,57,41,41 decorator=5,3,0,20,20 apx=8,8,8,0,0,6 amx=0,0,0,0
X86_COMPLETION_FAMILY family=0 all=1929,1784,145 normalized=1784,1784,0
X86_COMPLETION_FAMILY family=1 all=202,197,5 normalized=197,197,0
X86_COMPLETION_FAMILY family=2 all=5,5,0 normalized=5,5,0
X86_COMPLETION_FAMILY family=3 all=1698,1644,54 normalized=1644,1644,0
X86_COMPLETION_FAMILY family=4 all=196,176,20 normalized=176,176,0
X86_COMPLETION_FAMILY family=5 all=6812,6728,84 normalized=6728,6728,0
X86_COMPLETION_FAMILY family=6 all=49,49,0 normalized=49,49,0
X86_COMPLETION_FAMILY family=7 all=122,24,98 normalized=24,24,0
X86_COMPLETION_BLOCKER blocker=0 count=10607
X86_COMPLETION_BLOCKER blocker=1 count=270
X86_COMPLETION_BLOCKER blocker=2 count=108
X86_COMPLETION_BLOCKER blocker=3 count=1
X86_COMPLETION_BLOCKER blocker=4 count=0
X86_COMPLETION_BLOCKER blocker=5 count=0
X86_COMPLETION_BLOCKER blocker=6 count=0
X86_COMPLETION_BLOCKER blocker=7 count=0
X86_COMPLETION_BLOCKER blocker=8 count=0
X86_COMPLETION_BLOCKER blocker=9 count=0
X86_COMPLETION_BLOCKER blocker=10 count=0
X86_COMPLETION_BLOCKER blocker=11 count=0
X86_COMPLETION_BLOCKER blocker=12 count=27
X86_COMPLETION_INVARIANTS duplicate_form=0 duplicate_hash=0 zero_hash=0 emitted_blocker=0
X86_SOURCE_REGISTER_FAILURE form=6 class=2 diag=6 iclass=BSRMOVF iform=BSRMOVF_BSR0_ZMMu64_ZMMu64 source=BSRMOVF zmm16, zmm17
 mismatch=4294967295:0:0
X86_SOURCE_REGISTER_FAILURE form=8 class=2 diag=6 iclass=BSRMOVH iform=BSRMOVH_BSR0_ZMMu64 source=BSRMOVH bsr0, zmm16
 mismatch=4294967295:0:0
X86_SOURCE_REGISTER_FAILURE form=10 class=2 diag=6 iclass=BSRMOVH iform=BSRMOVH_ZMMu64_BSR0 source=BSRMOVH zmm16, bsr0
 mismatch=4294967295:0:0
X86_SOURCE_REGISTER_FAILURE form=20 class=3 diag=5 iclass=TOP2BF16PS iform=TOP2BF16PS_TMMf32_ZMMbf16_ZMMbf16 source=TOP2BF16PS tmm0, zmm0, zmm0
 mismatch=4294967295:0:0
X86_SOURCE_REGISTER_FAILURE form=21 class=3 diag=5 iclass=TOP4BSSD iform=TOP4BSSD_TMMu32_ZMMi8_ZMMi8 source=TOP4BSSD tmm0, zmm0, zmm0
 mismatch=4294967295:0:0
X86_SOURCE_REGISTER_FAILURE form=22 class=3 diag=5 iclass=TOP4BSUD iform=TOP4BSUD_TMMu32_ZMMi8_ZMMu8 source=TOP4BSUD tmm0, zmm0, zmm0
 mismatch=4294967295:0:0
X86_SOURCE_REGISTER_FAILURE form=495 class=5 diag=9 iclass=ADC iform=ADC_GPR8i8_GPR8i8_APX source=ADC r16b, r17b
 mismatch=0:98:213
X86_SOURCE_REGISTER_FAILURE form=501 class=5 diag=9 iclass=ADC iform=ADC_GPRv_GPRv_APX source=ADC r16, r17
 mismatch=0:98:213
X86_SOURCE_REGISTER_FAILURE form=503 class=5 diag=9 iclass=ADC iform=ADC_GPRv_GPRv_APX source=ADC r16w, r17w
 mismatch=0:98:102
X86_SOURCE_REGISTER_FAILURE form=9003 class=1 diag=4 iclass=REP_XSTORE iform= source=REP_XSTORE
 mismatch=4294967295:0:0
X86_SOURCE_REGISTER_FAILURE form=9004 class=1 diag=4 iclass=REP_XCRYPTECB iform= source=REP_XCRYPTECB
 mismatch=4294967295:0:0
X86_SOURCE_REGISTER_FAILURE form=9005 class=1 diag=4 iclass=REP_XCRYPTCBC iform= source=REP_XCRYPTCBC
 mismatch=4294967295:0:0
X86_SOURCE_REGISTER_FAILURE form=9178 class=4 diag=5 iclass=FSETPM287_NOP iform= source=FSETPM287_NOP
 mismatch=4294967295:0:0
X86_SOURCE_REGISTER_FAILURE form=9179 class=4 diag=5 iclass=FENI8087_NOP iform= source=FENI8087_NOP
 mismatch=4294967295:0:0
X86_SOURCE_REGISTER_FAILURE form=9180 class=4 diag=5 iclass=FDISI8087_NOP iform= source=FDISI8087_NOP
 mismatch=4294967295:0:0
X86_SOURCE_REGISTER_CENSUS emitted=10607 register_only=4485 success=3285 syntax=124 policy=267 ambiguity=208 implicit=20 gap=581
MACHINE_ALIAS_RANGE architecture=0 mixed=0 before_spill_reload=295 after_spill_reload=207
MACHINE_ALIAS_RANGE architecture=0 mixed=1 before_spill_reload=294 after_spill_reload=206
MACHINE_ALIAS_RANGE architecture=1 mixed=0 before_spill_reload=155 after_spill_reload=65
MACHINE_ALIAS_RANGE architecture=1 mixed=1 before_spill_reload=155 after_spill_reload=65
CODEVIEW_SCOPE_ALLOCATION functions=256 scopes=768 bytes=144672
CODEVIEW_SCOPE_ALLOCATION functions=1024 scopes=3072 bytes=576288
1504 frontend-to-Wasm integer checks passed
MIR_COVERAGE target=x86_64-unknown-linux allocator=-fregister-allocator=mir-stack frontend=-fno-frontend-ssa fixtures=14 strict_successes=14 expected_rejections=0 failures=0
MIR_COVERAGE target=x86_64-unknown-linux allocator=-fregister-allocator=mir-stack frontend=-ffrontend-ssa fixtures=14 strict_successes=14 expected_rejections=0 failures=0
MIR_COVERAGE target=x86_64-unknown-linux allocator=-fregister-allocator=fast frontend=-fno-frontend-ssa fixtures=14 strict_successes=14 expected_rejections=0 failures=0
MIR_COVERAGE target=x86_64-unknown-linux allocator=-fregister-allocator=fast frontend=-ffrontend-ssa fixtures=14 strict_successes=14 expected_rejections=0 failures=0
MIR_COVERAGE target=x86_64-unknown-linux allocator=-fregister-allocator=quality frontend=-fno-frontend-ssa fixtures=14 strict_successes=14 expected_rejections=0 failures=0
MIR_COVERAGE target=x86_64-unknown-linux allocator=-fregister-allocator=quality frontend=-ffrontend-ssa fixtures=14 strict_successes=14 expected_rejections=0 failures=0
MIR_COVERAGE target=aarch64-unknown-linux allocator=-fregister-allocator=mir-stack frontend=-fno-frontend-ssa fixtures=14 strict_successes=14 expected_rejections=0 failures=0
MIR_COVERAGE target=aarch64-unknown-linux allocator=-fregister-allocator=mir-stack frontend=-ffrontend-ssa fixtures=14 strict_successes=14 expected_rejections=0 failures=0
MIR_COVERAGE target=aarch64-unknown-linux allocator=-fregister-allocator=fast frontend=-fno-frontend-ssa fixtures=14 strict_successes=14 expected_rejections=0 failures=0
MIR_COVERAGE target=aarch64-unknown-linux allocator=-fregister-allocator=fast frontend=-ffrontend-ssa fixtures=14 strict_successes=14 expected_rejections=0 failures=0
MIR_COVERAGE target=aarch64-unknown-linux allocator=-fregister-allocator=quality frontend=-fno-frontend-ssa fixtures=14 strict_successes=14 expected_rejections=0 failures=0
MIR_COVERAGE target=aarch64-unknown-linux allocator=-fregister-allocator=quality frontend=-ffrontend-ssa fixtures=14 strict_successes=14 expected_rejections=0 failures=0
MIR_COVERAGE target=x86_64-apple-macos allocator=-fregister-allocator=mir-stack frontend=-fno-frontend-ssa fixtures=14 strict_successes=14 expected_rejections=0 failures=0
MIR_COVERAGE target=x86_64-apple-macos allocator=-fregister-allocator=mir-stack frontend=-ffrontend-ssa fixtures=14 strict_successes=14 expected_rejections=0 failures=0
MIR_COVERAGE target=x86_64-apple-macos allocator=-fregister-allocator=fast frontend=-fno-frontend-ssa fixtures=14 strict_successes=14 expected_rejections=0 failures=0
MIR_COVERAGE target=x86_64-apple-macos allocator=-fregister-allocator=fast frontend=-ffrontend-ssa fixtures=14 strict_successes=14 expected_rejections=0 failures=0
MIR_COVERAGE target=x86_64-apple-macos allocator=-fregister-allocator=quality frontend=-fno-frontend-ssa fixtures=14 strict_successes=14 expected_rejections=0 failures=0
MIR_COVERAGE target=x86_64-apple-macos allocator=-fregister-allocator=quality frontend=-ffrontend-ssa fixtures=14 strict_successes=14 expected_rejections=0 failures=0
MIR_COVERAGE target=aarch64-apple-macos allocator=-fregister-allocator=mir-stack frontend=-fno-frontend-ssa fixtures=14 strict_successes=14 expected_rejections=0 failures=0
MIR_COVERAGE target=aarch64-apple-macos allocator=-fregister-allocator=mir-stack frontend=-ffrontend-ssa fixtures=14 strict_successes=14 expected_rejections=0 failures=0
MIR_COVERAGE target=aarch64-apple-macos allocator=-fregister-allocator=fast frontend=-fno-frontend-ssa fixtures=14 strict_successes=14 expected_rejections=0 failures=0
MIR_COVERAGE target=aarch64-apple-macos allocator=-fregister-allocator=fast frontend=-ffrontend-ssa fixtures=14 strict_successes=14 expected_rejections=0 failures=0
MIR_COVERAGE target=aarch64-apple-macos allocator=-fregister-allocator=quality frontend=-fno-frontend-ssa fixtures=14 strict_successes=14 expected_rejections=0 failures=0
MIR_COVERAGE target=aarch64-apple-macos allocator=-fregister-allocator=quality frontend=-ffrontend-ssa fixtures=14 strict_successes=14 expected_rejections=0 failures=0
MIR_COVERAGE target=x86_64-unknown-windows allocator=-fregister-allocator=mir-stack frontend=-fno-frontend-ssa fixtures=14 strict_successes=14 expected_rejections=0 failures=0
MIR_COVERAGE target=x86_64-unknown-windows allocator=-fregister-allocator=mir-stack frontend=-ffrontend-ssa fixtures=14 strict_successes=14 expected_rejections=0 failures=0
MIR_COVERAGE target=x86_64-unknown-windows allocator=-fregister-allocator=fast frontend=-fno-frontend-ssa fixtures=14 strict_successes=14 expected_rejections=0 failures=0
MIR_COVERAGE target=x86_64-unknown-windows allocator=-fregister-allocator=fast frontend=-ffrontend-ssa fixtures=14 strict_successes=14 expected_rejections=0 failures=0
MIR_COVERAGE target=x86_64-unknown-windows allocator=-fregister-allocator=quality frontend=-fno-frontend-ssa fixtures=14 strict_successes=14 expected_rejections=0 failures=0
MIR_COVERAGE target=x86_64-unknown-windows allocator=-fregister-allocator=quality frontend=-ffrontend-ssa fixtures=14 strict_successes=14 expected_rejections=0 failures=0
MIR_COVERAGE target=aarch64-unknown-windows allocator=-fregister-allocator=mir-stack frontend=-fno-frontend-ssa fixtures=14 strict_successes=14 expected_rejections=0 failures=0
MIR_COVERAGE target=aarch64-unknown-windows allocator=-fregister-allocator=mir-stack frontend=-ffrontend-ssa fixtures=14 strict_successes=14 expected_rejections=0 failures=0
MIR_COVERAGE target=aarch64-unknown-windows allocator=-fregister-allocator=fast frontend=-fno-frontend-ssa fixtures=14 strict_successes=14 expected_rejections=0 failures=0
MIR_COVERAGE target=aarch64-unknown-windows allocator=-fregister-allocator=fast frontend=-ffrontend-ssa fixtures=14 strict_successes=14 expected_rejections=0 failures=0
MIR_COVERAGE target=aarch64-unknown-windows allocator=-fregister-allocator=quality frontend=-fno-frontend-ssa fixtures=14 strict_successes=14 expected_rejections=0 failures=0
MIR_COVERAGE target=aarch64-unknown-windows allocator=-fregister-allocator=quality frontend=-ffrontend-ssa fixtures=14 strict_successes=14 expected_rejections=0 failures=0
/usr/bin/ld: warning: /dev/shm/buster-issue104-tmp/buster-tests-5-1-89095919502406/buster-sseup-5.o: missing .note.GNU-stack section implies executable stack
/usr/bin/ld: NOTE: This behaviour is deprecated and will be removed in a future version of the linker
/usr/bin/ld: warning: /dev/shm/buster-issue104-tmp/buster-tests-5-1-89095919502406/buster-sseup-5.o: missing .note.GNU-stack section implies executable stack
/usr/bin/ld: NOTE: This behaviour is deprecated and will be removed in a future version of the linker
/usr/bin/ld: warning: /dev/shm/buster-issue104-tmp/buster-tests-5-1-89095919502406/buster-sseup-5.o: missing .note.GNU-stack section implies executable stack
/usr/bin/ld: NOTE: This behaviour is deprecated and will be removed in a future version of the linker
/usr/bin/ld: warning: /dev/shm/buster-issue104-tmp/buster-tests-5-1-89095919502406/buster-sseup-5.o: missing .note.GNU-stack section implies executable stack
/usr/bin/ld: NOTE: This behaviour is deprecated and will be removed in a future version of the linker
/usr/bin/ld: warning: /dev/shm/buster-issue104-tmp/buster-tests-5-1-89095919502406/buster-sseup-5.o: missing .note.GNU-stack section implies executable stack
/usr/bin/ld: NOTE: This behaviour is deprecated and will be removed in a future version of the linker
/usr/bin/ld: warning: /dev/shm/buster-issue104-tmp/buster-tests-5-1-89095919502406/buster-sseup-5.o: missing .note.GNU-stack section implies executable stack
/usr/bin/ld: NOTE: This behaviour is deprecated and will be removed in a future version of the linker
/usr/bin/ld: warning: /dev/shm/buster-issue104-tmp/buster-tests-5-1-89095919502406/buster-sseup-5.o: missing .note.GNU-stack section implies executable stack
/usr/bin/ld: NOTE: This behaviour is deprecated and will be removed in a future version of the linker
/usr/bin/ld: warning: /dev/shm/buster-issue104-tmp/buster-tests-5-1-89095919502406/buster-sseup-5.o: missing .note.GNU-stack section implies executable stack
/usr/bin/ld: NOTE: This behaviour is deprecated and will be removed in a future version of the linker
/usr/bin/ld: warning: /dev/shm/buster-issue104-tmp/buster-tests-5-1-89095919502406/buster-sseup-5.o: missing .note.GNU-stack section implies executable stack
/usr/bin/ld: NOTE: This behaviour is deprecated and will be removed in a future version of the linker
/usr/bin/ld: warning: /dev/shm/buster-issue104-tmp/buster-tests-5-1-89095919502406/buster-sseup-5.o: missing .note.GNU-stack section implies executable stack
/usr/bin/ld: NOTE: This behaviour is deprecated and will be removed in a future version of the linker
/usr/bin/ld: warning: /dev/shm/buster-issue104-tmp/buster-tests-5-1-89095919502406/buster-sseup-5.o: missing .note.GNU-stack section implies executable stack
/usr/bin/ld: NOTE: This behaviour is deprecated and will be removed in a future version of the linker
/usr/bin/ld: warning: /dev/shm/buster-issue104-tmp/buster-tests-5-1-89095919502406/buster-sseup-5.o: missing .note.GNU-stack section implies executable stack
/usr/bin/ld: NOTE: This behaviour is deprecated and will be removed in a future version of the linker
/usr/bin/ld: warning: /dev/shm/buster-issue104-tmp/buster-tests-5-1-89095919502406/buster-sseup-5.o: missing .note.GNU-stack section implies executable stack
/usr/bin/ld: NOTE: This behaviour is deprecated and will be removed in a future version of the linker
/usr/bin/ld: warning: /dev/shm/buster-issue104-tmp/buster-tests-5-1-89095919502406/buster-sseup-5.o: missing .note.GNU-stack section implies executable stack
/usr/bin/ld: NOTE: This behaviour is deprecated and will be removed in a future version of the linker
/usr/bin/ld: warning: /dev/shm/buster-issue104-tmp/buster-tests-5-1-89095919502406/buster-sseup-5.o: missing .note.GNU-stack section implies executable stack
/usr/bin/ld: NOTE: This behaviour is deprecated and will be removed in a future version of the linker
/usr/bin/ld: warning: /dev/shm/buster-issue104-tmp/buster-tests-5-1-89095919502406/buster-sseup-5.o: missing .note.GNU-stack section implies executable stack
/usr/bin/ld: NOTE: This behaviour is deprecated and will be removed in a future version of the linker
warning: overriding the module target triple with x86_64-pc-linux-gnu [-Woverride-module]
1 warning generated.
14/14 frontend-to-Wasm over-aligned scalar checks passed
245 independent Wasm local aggregate executions passed
245 independent Wasm local aggregate executions passed
3254/3254 scalar integer Wasm64 engine checks passed
memory operand ok
Error creating a process: "No such file or directory" => qemu-aarch64 --version
Error creating a process: "No such file or directory" => wine --version
weak reference bound to the library
weak reference bound to the library
weak reference bound to the library
weak reference bound to the library
[19561267/19561267] Unit tests
[47/47] Module tests
[0/0] External tests
