BQ_BROKER_ZEN5_SELF_TEST checks=247 result=pass
BUSTER_SYSTEMD_BROKER_SELF_TEST checks=161 result=pass
BQ_CREDENTIAL_GATE_SELF_TEST checks=29 result=pass
service result=126 execs=1 expected=1
candidate result=126 execs=1 expected=1
throughput result=126 execs=1 expected=1
pid1_added_service result=126 execs=0 expected=0
pid1_omitted_group result=126 execs=0 expected=0
pid1_oversized_set result=126 execs=0 expected=0
pid1_changed_uid result=126 execs=0 expected=0
pid1_root result=126 execs=0 expected=0
pid1_changed_gid result=126 execs=0 expected=0
duplicate_pin result=126 execs=0 expected=0
root_pin result=126 execs=0 expected=0
trailing_comma result=126 execs=0 expected=0
wrong_program result=126 execs=0 expected=0
wrong_operation result=126 execs=0 expected=0
Bq static ELF probe result=pass
BQ_BROKER_ENTRY_TEST checks=346 failures=0 result=pass
clean_start op=1 signal=0 ids=65000:65000,65001:65001,65002:65002 receipt_reads=2 state=1 manager_execs=0
clean_cont op=2 signal=3 ids=65000:65000,65001:65001,65002:65002 receipt_reads=2 state=1 manager_execs=0
changed_service_uid_start op=1 signal=0 ids=65003:65000,65001:65001,65002:65002 receipt_reads=2 state=0 manager_execs=0
changed_service_uid_cont op=2 signal=3 ids=65003:65000,65001:65001,65002:65002 receipt_reads=2 state=0 manager_execs=0
changed_service_gid_start op=1 signal=0 ids=65000:65003,65001:65001,65002:65002 receipt_reads=2 state=0 manager_execs=0
changed_service_gid_cont op=2 signal=3 ids=65000:65003,65001:65001,65002:65002 receipt_reads=2 state=0 manager_execs=0
changed_candidate_uid_start op=1 signal=0 ids=65000:65000,65003:65001,65002:65002 receipt_reads=2 state=0 manager_execs=0
changed_candidate_uid_cont op=2 signal=3 ids=65000:65000,65003:65001,65002:65002 receipt_reads=2 state=0 manager_execs=0
changed_candidate_gid_start op=1 signal=0 ids=65000:65000,65001:65003,65002:65002 receipt_reads=2 state=0 manager_execs=0
changed_candidate_gid_cont op=2 signal=3 ids=65000:65000,65001:65003,65002:65002 receipt_reads=2 state=0 manager_execs=0
changed_runner_uid_start op=1 signal=0 ids=65000:65000,65001:65001,65003:65002 receipt_reads=2 state=0 manager_execs=0
changed_runner_uid_cont op=2 signal=3 ids=65000:65000,65001:65001,65003:65002 receipt_reads=2 state=0 manager_execs=0
changed_runner_gid_start op=1 signal=0 ids=65000:65000,65001:65001,65002:65003 receipt_reads=2 state=0 manager_execs=0
changed_runner_gid_cont op=2 signal=3 ids=65000:65000,65001:65001,65002:65003 receipt_reads=2 state=0 manager_execs=0
missing_start op=1 signal=0 ids=65000:65000,65001:65001,65002:65002 receipt_reads=0 state=0 manager_execs=0
missing_cont op=2 signal=3 ids=65000:65000,65001:65001,65002:65002 receipt_reads=0 state=0 manager_execs=0
mismatched_start op=1 signal=0 ids=65000:65000,65001:65001,65002:65002 receipt_reads=2 state=0 manager_execs=0
mismatched_cont op=2 signal=3 ids=65000:65000,65001:65001,65002:65002 receipt_reads=2 state=0 manager_execs=0
crlf_start op=1 signal=0 ids=65000:65000,65001:65001,65002:65002 receipt_reads=2 state=0 manager_execs=0
crlf_cont op=2 signal=3 ids=65000:65000,65001:65001,65002:65002 receipt_reads=2 state=0 manager_execs=0
leading_zero_start op=1 signal=0 ids=65000:65000,65001:65001,65002:65002 receipt_reads=2 state=0 manager_execs=0
leading_zero_cont op=2 signal=3 ids=65000:65000,65001:65001,65002:65002 receipt_reads=2 state=0 manager_execs=0
truncated_start op=1 signal=0 ids=65000:65000,65001:65001,65002:65002 receipt_reads=2 state=0 manager_execs=0
truncated_cont op=2 signal=3 ids=65000:65000,65001:65001,65002:65002 receipt_reads=2 state=0 manager_execs=0
duplicate_start op=1 signal=0 ids=65000:65000,65001:65001,65002:65002 receipt_reads=2 state=0 manager_execs=0
duplicate_cont op=2 signal=3 ids=65000:65000,65001:65001,65002:65002 receipt_reads=2 state=0 manager_execs=0
extra_start op=1 signal=0 ids=65000:65000,65001:65001,65002:65002 receipt_reads=2 state=0 manager_execs=0
extra_cont op=2 signal=3 ids=65000:65000,65001:65001,65002:65002 receipt_reads=2 state=0 manager_execs=0
file_owner_start op=1 signal=0 ids=65000:65000,65001:65001,65002:65002 receipt_reads=0 state=0 manager_execs=0
file_owner_cont op=2 signal=3 ids=65000:65000,65001:65001,65002:65002 receipt_reads=0 state=0 manager_execs=0
file_mode_start op=1 signal=0 ids=65000:65000,65001:65001,65002:65002 receipt_reads=0 state=0 manager_execs=0
file_mode_cont op=2 signal=3 ids=65000:65000,65001:65001,65002:65002 receipt_reads=0 state=0 manager_execs=0
file_link_start op=1 signal=0 ids=65000:65000,65001:65001,65002:65002 receipt_reads=0 state=0 manager_execs=0
file_link_cont op=2 signal=3 ids=65000:65000,65001:65001,65002:65002 receipt_reads=0 state=0 manager_execs=0
file_type_start op=1 signal=0 ids=65000:65000,65001:65001,65002:65002 receipt_reads=0 state=0 manager_execs=0
file_type_cont op=2 signal=3 ids=65000:65000,65001:65001,65002:65002 receipt_reads=0 state=0 manager_execs=0
file_oversize_start op=1 signal=0 ids=65000:65000,65001:65001,65002:65002 receipt_reads=0 state=0 manager_execs=0
file_oversize_cont op=2 signal=3 ids=65000:65000,65001:65001,65002:65002 receipt_reads=0 state=0 manager_execs=0
directory_owner_start op=1 signal=0 ids=65000:65000,65001:65001,65002:65002 receipt_reads=0 state=0 manager_execs=0
directory_owner_cont op=2 signal=3 ids=65000:65000,65001:65001,65002:65002 receipt_reads=0 state=0 manager_execs=0
directory_mode_start op=1 signal=0 ids=65000:65000,65001:65001,65002:65002 receipt_reads=0 state=0 manager_execs=0
directory_mode_cont op=2 signal=3 ids=65000:65000,65001:65001,65002:65002 receipt_reads=0 state=0 manager_execs=0
after_inode_start op=1 signal=0 ids=65000:65000,65001:65001,65002:65002 receipt_reads=2 state=0 manager_execs=0
after_inode_cont op=2 signal=3 ids=65000:65000,65001:65001,65002:65002 receipt_reads=2 state=0 manager_execs=0
after_mtime_start op=1 signal=0 ids=65000:65000,65001:65001,65002:65002 receipt_reads=2 state=0 manager_execs=0
after_mtime_cont op=2 signal=3 ids=65000:65000,65001:65001,65002:65002 receipt_reads=2 state=0 manager_execs=0
after_ctime_start op=1 signal=0 ids=65000:65000,65001:65001,65002:65002 receipt_reads=2 state=0 manager_execs=0
after_ctime_cont op=2 signal=3 ids=65000:65000,65001:65001,65002:65002 receipt_reads=2 state=0 manager_execs=0
missing_term_cleanup op=2 signal=1 ids=65000:65000,65001:65001,65002:65002 receipt_reads=0 state=1 manager_execs=0
missing_kill_cleanup op=2 signal=2 ids=65000:65000,65001:65001,65002:65002 receipt_reads=0 state=1 manager_execs=0
mismatched_term_cleanup op=2 signal=1 ids=65000:65000,65001:65001,65002:65002 receipt_reads=0 state=1 manager_execs=0
mismatched_kill_cleanup op=2 signal=2 ids=65000:65000,65001:65001,65002:65002 receipt_reads=0 state=1 manager_execs=0
BROKER_SOCKET_FIXTURE path=/proc/self/bq-broker-missing.sock verified=no
BROKER_PRIVATE_PAYLOAD path=/proc/self/bq-broker-missing-payload verified=no
BROKER_IDENTITY_SELF_TEST checks=34 failures=0
valid op=1 service_extra=65001 candidate_extra=65001 runner_extra=65002 list_failure=0 queries=3 protected_path_checked=1
service_missing_candidate op=1 service_extra=65000 candidate_extra=65001 runner_extra=65002 list_failure=0 queries=1 protected_path_checked=0
service_root op=1 service_extra=0 candidate_extra=65001 runner_extra=65002 list_failure=0 queries=1 protected_path_checked=0
service_foreign op=1 service_extra=65003 candidate_extra=65001 runner_extra=65002 list_failure=0 queries=1 protected_path_checked=0
candidate_service op=1 service_extra=65001 candidate_extra=65000 runner_extra=65002 list_failure=0 queries=2 protected_path_checked=0
candidate_root op=1 service_extra=65001 candidate_extra=0 runner_extra=65002 list_failure=0 queries=2 protected_path_checked=0
candidate_foreign op=1 service_extra=65001 candidate_extra=65003 runner_extra=65002 list_failure=0 queries=2 protected_path_checked=0
runner_service op=1 service_extra=65001 candidate_extra=65001 runner_extra=65000 list_failure=0 queries=3 protected_path_checked=0
runner_root op=1 service_extra=65001 candidate_extra=65001 runner_extra=0 list_failure=0 queries=3 protected_path_checked=0
runner_candidate op=1 service_extra=65001 candidate_extra=65001 runner_extra=65001 list_failure=0 queries=3 protected_path_checked=0
runner_foreign op=1 service_extra=65001 candidate_extra=65001 runner_extra=65003 list_failure=0 queries=3 protected_path_checked=0
nss_oversize op=1 service_extra=65001 candidate_extra=65001 runner_extra=65002 list_failure=1 queries=1 protected_path_checked=0
nss_failure op=1 service_extra=65001 candidate_extra=65001 runner_extra=65002 list_failure=2 queries=1 protected_path_checked=0
valid op=2 service_extra=65001 candidate_extra=65001 runner_extra=65002 list_failure=0 queries=3 protected_path_checked=1
service_missing_candidate op=2 service_extra=65000 candidate_extra=65001 runner_extra=65002 list_failure=0 queries=1 protected_path_checked=0
service_root op=2 service_extra=0 candidate_extra=65001 runner_extra=65002 list_failure=0 queries=1 protected_path_checked=0
service_foreign op=2 service_extra=65003 candidate_extra=65001 runner_extra=65002 list_failure=0 queries=1 protected_path_checked=0
candidate_service op=2 service_extra=65001 candidate_extra=65000 runner_extra=65002 list_failure=0 queries=2 protected_path_checked=0
candidate_root op=2 service_extra=65001 candidate_extra=0 runner_extra=65002 list_failure=0 queries=2 protected_path_checked=0
candidate_foreign op=2 service_extra=65001 candidate_extra=65003 runner_extra=65002 list_failure=0 queries=2 protected_path_checked=0
runner_service op=2 service_extra=65001 candidate_extra=65001 runner_extra=65000 list_failure=0 queries=3 protected_path_checked=0
runner_root op=2 service_extra=65001 candidate_extra=65001 runner_extra=0 list_failure=0 queries=3 protected_path_checked=0
runner_candidate op=2 service_extra=65001 candidate_extra=65001 runner_extra=65001 list_failure=0 queries=3 protected_path_checked=0
runner_foreign op=2 service_extra=65001 candidate_extra=65001 runner_extra=65003 list_failure=0 queries=3 protected_path_checked=0
nss_oversize op=2 service_extra=65001 candidate_extra=65001 runner_extra=65002 list_failure=1 queries=1 protected_path_checked=0
nss_failure op=2 service_extra=65001 candidate_extra=65001 runner_extra=65002 list_failure=2 queries=1 protected_path_checked=0
