SGID_SANDBOX_TEST service assertions=6007 failures=0 group=different-primary arch=x86_64
+ /tmp/buster-bench-recipe-scripts-1ONly4/driver generate --build-directory /tmp/buster-workspaces-nOwu9b/job-1-attempt-2/base/build --config Release --cc clang --no-include-tests --no-developer-targets --no-check-optional-warnings --no-fuzz --no-sanitize --no-time-trace --no-instrument --no-lto
+ /tmp/buster-bench-recipe-scripts-1ONly4/driver build --build-directory /tmp/buster-workspaces-nOwu9b/job-1-attempt-2/base/build --config Release -t ide -- -j1
+ /tmp/buster-bench-recipe-scripts-1ONly4/driver generate --build-directory /tmp/buster-workspaces-nOwu9b/job-1-attempt-2/candidate/staging --config Release --cc clang --no-include-tests --no-developer-targets --no-check-optional-warnings --no-fuzz --no-sanitize --no-time-trace --no-instrument --no-lto
+ /tmp/buster-bench-recipe-scripts-1ONly4/driver build --build-directory /tmp/buster-workspaces-nOwu9b/job-1-attempt-2/candidate/staging --config Release -t ide -- -j1
+ /tmp/buster-bench-recipe-scripts-1ONly4/throughput run --baseline /tmp/buster-workspaces-nOwu9b/job-1-attempt-2/base/build/Release/ide --candidate /tmp/buster-workspaces-nOwu9b/job-1-attempt-2/candidate/build/Release/ide --output /tmp/buster-workspaces-nOwu9b/job-1-attempt-2/candidate/staging/throughput-results --baseline-id aaaaaaaaaaaaaaaaaaaaaaaaaaaaaaaaaaaaaaaaaaaaaaaaaaaaaaaaaaaaaaaa --candidate-id bbbbbbbbbbbbbbbbbbbbbbbbbbbbbbbbbbbbbbbbbbbbbbbbbbbbbbbbbbbbbbbb --profile smoke --mode all --pairs 1 --warmups 1 --no-guard
BENCH_SERVICE_RECIPE_MATERIALIZED_SELF_TEST result=pass
SGID_SANDBOX_TEST recipe result=pass group=different-primary
BENCH_SERVICE_RECIPE_PINNED_WALK_TEST result=pass
+ /tmp/buster-bench-recipe-scripts-Y1dZsG/driver generate --build-directory /tmp/buster-bench-recipe-nFyldH/workspaces/job-1-attempt-2/base/build --config Release --cc clang --no-include-tests --no-developer-targets --no-check-optional-warnings --no-fuzz --no-sanitize --no-time-trace --no-instrument --no-lto
+ /tmp/buster-bench-recipe-scripts-Y1dZsG/driver build --build-directory /tmp/buster-bench-recipe-nFyldH/workspaces/job-1-attempt-2/base/build --config Release -t ide -- -j1
+ /tmp/buster-bench-recipe-scripts-Y1dZsG/driver generate --build-directory /tmp/buster-bench-recipe-nFyldH/workspaces/job-1-attempt-2/candidate/staging --config Release --cc clang --no-include-tests --no-developer-targets --no-check-optional-warnings --no-fuzz --no-sanitize --no-time-trace --no-instrument --no-lto
+ /tmp/buster-bench-recipe-scripts-Y1dZsG/driver build --build-directory /tmp/buster-bench-recipe-nFyldH/workspaces/job-1-attempt-2/candidate/staging --config Release -t ide -- -j1
+ /tmp/buster-bench-recipe-scripts-Y1dZsG/throughput run --baseline /tmp/buster-bench-recipe-nFyldH/workspaces/job-1-attempt-2/base/build/Release/ide --candidate /tmp/buster-bench-recipe-nFyldH/workspaces/job-1-attempt-2/candidate/build/Release/ide --output /tmp/buster-bench-recipe-nFyldH/workspaces/job-1-attempt-2/candidate/staging/throughput-results --baseline-id 1111111111111111111111111111111111111111 --candidate-id 2222222222222222222222222222222222222222 --profile smoke --mode all --pairs 1 --warmups 1 --no-guard
+ /tmp/buster-bench-recipe-scripts-Y1dZsG/driver generate --build-directory /tmp/buster-bench-recipe-zT7PfU/workspaces/job-1-attempt-2/base/build --config Release --cc clang --no-include-tests --no-developer-targets --no-check-optional-warnings --no-fuzz --no-sanitize --no-time-trace --no-instrument --no-lto
+ /tmp/buster-bench-recipe-scripts-Y1dZsG/driver build --build-directory /tmp/buster-bench-recipe-zT7PfU/workspaces/job-1-attempt-2/base/build --config Release -t ide -- -j1
+ /tmp/buster-bench-recipe-scripts-Y1dZsG/driver generate --build-directory /tmp/buster-bench-recipe-zT7PfU/workspaces/job-1-attempt-2/candidate/staging --config Release --cc clang --no-include-tests --no-developer-targets --no-check-optional-warnings --no-fuzz --no-sanitize --no-time-trace --no-instrument --no-lto
+ /tmp/buster-bench-recipe-scripts-Y1dZsG/driver build --build-directory /tmp/buster-bench-recipe-zT7PfU/workspaces/job-1-attempt-2/candidate/staging --config Release -t ide -- -j1
+ /tmp/buster-bench-recipe-scripts-Y1dZsG/driver generate --build-directory /tmp/buster-bench-recipe-aEgxTP/workspaces/job-1-attempt-2/base/build --config Release --cc clang --no-include-tests --no-developer-targets --no-check-optional-warnings --no-fuzz --no-sanitize --no-time-trace --no-instrument --no-lto
+ /tmp/buster-bench-recipe-scripts-Y1dZsG/driver build --build-directory /tmp/buster-bench-recipe-aEgxTP/workspaces/job-1-attempt-2/base/build --config Release -t ide -- -j1
error: base-build post-stage check failed: frozen-receipt
+ /tmp/buster-bench-recipe-scripts-Y1dZsG/driver generate --build-directory /tmp/buster-bench-recipe-hcw34v/workspaces/job-1-attempt-2/base/build --config Release --cc clang --no-include-tests --no-developer-targets --no-check-optional-warnings --no-fuzz --no-sanitize --no-time-trace --no-instrument --no-lto
+ /tmp/buster-bench-recipe-scripts-Y1dZsG/driver build --build-directory /tmp/buster-bench-recipe-hcw34v/workspaces/job-1-attempt-2/base/build --config Release -t ide -- -j1
+ /tmp/buster-bench-recipe-scripts-Y1dZsG/driver generate --build-directory /tmp/buster-bench-recipe-hcw34v/workspaces/job-1-attempt-2/candidate/staging --config Release --cc clang --no-include-tests --no-developer-targets --no-check-optional-warnings --no-fuzz --no-sanitize --no-time-trace --no-instrument --no-lto
+ /tmp/buster-bench-recipe-scripts-Y1dZsG/driver build --build-directory /tmp/buster-bench-recipe-hcw34v/workspaces/job-1-attempt-2/candidate/staging --config Release -t ide -- -j1
error: candidate-build post-stage check failed: frozen-receipt
+ /tmp/buster-bench-recipe-scripts-Y1dZsG/driver generate --build-directory /tmp/buster-bench-recipe-CTch2y/workspaces/job-1-attempt-2/base/build --config Release --cc clang --no-include-tests --no-developer-targets --no-check-optional-warnings --no-fuzz --no-sanitize --no-time-trace --no-instrument --no-lto
+ /tmp/buster-bench-recipe-scripts-Y1dZsG/driver build --build-directory /tmp/buster-bench-recipe-CTch2y/workspaces/job-1-attempt-2/base/build --config Release -t ide -- -j1
error: base-build post-stage check failed: frozen-receipt
+ /tmp/buster-bench-recipe-scripts-Y1dZsG/driver generate --build-directory /tmp/buster-bench-recipe-KK3dr0/workspaces/job-1-attempt-2/base/build --config Release --cc clang --no-include-tests --no-developer-targets --no-check-optional-warnings --no-fuzz --no-sanitize --no-time-trace --no-instrument --no-lto
+ /tmp/buster-bench-recipe-scripts-Y1dZsG/driver build --build-directory /tmp/buster-bench-recipe-KK3dr0/workspaces/job-1-attempt-2/base/build --config Release -t ide -- -j1
error: base-build post-stage check failed: frozen-receipt
+ /tmp/buster-bench-recipe-scripts-Y1dZsG/driver generate --build-directory /tmp/buster-bench-recipe-uh2XaI/workspaces/job-1-attempt-2/base/build --config Release --cc clang --no-include-tests --no-developer-targets --no-check-optional-warnings --no-fuzz --no-sanitize --no-time-trace --no-instrument --no-lto
+ /tmp/buster-bench-recipe-scripts-Y1dZsG/driver build --build-directory /tmp/buster-bench-recipe-uh2XaI/workspaces/job-1-attempt-2/base/build --config Release -t ide -- -j1
+ /tmp/buster-bench-recipe-scripts-Y1dZsG/driver generate --build-directory /tmp/buster-bench-recipe-uh2XaI/workspaces/job-1-attempt-2/candidate/staging --config Release --cc clang --no-include-tests --no-developer-targets --no-check-optional-warnings --no-fuzz --no-sanitize --no-time-trace --no-instrument --no-lto
+ /tmp/buster-bench-recipe-scripts-Y1dZsG/driver build --build-directory /tmp/buster-bench-recipe-uh2XaI/workspaces/job-1-attempt-2/candidate/staging --config Release -t ide -- -j1
+ /tmp/buster-bench-recipe-scripts-Y1dZsG/throughput run --baseline /tmp/buster-bench-recipe-uh2XaI/workspaces/job-1-attempt-2/base/build/Release/ide --candidate /tmp/buster-bench-recipe-uh2XaI/workspaces/job-1-attempt-2/candidate/build/Release/ide --output /tmp/buster-bench-recipe-uh2XaI/workspaces/job-1-attempt-2/candidate/staging/throughput-results --baseline-id 1111111111111111111111111111111111111111 --candidate-id 2222222222222222222222222222222222222222 --profile smoke --mode all --pairs 1 --warmups 1 --no-guard
/tmp/buster-bench-recipe-scripts-Y1dZsG/throughput: line 14: /tmp/buster-bench-recipe-uh2XaI/workspaces/job-1-attempt-2/candidate/build/Release/ide: Permission denied
+ /tmp/buster-bench-recipe-scripts-Y1dZsG/driver generate --build-directory /tmp/buster-bench-recipe-XnHZGa/workspaces/job-1-attempt-2/base/build --config Release --cc clang --no-include-tests --no-developer-targets --no-check-optional-warnings --no-fuzz --no-sanitize --no-time-trace --no-instrument --no-lto
+ /tmp/buster-bench-recipe-scripts-Y1dZsG/driver build --build-directory /tmp/buster-bench-recipe-XnHZGa/workspaces/job-1-attempt-2/base/build --config Release -t ide -- -j1
+ /tmp/buster-bench-recipe-scripts-Y1dZsG/driver generate --build-directory /tmp/buster-bench-recipe-XnHZGa/workspaces/job-1-attempt-2/candidate/staging --config Release --cc clang --no-include-tests --no-developer-targets --no-check-optional-warnings --no-fuzz --no-sanitize --no-time-trace --no-instrument --no-lto
+ /tmp/buster-bench-recipe-scripts-Y1dZsG/driver build --build-directory /tmp/buster-bench-recipe-XnHZGa/workspaces/job-1-attempt-2/candidate/staging --config Release -t ide -- -j1
+ /tmp/buster-bench-recipe-scripts-Y1dZsG/throughput run --baseline /tmp/buster-bench-recipe-XnHZGa/workspaces/job-1-attempt-2/base/build/Release/ide --candidate /tmp/buster-bench-recipe-XnHZGa/workspaces/job-1-attempt-2/candidate/build/Release/ide --output /tmp/buster-bench-recipe-XnHZGa/workspaces/job-1-attempt-2/candidate/staging/throughput-results --baseline-id 1111111111111111111111111111111111111111 --candidate-id 2222222222222222222222222222222222222222 --profile smoke --mode all --pairs 1 --warmups 1 --no-guard
/tmp/buster-bench-recipe-scripts-Y1dZsG/throughput: line 13: /tmp/buster-bench-recipe-XnHZGa/workspaces/job-1-attempt-2/base/build/Release/ide: Permission denied
error: fixed recipe could not establish its durable running manifest
error: invalid fixed validate-buster-v1 recipe identity or path
+ /tmp/buster-bench-recipe-scripts-Y1dZsG/driver generate --build-directory /tmp/buster-bench-recipe-AepuXX/workspaces/job-1-attempt-2/base/build --config Release --cc clang --no-include-tests --no-developer-targets --no-check-optional-warnings --no-fuzz --no-sanitize --no-time-trace --no-instrument --no-lto
+ /tmp/buster-bench-recipe-scripts-Y1dZsG/driver build --build-directory /tmp/buster-bench-recipe-AepuXX/workspaces/job-1-attempt-2/base/build --config Release -t ide -- -j1
+ /tmp/buster-bench-recipe-scripts-Y1dZsG/driver generate --build-directory /tmp/buster-bench-recipe-AepuXX/workspaces/job-1-attempt-2/candidate/staging --config Release --cc clang --no-include-tests --no-developer-targets --no-check-optional-warnings --no-fuzz --no-sanitize --no-time-trace --no-instrument --no-lto
+ /tmp/buster-bench-recipe-scripts-Y1dZsG/driver build --build-directory /tmp/buster-bench-recipe-AepuXX/workspaces/job-1-attempt-2/candidate/staging --config Release -t ide -- -j1
+ /tmp/buster-bench-recipe-scripts-Y1dZsG/throughput run --baseline /tmp/buster-bench-recipe-AepuXX/workspaces/job-1-attempt-2/base/build/Release/ide --candidate /tmp/buster-bench-recipe-AepuXX/workspaces/job-1-attempt-2/candidate/build/Release/ide --output /tmp/buster-bench-recipe-AepuXX/workspaces/job-1-attempt-2/candidate/staging/throughput-results --baseline-id 1111111111111111111111111111111111111111 --candidate-id 2222222222222222222222222222222222222222 --profile smoke --mode all --pairs 1 --warmups 1 --no-guard
error: throughput post-stage check failed: bundle-index
+ /tmp/buster-bench-recipe-scripts-Y1dZsG/driver generate --build-directory /tmp/buster-bench-recipe-dHggKn/workspaces/job-1-attempt-2/base/build --config Release --cc clang --no-include-tests --no-developer-targets --no-check-optional-warnings --no-fuzz --no-sanitize --no-time-trace --no-instrument --no-lto
+ /tmp/buster-bench-recipe-scripts-Y1dZsG/driver build --build-directory /tmp/buster-bench-recipe-dHggKn/workspaces/job-1-attempt-2/base/build --config Release -t ide -- -j1
+ /tmp/buster-bench-recipe-scripts-Y1dZsG/driver generate --build-directory /tmp/buster-bench-recipe-dHggKn/workspaces/job-1-attempt-2/candidate/staging --config Release --cc clang --no-include-tests --no-developer-targets --no-check-optional-warnings --no-fuzz --no-sanitize --no-time-trace --no-instrument --no-lto
+ /tmp/buster-bench-recipe-scripts-Y1dZsG/driver build --build-directory /tmp/buster-bench-recipe-dHggKn/workspaces/job-1-attempt-2/candidate/staging --config Release -t ide -- -j1
+ /tmp/buster-bench-recipe-scripts-Y1dZsG/throughput run --baseline /tmp/buster-bench-recipe-dHggKn/workspaces/job-1-attempt-2/base/build/Release/ide --candidate /tmp/buster-bench-recipe-dHggKn/workspaces/job-1-attempt-2/candidate/build/Release/ide --output /tmp/buster-bench-recipe-dHggKn/workspaces/job-1-attempt-2/candidate/staging/throughput-results --baseline-id 1111111111111111111111111111111111111111 --candidate-id 2222222222222222222222222222222222222222 --profile smoke --mode all --pairs 1 --warmups 1 --no-guard
error: throughput post-stage check failed: promote-throughput
error: fixed recipe could not establish its durable running manifest
+ /tmp/buster-bench-recipe-scripts-Y1dZsG/driver generate --build-directory /tmp/buster-bench-recipe-KzK0tC/workspaces/job-1-attempt-2/base/build --config Release --cc clang --no-include-tests --no-developer-targets --no-check-optional-warnings --no-fuzz --no-sanitize --no-time-trace --no-instrument --no-lto
+ /tmp/buster-bench-recipe-scripts-Y1dZsG/driver build --build-directory /tmp/buster-bench-recipe-KzK0tC/workspaces/job-1-attempt-2/base/build --config Release -t ide -- -j1
+ /tmp/buster-bench-recipe-scripts-Y1dZsG/driver generate --build-directory /tmp/buster-bench-recipe-KzK0tC/workspaces/job-1-attempt-2/candidate/staging --config Release --cc clang --no-include-tests --no-developer-targets --no-check-optional-warnings --no-fuzz --no-sanitize --no-time-trace --no-instrument --no-lto
+ /tmp/buster-bench-recipe-scripts-Y1dZsG/driver build --build-directory /tmp/buster-bench-recipe-KzK0tC/workspaces/job-1-attempt-2/candidate/staging --config Release -t ide -- -j1
+ /tmp/buster-bench-recipe-scripts-Y1dZsG/throughput run --baseline /tmp/buster-bench-recipe-KzK0tC/workspaces/job-1-attempt-2/base/build/Release/ide --candidate /tmp/buster-bench-recipe-KzK0tC/workspaces/job-1-attempt-2/candidate/build/Release/ide --output /tmp/buster-bench-recipe-KzK0tC/workspaces/job-1-attempt-2/candidate/staging/throughput-results --baseline-id 1111111111111111111111111111111111111111 --candidate-id 2222222222222222222222222222222222222222 --profile smoke --mode all --pairs 1 --warmups 1 --no-guard
+ /tmp/buster-bench-recipe-scripts-Y1dZsG/driver generate --build-directory /tmp/buster-bench-recipe-nSnBHP/workspaces/job-1-attempt-2/base/build --config Release --cc clang --no-include-tests --no-developer-targets --no-check-optional-warnings --no-fuzz --no-sanitize --no-time-trace --no-instrument --no-lto
+ /tmp/buster-bench-recipe-scripts-Y1dZsG/driver build --build-directory /tmp/buster-bench-recipe-nSnBHP/workspaces/job-1-attempt-2/base/build --config Release -t ide -- -j1
+ /tmp/buster-bench-recipe-scripts-Y1dZsG/driver generate --build-directory /tmp/buster-bench-recipe-nSnBHP/workspaces/job-1-attempt-2/candidate/staging --config Release --cc clang --no-include-tests --no-developer-targets --no-check-optional-warnings --no-fuzz --no-sanitize --no-time-trace --no-instrument --no-lto
+ /tmp/buster-bench-recipe-scripts-Y1dZsG/driver build --build-directory /tmp/buster-bench-recipe-nSnBHP/workspaces/job-1-attempt-2/candidate/staging --config Release -t ide -- -j1
+ /tmp/buster-bench-recipe-scripts-Y1dZsG/throughput run --baseline /tmp/buster-bench-recipe-nSnBHP/workspaces/job-1-attempt-2/base/build/Release/ide --candidate /tmp/buster-bench-recipe-nSnBHP/workspaces/job-1-attempt-2/candidate/build/Release/ide --output /tmp/buster-bench-recipe-nSnBHP/workspaces/job-1-attempt-2/candidate/staging/throughput-results --baseline-id 1111111111111111111111111111111111111111 --candidate-id 2222222222222222222222222222222222222222 --profile smoke --mode all --pairs 1 --warmups 1 --no-guard
BENCH_SERVICE_RECIPE_SELF_TEST cases=19 result=pass
+ zen5 stage zen5-immutable-generate
+ zen5 stage zen5-immutable-build
+ zen5 stage zen5-same-root-A-generate
+ zen5 stage zen5-same-root-A-build
+ zen5 stage zen5-same-root-B-generate
+ zen5 stage zen5-same-root-B-build
+ zen5 stage zen5-cross-root-A-generate
+ zen5 stage zen5-cross-root-A-build
+ zen5 stage zen5-cross-root-B-generate
+ zen5 stage zen5-cross-root-B-build
+ zen5 stage zen5-oracle
+ zen5 stage zen5-pmu
+ zen5 stage zen5-captures
BENCH_SERVICE_ZEN5_RECIPE_SELF_TEST cases=1 result=pass
BENCH_SERVICE_ZEN5_EXPORT result=pass
BENCH_SERVICE_ZEN5_SERVED_BINDING result=pass manifest-sha256=ee07d3933d883aa31a19782b474a6e9211b6a75f92e644c6bbe4496466708f36 profile-sha256=3386834d15d3b8360e20cf6f5308619daaad9b5d06cdecbd079336c24a2c4804
BENCH_SERVICE_SELF_TEST assertions=31011 failures=0 storage=posix-real-journal executor=fake-plus-supervisor-fixed-recipe-handoff
