Source size of 3ea60463c35afcfecd11ea6bb9f8ee19624267bb
  base 1d4898682304cc7e50ed4a112d08dd39ef257bce
  baseline 05a50d247a4782a01c4312ad8f54200966394c68 (docs/source-size-baseline.txt)

category    ratchet   files       bytes  change vs base  since baseline
production  yes         207    16467670               0               0
build       yes         342     9005316          +74162          +24797
tests       no          818    19136387          +27822          +10849
generated   no           48    51984056               0               0
docs        no         2210    63812356          +14159           +5417
dormant     no           65       88893               0               0
total                  3690   160494678         +116143          +41063

Largest ratcheted files:
  production     2678448  src/buster/lib/compiler/frontend/c/c_gen.c
  build          2101852  build.c
  production     1478658  src/buster/lib/compiler/frontend/c/c_parse.c
  production     1030394  src/buster/lib/compiler/codegen/machine_x86_64.c
  production      839757  src/buster/lib/compiler/assembly/x86_64_metadata.c
  production      714810  src/buster/lib/compiler/link/link.c
  production      697576  src/buster/lib/compiler/object/object.c
  production      674687  src/buster/lib/compiler/assembly/assembly.c
  production      606119  src/buster/lib/compiler/codegen/machine_aarch64.c
  production      532055  src/buster/lib/compiler/frontend/c/c_source.c

Ratcheted files changed from base: 17
  build           +23392  tools/bench_service/native_store.c (added)
  build           +11417  tools/bench_service/native_execution.c (added)
  build            +9092  tools/bench_service/native_runtime.c (added)
  build            +7835  tools/bench_service/systemd_broker.c
  build            +4413  tools/throughput/platform.h
  build            +3961  tools/bench_service/worker_linux.c
  build            +2972  tools/bench_service/native_client.c (added)
  build            +2312  tools/bench_service/main.c
  build            +2040  tools/bench_service/native_subject.c (added)
  build            +1598  tools/bench_service/queue.c
  build            +1481  tools/bench_service/native_profile.h (added)
  build            +1181  tools/bench_service/protocol.c
  build             +891  tools/bench_service/credential_gate.c
  build             +859  tools/bench_service/transport.c
  build             +524  tools/bench_service/queue.h
  build             +143  tools/bench_service/workspace.c
  build              +51  tools/throughput/stats.h

production: 0 bytes from base, within the 32768-byte change limit
build: +74162 bytes from base exceeds the 32768-byte change limit; acknowledged by this change's baseline row

SOURCE_SIZE_V1 revision=3ea60463c35afcfecd11ea6bb9f8ee19624267bb category=production ratcheted=1 files=207 bytes=16467670 base_files=207 base_bytes=16467670 baseline_files=207 baseline_bytes=16467670
SOURCE_SIZE_V1 revision=3ea60463c35afcfecd11ea6bb9f8ee19624267bb category=build ratcheted=1 files=342 bytes=9005316 base_files=336 base_bytes=8931154 baseline_files=340 baseline_bytes=8980519
SOURCE_SIZE_V1 revision=3ea60463c35afcfecd11ea6bb9f8ee19624267bb category=tests ratcheted=0 files=818 bytes=19136387 base_files=817 base_bytes=19108565 baseline_files=818 baseline_bytes=19125538
SOURCE_SIZE_V1 revision=3ea60463c35afcfecd11ea6bb9f8ee19624267bb category=generated ratcheted=0 files=48 bytes=51984056 base_files=48 base_bytes=51984056 baseline_files=48 baseline_bytes=51984056
SOURCE_SIZE_V1 revision=3ea60463c35afcfecd11ea6bb9f8ee19624267bb category=docs ratcheted=0 files=2210 bytes=63812356 base_files=2208 base_bytes=63798197 baseline_files=2209 baseline_bytes=63806939
SOURCE_SIZE_V1 revision=3ea60463c35afcfecd11ea6bb9f8ee19624267bb category=dormant ratcheted=0 files=65 bytes=88893 base_files=65 base_bytes=88893 baseline_files=65 baseline_bytes=88893
SOURCE_SIZE_RATCHET_V1 category=production growth=0 limit=32768 verdict=within-limit
SOURCE_SIZE_RATCHET_V1 category=build growth=+74162 limit=32768 verdict=acknowledged
SOURCE_SIZE_RESULT_V1 revision=3ea60463c35afcfecd11ea6bb9f8ee19624267bb base=1d4898682304cc7e50ed4a112d08dd39ef257bce baseline_commit=05a50d247a4782a01c4312ad8f54200966394c68 status=pass
