MACHINE_INFO arch=x86_64 cpu="AMD Ryzen 9 7940HS w/ Radeon 780M Graphics" model=znver4 cores=16 ram_mib=47955
STAGE_OBJECT_PROVENANCE_SELF_TEST matching=1 stale=1 source=1 tree=1 compiler=1 toolchain=1 cached=1 malformed_cached=1 pre_link=1
ninja: no work to do.
TARGET cpu=znver4 features=adx,aes,avx,avx2,avx512bf16,avx512bitalg,avx512bw,avx512cd,avx512dq,avx512f,avx512ifma,avx512vbmi,avx512vbmi2,avx512vl,avx512vnni,avx512vpopcntdq,bmi1,bmi2,clflushopt,clwb,cx16,f16c,fma,fsgsbase,gfni,invpcid,lzcnt,monitor,movbe,pclmul,pku,popcnt,rdrand,rdseed,sha,shstk,smap,sse2,sse3,sse4.1,sse4.2,sse4a,ssse3,svm,vaes,vpclmulqdq,wbnoinvd,xsave,xsaves
SOURCE src/buster/apps/ide/ide.c
                                  unique                    lexed
--------------------------------------------------------------------------
files                                356                      392
bytes on disk                 32.957.755               32.995.695
physical lines                   426.714                  427.966

bytes scanned                 32.955.273               32.993.205
  code                        25.713.056   78.0 %      25.732.998   78.0 %
  comment                      2.034.313    6.2 %       2.049.749    6.2 %
  whitespace                   5.207.904   15.8 %       5.210.458   15.8 %
  literals, within code       13.210.718   40.1 %      13.210.991   40.0 %

lines scanned                    425.473                  426.721
  code, the sLOC                 380.630   89.5 %         381.492   89.4 %
  comment                         33.988    8.0 %          34.304    8.0 %
  blank                           12.862    3.0 %          12.947    3.0 %
  both, counted twice              2.007    0.5 %           2.022    0.5 %

comments                          28.752                   28.827
tokens                         3.291.973                3.295.313
spliced-away lines                 1.241    0.3 %           1.245    0.3 %

preprocessed output                      of lexed
  tokens to the parser         3.666.762  111.3 %
  their spelling bytes        26.124.642  101.5 %
  bytes retained              36.144.000  109.5 %
  macro expansions               137.401
  #define directives               3.900

files lexed more than once
         lexes re-read bytes  path
             5        17.136  /usr/include/bits/libc-header-start.h
            16        11.280  stddef.h
            14         5.174  /usr/include/bits/wordsize.h
             2         2.231  /usr/include/bits/stat.h
             2         1.109  /usr/include/bits/timesize.h
             2           970  /usr/include/bits/long-double.h
             2            32  /usr/include/asm/ioctls.h
                      37.932  re-read in total
IR_FRONTEND_SSA functions=5116 locals=48018 reads=175573 writes=77738 parameters_created=477293 parameters_removed=445057 temporaries=12903 fallback_locals=2375
C_TYPE_LAYOUT solves=119 pass_solves=117 pass_state_types=9037350 pass_attempts=695813 agenda_solves=2 agenda_types=4 agenda_attempts=4 agenda_edges=2 agenda_notifications=2 agenda_pushes=6 agenda_fallbacks=0
IR_FAST_PASS name=fold enabled=1 timed=0 ns=0 visits=1565681 changes=132285
IR_FAST_PASS name=address enabled=1 timed=0 ns=0 visits=1565681 changes=11157
IR_FAST_PASS name=dce enabled=1 timed=0 ns=0 visits=3154247 changes=182568
IR_FAST_PASS name=parameters enabled=1 timed=0 ns=0 visits=99567 changes=0
IR_FAST functions=5410 validation_skips=0 budget_skips=0 provenance_skips=0 parameter_budget_hits=0 scratch_peak_bound=2738304 retained_bound=18509016 compact_ns=0 instructions_before=1565681 instructions_after=1371755
IR_LOCAL_PROMOTION candidates=32938 promoted=193 loads_removed=592 stores_removed=350 parameters_inserted=1374 parameters_removed=1236 uninitialized=0 barriers=8 instructions_before=1566816 instructions_after=1565681 values_before=1348233 values_after=1347586
IR_LOCAL_PROMOTION_WORK parameter_sweeps=14 block_visits=3824 parameter_visits=2538 incoming_visits=5795
CODEGEN cpu=znver4 vector_bits=512 functions=5410 instructions=1371755 values=1153660 stack_value_bytes=6143520 stack_frame_bytes=6143520 max_stack_frame_bytes=907272 code_bytes=21663025 forwarded_wide_vector_loads=0 native_vector_operations=0 split_vector_operations=0 vzeroupper=0 simd_operations=116 allocator=fast fallback_functions=0
CODEGEN_ENCODER exact_attempts=1797562 exact_successes=1797562 exact_failures=0
CODEGEN_MIR mutable_virtual_registers=85924
CODEGEN_EMIT machine_code_in_place=21622758 machine_code_copied=0
OBJECT_WRITE format=elf64 section_visits=130 symbol_visits=63192 relocation_visits=688680 image_reserved=52505752 image_stored=52505752 image_zeroed=121 image_patched=0 payload_copied=46009911 scratch=85992 retained=52505752 output=52505752
CODEGEN_ALLOCATOR reloads=203000 spills=250062 boundary_spills=103284 boundary_reloads=23198 boundary_copies=85 copies=187778 rematerializations=43096 pins=0 splits=0 scheduled=0 schedule_kept=0
TARGET cpu=znver4 features=adx,aes,avx,avx2,avx512bf16,avx512bitalg,avx512bw,avx512cd,avx512dq,avx512f,avx512ifma,avx512vbmi,avx512vbmi2,avx512vl,avx512vnni,avx512vpopcntdq,bmi1,bmi2,clflushopt,clwb,cx16,f16c,fma,fsgsbase,gfni,invpcid,lzcnt,monitor,movbe,pclmul,pku,popcnt,rdrand,rdseed,sha,shstk,smap,sse2,sse3,sse4.1,sse4.2,sse4a,ssse3,svm,vaes,vpclmulqdq,wbnoinvd,xsave,xsaves
SOURCE src/buster/apps/ide/ide.c
                                  unique                    lexed
--------------------------------------------------------------------------
files                                354                      390
bytes on disk                 32.926.442               32.964.382
physical lines                   425.737                  426.989

bytes scanned                 32.923.970               32.961.902
  code                        25.693.092   78.0 %      25.713.034   78.0 %
  comment                      2.026.411    6.2 %       2.041.847    6.2 %
  whitespace                   5.204.467   15.8 %       5.207.021   15.8 %
  literals, within code       13.210.718   40.1 %      13.210.991   40.1 %

lines scanned                    424.501                  425.749
  code, the sLOC                 379.912   89.5 %         380.774   89.4 %
  comment                         33.796    8.0 %          34.112    8.0 %
  blank                           12.739    3.0 %          12.824    3.0 %
  both, counted twice              1.946    0.5 %           1.961    0.5 %

comments                          28.641                   28.716
tokens                         3.288.854                3.292.194
spliced-away lines                 1.236    0.3 %           1.240    0.3 %

preprocessed output                      of lexed
  tokens to the parser         3.666.762  111.4 %
  their spelling bytes        26.124.642  101.6 %
  bytes retained              36.112.695  109.6 %
  macro expansions               137.392
  #define directives               3.877

files lexed more than once
         lexes re-read bytes  path
             5        17.136  /usr/include/bits/libc-header-start.h
            16        11.280  stddef.h
            14         5.174  /usr/include/bits/wordsize.h
             2         2.231  /usr/include/bits/stat.h
             2         1.109  /usr/include/bits/timesize.h
             2           970  /usr/include/bits/long-double.h
             2            32  /usr/include/asm/ioctls.h
                      37.932  re-read in total
IR_FRONTEND_SSA functions=5116 locals=48018 reads=175573 writes=77738 parameters_created=477293 parameters_removed=445057 temporaries=12903 fallback_locals=2375
C_TYPE_LAYOUT solves=119 pass_solves=117 pass_state_types=9037350 pass_attempts=695813 agenda_solves=2 agenda_types=4 agenda_attempts=4 agenda_edges=2 agenda_notifications=2 agenda_pushes=6 agenda_fallbacks=0
IR_FAST_PASS name=fold enabled=1 timed=0 ns=0 visits=1565681 changes=132285
IR_FAST_PASS name=address enabled=1 timed=0 ns=0 visits=1565681 changes=11157
IR_FAST_PASS name=dce enabled=1 timed=0 ns=0 visits=3154247 changes=182568
IR_FAST_PASS name=parameters enabled=1 timed=0 ns=0 visits=99567 changes=0
IR_FAST functions=5410 validation_skips=0 budget_skips=0 provenance_skips=0 parameter_budget_hits=0 scratch_peak_bound=2738304 retained_bound=18509016 compact_ns=0 instructions_before=1565681 instructions_after=1371755
IR_LOCAL_PROMOTION candidates=32938 promoted=193 loads_removed=592 stores_removed=350 parameters_inserted=1374 parameters_removed=1236 uninitialized=0 barriers=8 instructions_before=1566816 instructions_after=1565681 values_before=1348233 values_after=1347586
IR_LOCAL_PROMOTION_WORK parameter_sweeps=14 block_visits=3824 parameter_visits=2538 incoming_visits=5795
CODEGEN cpu=znver4 vector_bits=512 functions=5410 instructions=1371755 values=1153660 stack_value_bytes=6143520 stack_frame_bytes=6143520 max_stack_frame_bytes=907272 code_bytes=21663025 forwarded_wide_vector_loads=0 native_vector_operations=0 split_vector_operations=0 vzeroupper=0 simd_operations=116 allocator=fast fallback_functions=0
CODEGEN_ENCODER exact_attempts=1797562 exact_successes=1797562 exact_failures=0
CODEGEN_MIR mutable_virtual_registers=85924
CODEGEN_EMIT machine_code_in_place=21622758 machine_code_copied=0
OBJECT_WRITE format=elf64 section_visits=130 symbol_visits=63192 relocation_visits=688680 image_reserved=52505752 image_stored=52505752 image_zeroed=121 image_patched=0 payload_copied=46009911 scratch=85992 retained=52505752 output=52505752
CODEGEN_ALLOCATOR reloads=203000 spills=250062 boundary_spills=103284 boundary_reloads=23198 boundary_copies=85 copies=187778 rematerializations=43096 pins=0 splits=0 scheduled=0 schedule_kept=0
SELF_HOST fixed_point bytes=47050480 stage1=build/self-host/Release/ide-stage1 stage2=build/self-host/Release/ide-stage2
SELF_HOST stage 1 throughput
  workload:      32.993.205 bytes | 426.721 LOC | 381.492 SLOC | 3.666.762 tokens
  elapsed:       2.188330 seconds
  bandwidth:     15.077 MB/s | 194.998 LOC/s | 174.330 SLOC/s
  instructions:  19.276.538.199 total | 584.258/byte | 50529.338/SLOC | 5257.101/token
SELF_HOST stage 2 throughput
  workload:      32.961.902 bytes | 425.749 LOC | 380.774 SLOC | 3.666.762 tokens
  elapsed:       13.154551 seconds
  bandwidth:     2.506 MB/s | 32.365 LOC/s | 28.946 SLOC/s
  instructions:  140.278.588.682 total | 4255.780/byte | 368403.800/SLOC | 38256.802/token
BENCH_C_FRONTEND path=tests/basic_c_operations.c iterations=5 bytes=21042 min_ns=13006097 median_ns=13825085 throughput_mb_s=1
TARGET cpu=znver4 features=adx,aes,avx,avx2,avx512bf16,avx512bitalg,avx512bw,avx512cd,avx512dq,avx512f,avx512ifma,avx512vbmi,avx512vbmi2,avx512vl,avx512vnni,avx512vpopcntdq,bmi1,bmi2,clflushopt,clwb,cx16,f16c,fma,fsgsbase,gfni,invpcid,lzcnt,monitor,movbe,pclmul,pku,popcnt,rdrand,rdseed,sha,shstk,smap,sse2,sse3,sse4.1,sse4.2,sse4a,ssse3,svm,vaes,vpclmulqdq,wbnoinvd,xsave,xsaves
SOURCE src/buster/apps/ide/ide.c
                                  unique                    lexed
--------------------------------------------------------------------------
files                                354                      390
bytes on disk                 32.926.442               32.964.382
physical lines                   425.737                  426.989

bytes scanned                 32.923.970               32.961.902
  code                        25.693.092   78.0 %      25.713.034   78.0 %
  comment                      2.026.411    6.2 %       2.041.847    6.2 %
  whitespace                   5.204.467   15.8 %       5.207.021   15.8 %
  literals, within code       13.210.718   40.1 %      13.210.991   40.1 %

lines scanned                    424.501                  425.749
  code, the sLOC                 379.912   89.5 %         380.774   89.4 %
  comment                         33.796    8.0 %          34.112    8.0 %
  blank                           12.739    3.0 %          12.824    3.0 %
  both, counted twice              1.946    0.5 %           1.961    0.5 %

comments                          28.641                   28.716
tokens                         3.288.854                3.292.194
spliced-away lines                 1.236    0.3 %           1.240    0.3 %

preprocessed output                      of lexed
  tokens to the parser         3.666.762  111.4 %
  their spelling bytes        26.124.642  101.6 %
  bytes retained              36.112.695  109.6 %
  macro expansions               137.392
  #define directives               3.877

files lexed more than once
         lexes re-read bytes  path
             5        17.136  /usr/include/bits/libc-header-start.h
            16        11.280  stddef.h
            14         5.174  /usr/include/bits/wordsize.h
             2         2.231  /usr/include/bits/stat.h
             2         1.109  /usr/include/bits/timesize.h
             2           970  /usr/include/bits/long-double.h
             2            32  /usr/include/asm/ioctls.h
                      37.932  re-read in total
IR_FRONTEND_SSA functions=5116 locals=48018 reads=175573 writes=77738 parameters_created=477293 parameters_removed=445057 temporaries=12903 fallback_locals=2375
C_TYPE_LAYOUT solves=119 pass_solves=117 pass_state_types=9037350 pass_attempts=695813 agenda_solves=2 agenda_types=4 agenda_attempts=4 agenda_edges=2 agenda_notifications=2 agenda_pushes=6 agenda_fallbacks=0
IR_FAST_PASS name=fold enabled=1 timed=0 ns=0 visits=1565681 changes=132285
IR_FAST_PASS name=address enabled=1 timed=0 ns=0 visits=1565681 changes=11157
IR_FAST_PASS name=dce enabled=1 timed=0 ns=0 visits=3154247 changes=182568
IR_FAST_PASS name=parameters enabled=1 timed=0 ns=0 visits=99567 changes=0
IR_FAST functions=5410 validation_skips=0 budget_skips=0 provenance_skips=0 parameter_budget_hits=0 scratch_peak_bound=2738304 retained_bound=18509016 compact_ns=0 instructions_before=1565681 instructions_after=1371755
IR_LOCAL_PROMOTION candidates=32938 promoted=193 loads_removed=592 stores_removed=350 parameters_inserted=1374 parameters_removed=1236 uninitialized=0 barriers=8 instructions_before=1566816 instructions_after=1565681 values_before=1348233 values_after=1347586
IR_LOCAL_PROMOTION_WORK parameter_sweeps=14 block_visits=3824 parameter_visits=2538 incoming_visits=5795
CODEGEN cpu=znver4 vector_bits=512 functions=5410 instructions=1371755 values=1153660 stack_value_bytes=12719112 stack_frame_bytes=12719112 max_stack_frame_bytes=1395136 code_bytes=33846402 forwarded_wide_vector_loads=0 native_vector_operations=0 split_vector_operations=0 vzeroupper=0 simd_operations=116 allocator=mir-stack fallback_functions=0
CODEGEN_ENCODER exact_attempts=1797704 exact_successes=1797704 exact_failures=0
CODEGEN_MIR mutable_virtual_registers=85924
CODEGEN_EMIT machine_code_in_place=33805643 machine_code_copied=0
OBJECT_WRITE format=elf64 section_visits=130 symbol_visits=63192 relocation_visits=688680 image_reserved=65490928 image_stored=65490928 image_zeroed=118 image_patched=0 payload_copied=58995090 scratch=85992 retained=65490928 output=65490928
CODEGEN_ALLOCATOR reloads=1249171 spills=1035029 boundary_spills=70613 boundary_reloads=70613 boundary_copies=0 copies=0 rematerializations=0 pins=0 splits=0 scheduled=0 schedule_kept=0
BENCH_C_FRONTEND path=tests/basic_c_operations.c iterations=5 bytes=21042 min_ns=21487767 median_ns=21839421 throughput_mb_s=0
TARGET cpu=znver4 features=adx,aes,avx,avx2,avx512bf16,avx512bitalg,avx512bw,avx512cd,avx512dq,avx512f,avx512ifma,avx512vbmi,avx512vbmi2,avx512vl,avx512vnni,avx512vpopcntdq,bmi1,bmi2,clflushopt,clwb,cx16,f16c,fma,fsgsbase,gfni,invpcid,lzcnt,monitor,movbe,pclmul,pku,popcnt,rdrand,rdseed,sha,shstk,smap,sse2,sse3,sse4.1,sse4.2,sse4a,ssse3,svm,vaes,vpclmulqdq,wbnoinvd,xsave,xsaves
SOURCE src/buster/apps/ide/ide.c
                                  unique                    lexed
--------------------------------------------------------------------------
files                                354                      390
bytes on disk                 32.926.442               32.964.382
physical lines                   425.737                  426.989

bytes scanned                 32.923.970               32.961.902
  code                        25.693.092   78.0 %      25.713.034   78.0 %
  comment                      2.026.411    6.2 %       2.041.847    6.2 %
  whitespace                   5.204.467   15.8 %       5.207.021   15.8 %
  literals, within code       13.210.718   40.1 %      13.210.991   40.1 %

lines scanned                    424.501                  425.749
  code, the sLOC                 379.912   89.5 %         380.774   89.4 %
  comment                         33.796    8.0 %          34.112    8.0 %
  blank                           12.739    3.0 %          12.824    3.0 %
  both, counted twice              1.946    0.5 %           1.961    0.5 %

comments                          28.641                   28.716
tokens                         3.288.854                3.292.194
spliced-away lines                 1.236    0.3 %           1.240    0.3 %

preprocessed output                      of lexed
  tokens to the parser         3.666.762  111.4 %
  their spelling bytes        26.124.642  101.6 %
  bytes retained              36.112.695  109.6 %
  macro expansions               137.392
  #define directives               3.877

files lexed more than once
         lexes re-read bytes  path
             5        17.136  /usr/include/bits/libc-header-start.h
            16        11.280  stddef.h
            14         5.174  /usr/include/bits/wordsize.h
             2         2.231  /usr/include/bits/stat.h
             2         1.109  /usr/include/bits/timesize.h
             2           970  /usr/include/bits/long-double.h
             2            32  /usr/include/asm/ioctls.h
                      37.932  re-read in total
IR_FRONTEND_SSA functions=5116 locals=48018 reads=175573 writes=77738 parameters_created=477293 parameters_removed=445057 temporaries=12903 fallback_locals=2375
C_TYPE_LAYOUT solves=119 pass_solves=117 pass_state_types=9037350 pass_attempts=695813 agenda_solves=2 agenda_types=4 agenda_attempts=4 agenda_edges=2 agenda_notifications=2 agenda_pushes=6 agenda_fallbacks=0
IR_FAST_PASS name=fold enabled=1 timed=0 ns=0 visits=1565681 changes=132285
IR_FAST_PASS name=address enabled=1 timed=0 ns=0 visits=1565681 changes=11157
IR_FAST_PASS name=dce enabled=1 timed=0 ns=0 visits=3154247 changes=182568
IR_FAST_PASS name=parameters enabled=1 timed=0 ns=0 visits=99567 changes=0
IR_FAST functions=5410 validation_skips=0 budget_skips=0 provenance_skips=0 parameter_budget_hits=0 scratch_peak_bound=2738304 retained_bound=18509016 compact_ns=0 instructions_before=1565681 instructions_after=1371755
IR_LOCAL_PROMOTION candidates=32938 promoted=193 loads_removed=592 stores_removed=350 parameters_inserted=1374 parameters_removed=1236 uninitialized=0 barriers=8 instructions_before=1566816 instructions_after=1565681 values_before=1348233 values_after=1347586
IR_LOCAL_PROMOTION_WORK parameter_sweeps=14 block_visits=3824 parameter_visits=2538 incoming_visits=5795
CODEGEN cpu=znver4 vector_bits=512 functions=5410 instructions=1371755 values=1153660 stack_value_bytes=34044856 stack_frame_bytes=34115232 max_stack_frame_bytes=1667808 code_bytes=32043058 forwarded_wide_vector_loads=0 native_vector_operations=1 split_vector_operations=0 vzeroupper=88 simd_operations=116 allocator=none fallback_functions=0
CODEGEN_ENCODER exact_attempts=0 exact_successes=0 exact_failures=0
CODEGEN_MIR mutable_virtual_registers=0
CODEGEN_EMIT machine_code_in_place=0 machine_code_copied=0
OBJECT_WRITE format=elf64 section_visits=130 symbol_visits=63192 relocation_visits=688680 image_reserved=61016192 image_stored=61016192 image_zeroed=119 image_patched=0 payload_copied=54520353 scratch=85992 retained=61016192 output=61016192
Self-host stage 1 took 2.188330 seconds (2188330000 nanoseconds)
STEP_INSTRUCTIONS Self-host stage 1 instructions=19276538199
Self-host stage 1 link took 0.060770 seconds (60770000 nanoseconds)
STEP_INSTRUCTIONS Self-host stage 1 link instructions=115080260
Self-host stage 2 took 13.154551 seconds (13154551000 nanoseconds)
STEP_INSTRUCTIONS Self-host stage 2 instructions=140278588682
Self-host stage 2 link took 0.101742 seconds (101742000 nanoseconds)
STEP_INSTRUCTIONS Self-host stage 2 link instructions=902688867
Self-host stage 2 benchmark took 0.090872 seconds (90872000 nanoseconds)
STEP_INSTRUCTIONS Self-host stage 2 benchmark instructions=782951106
Self-host machine stage took 17.181691 seconds (17181691000 nanoseconds)
STEP_INSTRUCTIONS Self-host machine stage instructions=245105337513
Self-host machine stage link took 0.121291 seconds (121291000 nanoseconds)
STEP_INSTRUCTIONS Self-host machine stage link instructions=905984813
Self-host machine stage benchmark took 0.141293 seconds (141293000 nanoseconds)
STEP_INSTRUCTIONS Self-host machine stage benchmark instructions=1234288464
Self-host canonical stage took 16.791976 seconds (16791976000 nanoseconds)
STEP_INSTRUCTIONS Self-host canonical stage instructions=169062464285
Self-host canonical stage link took 0.171453 seconds (171453000 nanoseconds)
STEP_INSTRUCTIONS Self-host canonical stage link instructions=905373668
