MACHINE_INFO arch=x86_64 cpu="INTEL(R) XEON(R) PLATINUM 8573C" model=emeraldrapids cores=9 ram_mib=22039
[1/100] Building C object CMakeFiles/ide.dir/Release/src/buster/tests/byte_writer_test.c.o
[2/100] Building C object CMakeFiles/ide.dir/Release/src/buster/tests/arena_test.c.o
[3/100] Building C object CMakeFiles/ide.dir/Release/src/buster/tests/hash_test.c.o
[4/100] Building C object CMakeFiles/ide.dir/Release/src/buster/apps/ide/ide.c.o
[5/100] Building C object CMakeFiles/ide.dir/Release/src/buster/tests/simd_test.c.o
[6/100] Building C object CMakeFiles/ide.dir/Release/src/buster/tests/string_test.c.o
[7/100] Building C object CMakeFiles/ide.dir/Release/src/buster/tests/os_test.c.o
[8/100] Building C object CMakeFiles/ide.dir/Release/src/buster/tests/file_test.c.o
[9/100] Building C object CMakeFiles/ide.dir/Release/src/buster/tests/compiler/metamorphic/metamorphic_test.c.o
[10/100] Building C object CMakeFiles/ide.dir/Release/src/buster/tests/target_test.c.o
[11/100] Building C object CMakeFiles/ide.dir/Release/src/buster/tests/compiler/assembly/aarch64_encoding_test.c.o
[12/100] Building C object CMakeFiles/ide.dir/Release/src/buster/tests/compiler/assembly/aarch64_exact_bridge_test.c.o
[13/100] Building C object CMakeFiles/ide.dir/Release/src/buster/tests/compiler/assembly/aarch64_control_semantics_test.c.o
[14/100] Building C object CMakeFiles/ide.dir/Release/src/buster/tests/compiler/assembly/aarch64_system_registers_test.c.o
[15/100] Building C object CMakeFiles/ide.dir/Release/src/buster/tests/compiler/assembly/aarch64_semantics_test.c.o
[16/100] Building C object CMakeFiles/ide.dir/Release/src/buster/tests/compiler/assembly/aarch64_system_semantics_test.c.o
[17/100] Building C object CMakeFiles/ide.dir/Release/src/buster/tests/compiler/assembly/aarch64_syntax_test.c.o
[18/100] Building C object CMakeFiles/ide.dir/Release/src/buster/tests/compiler/assembly/aarch64_semantic_vm_test.c.o
[19/100] Building C object CMakeFiles/ide.dir/Release/src/buster/tests/compiler/assembly/aarch64_direct_simd_test.c.o
[20/100] Building C object CMakeFiles/ide.dir/Release/src/buster/tests/compiler/assembly/aarch64_complex_simd_test.c.o
[21/100] Building C object CMakeFiles/ide.dir/Release/src/buster/tests/compiler/assembly/aarch64_memory_semantics_test.c.o
[22/100] Building C object CMakeFiles/ide.dir/Release/src/buster/tests/compiler/assembly/aarch64_alias_projection_test.c.o
[23/100] Building C object CMakeFiles/ide.dir/Release/src/buster/tests/compiler/assembly/assembly_test.c.o
[24/100] Building C object CMakeFiles/ide.dir/Release/src/buster/tests/compiler/assembly/x86_64_forwarding_test.c.o
[25/100] Building C object CMakeFiles/ide.dir/Release/src/buster/tests/compiler/frontend/c/c_test.c.o
[26/100] Building C object CMakeFiles/ide.dir/Release/src/buster/tests/compiler/assembly/x86_64_tls_test.c.o
[27/100] Building C object CMakeFiles/ide.dir/Release/src/buster/tests/compiler/assembly/padding_test.c.o
[28/100] Building C object CMakeFiles/ide.dir/Release/src/buster/tests/compiler/assembly/x86_64_got_test.c.o
[29/100] Building C object CMakeFiles/ide.dir/Release/src/buster/tests/compiler/assembly/x86_64_completion_census_test.c.o
[30/100] Building C object CMakeFiles/ide.dir/Release/src/buster/tests/compiler/diagnostic_test.c.o
[31/100] Building C object CMakeFiles/ide.dir/Release/src/buster/tests/compiler/ir/ir_test.c.o
[32/100] Building C object CMakeFiles/ide.dir/Release/src/buster/tests/compiler/ir/vector_contract_test.c.o
[33/100] Building C object CMakeFiles/ide.dir/Release/src/buster/tests/compiler/llvm/bitcode_test.c.o
[34/100] Building C object CMakeFiles/ide.dir/Release/src/buster/tests/compiler/codegen/machine_select_test.c.o
[35/100] Building C object CMakeFiles/ide.dir/Release/src/buster/tests/compiler/codegen/machine_test.c.o
[36/100] Building C object CMakeFiles/ide.dir/Release/src/buster/tests/compiler/codegen/codegen_test.c.o
[37/100] Building C object CMakeFiles/ide.dir/Release/src/buster/tests/compiler/codegen/aarch64_stride_test.c.o
[38/100] Building C object CMakeFiles/ide.dir/Release/src/buster/tests/compiler/debug/debug_test.c.o
[39/100] Building C object CMakeFiles/ide.dir/Release/src/buster/tests/compiler/assembly/x86_64_metadata_test.c.o
[40/100] Building C object CMakeFiles/ide.dir/Release/src/buster/tests/compiler/dwarf/dwarf_test.c.o
[41/100] Building C object CMakeFiles/ide.dir/Release/src/buster/tests/compiler/codeview/codeview_test.c.o
[42/100] Building C object CMakeFiles/ide.dir/Release/src/buster/tests/compiler/pdb/pdb_test.c.o
[43/100] Building C object CMakeFiles/ide.dir/Release/src/buster/tests/compiler/jit/jit_test.c.o
[44/100] Building C object CMakeFiles/ide.dir/Release/src/buster/tests/compiler/object/object_test.c.o
[45/100] Building C object CMakeFiles/ide.dir/Release/src/buster/tests/compiler/gpu/gpu_test.c.o
[46/100] Building C object CMakeFiles/ide.dir/Release/src/buster/tests/compiler/link/link_test.c.o
[47/100] Building C object CMakeFiles/ide.dir/Release/src/buster/tests/compiler/driver/object_path_test.c.o
[48/100] Building C object CMakeFiles/ide.dir/Release/src/buster/tests/x86_64_test.c.o
[49/100] Building C object CMakeFiles/ide.dir/Release/src/buster/tests/test.c.o
[50/100] Building C object CMakeFiles/ide.dir/Release/src/buster/lib/os.c.o
[51/100] Building C object CMakeFiles/ide.dir/Release/src/buster/lib/entry_point.c.o
[52/100] Building C object CMakeFiles/ide.dir/Release/src/buster/lib/arena.c.o
[53/100] Building C object CMakeFiles/ide.dir/Release/src/buster/lib/integer.c.o
[54/100] Building C object CMakeFiles/ide.dir/Release/src/buster/lib/string.c.o
[55/100] Building C object CMakeFiles/ide.dir/Release/src/buster/lib/float.c.o
[56/100] Building C object CMakeFiles/ide.dir/Release/src/buster/lib/compiler/frontend/c/c_source.c.o
[57/100] Building C object CMakeFiles/ide.dir/Release/src/buster/lib/compiler/frontend/c/c_parse.c.o
[58/100] Building C object CMakeFiles/ide.dir/Release/src/buster/tests/compiler/driver/driver_test.c.o
[59/100] Building C object CMakeFiles/ide.dir/Release/src/buster/lib/compiler/assembly/aarch64_encoding.c.o
[60/100] Building C object CMakeFiles/ide.dir/Release/src/buster/lib/compiler/assembly/aarch64_exact_bridge.c.o
[61/100] Building C object CMakeFiles/ide.dir/Release/src/buster/lib/compiler/assembly/aarch64_control_semantics.c.o
[62/100] Building C object CMakeFiles/ide.dir/Release/src/buster/lib/compiler/assembly/aarch64_system_registers.c.o
[63/100] Building C object CMakeFiles/ide.dir/Release/src/buster/lib/compiler/assembly/aarch64_semantics.c.o
[64/100] Building C object CMakeFiles/ide.dir/Release/src/buster/lib/compiler/assembly/aarch64_system_semantics.c.o
[65/100] Building C object CMakeFiles/ide.dir/Release/src/buster/lib/compiler/assembly/aarch64_syntax.c.o
[66/100] Building C object CMakeFiles/ide.dir/Release/src/buster/lib/compiler/assembly/aarch64_semantic_vm.c.o
[67/100] Building C object CMakeFiles/ide.dir/Release/src/buster/lib/compiler/assembly/aarch64_direct_simd_semantics.c.o
[68/100] Building C object CMakeFiles/ide.dir/Release/src/buster/lib/compiler/assembly/aarch64_complex_simd_semantics.c.o
[69/100] Building C object CMakeFiles/ide.dir/Release/src/buster/lib/compiler/frontend/c/c_gen.c.o
[70/100] Building C object CMakeFiles/ide.dir/Release/src/buster/lib/compiler/assembly/aarch64_memory_semantics.c.o
[71/100] Building C object CMakeFiles/ide.dir/Release/src/buster/lib/compiler/assembly/aarch64_alias_projection.c.o
[72/100] Building C object CMakeFiles/ide.dir/Release/src/buster/lib/compiler/assembly/assembly_unit.c.o
[73/100] Building C object CMakeFiles/ide.dir/Release/src/buster/lib/compiler/assembly/assembly.c.o
[74/100] Building C object CMakeFiles/ide.dir/Release/src/buster/lib/compiler/assembly/x86_64_completion_census.c.o
[75/100] Building C object CMakeFiles/ide.dir/Release/src/buster/lib/compiler/assembly/x86_64_metadata.c.o
[76/100] Building C object CMakeFiles/ide.dir/Release/src/buster/lib/compiler/diagnostic.c.o
[77/100] Building C object CMakeFiles/ide.dir/Release/src/buster/lib/compiler/debug/debug.c.o
[78/100] Building C object CMakeFiles/ide.dir/Release/src/buster/lib/compiler/ir/ir.c.o
[79/100] Building C object CMakeFiles/ide.dir/Release/src/buster/lib/compiler/codegen/bootstrap_trace.c.o
[80/100] Building C object CMakeFiles/ide.dir/Release/src/buster/lib/compiler/codegen/machine.c.o
[81/100] Building C object CMakeFiles/ide.dir/Release/src/buster/lib/compiler/dwarf/dwarf.c.o
[82/100] Building C object CMakeFiles/ide.dir/Release/src/buster/lib/byte_writer.c.o
[83/100] Building C object CMakeFiles/ide.dir/Release/src/buster/lib/compiler/codeview/codeview.c.o
[84/100] Building C object CMakeFiles/ide.dir/Release/src/buster/lib/compiler/codegen/codegen.c.o
[85/100] Building C object CMakeFiles/ide.dir/Release/src/buster/lib/compiler/pdb/pdb.c.o
[86/100] Building C object CMakeFiles/ide.dir/Release/src/buster/lib/compiler/jit/jit.c.o
[87/100] Building C object CMakeFiles/ide.dir/Release/src/buster/lib/compiler/object/object.c.o
[88/100] Building C object CMakeFiles/ide.dir/Release/src/buster/lib/compiler/wasm/wasm.c.o
[89/100] Building C object CMakeFiles/ide.dir/Release/src/buster/lib/compiler/link/link.c.o
[90/100] Building C object CMakeFiles/ide.dir/Release/src/buster/lib/compiler/gpu/gpu.c.o
[91/100] Building C object CMakeFiles/ide.dir/Release/src/buster/lib/compiler/llvm/bitcode.c.o
[92/100] Building C object CMakeFiles/ide.dir/Release/src/buster/lib/compiler/ebpf/ebpf.c.o
[93/100] Building C object CMakeFiles/ide.dir/Release/src/buster/lib/simd.c.o
[94/100] Building C object CMakeFiles/ide.dir/Release/src/buster/lib/file.c.o
[95/100] Building C object CMakeFiles/ide.dir/Release/src/buster/lib/target.c.o
[96/100] Building C object CMakeFiles/ide.dir/Release/src/buster/lib/time.c.o
[97/100] Building C object CMakeFiles/ide.dir/Release/src/buster/lib/hash.c.o
[98/100] Building C object CMakeFiles/ide.dir/Release/src/buster/lib/x86_64.c.o
[99/100] Building C object CMakeFiles/ide.dir/Release/src/buster/lib/compiler/driver/driver.c.o
[100/100] Linking C executable Release/ide
TARGET cpu=emeraldrapids features=adx,aes,avx,avx-vnni,avx2,avx512bf16,avx512bitalg,avx512bw,avx512cd,avx512dq,avx512f,avx512fp16,avx512ifma,avx512vbmi,avx512vbmi2,avx512vl,avx512vnni,avx512vpopcntdq,bmi1,bmi2,cldemote,clflushopt,clwb,cx16,f16c,fma,fsgsbase,gfni,invpcid,lzcnt,movbe,movdir64b,pclmul,popcnt,rdrand,rdseed,rtm,serialize,sha,smap,sse2,sse3,sse4.1,sse4.2,ssse3,tsxldtrk,vaes,vpclmulqdq,waitpkg,xsave,xsaves
SOURCE src/buster/apps/ide/ide.c
                                  unique                    lexed
--------------------------------------------------------------------------
files                                327                      360
bytes on disk                 30.569.635               30.603.387
physical lines                   380.798                  381.935

bytes scanned                 30.567.597               30.601.343
  code                        24.264.268   79.4 %      24.282.939   79.4 %
  comment                      1.725.367    5.6 %       1.738.034    5.7 %
  whitespace                   4.577.962   15.0 %       4.580.370   15.0 %
  literals, within code       13.180.275   43.1 %      13.180.496   43.1 %

lines scanned                    379.779                  380.913
  code, the sLOC                 341.174   89.8 %         342.001   89.8 %
  comment                         28.997    7.6 %          29.257    7.7 %
  blank                           11.366    3.0 %          11.428    3.0 %
  both, counted twice              1.758    0.5 %           1.773    0.5 %

comments                          24.352                   24.419
tokens                         2.999.195                3.002.365
spliced-away lines                 1.019    0.3 %           1.022    0.3 %

preprocessed output                      of lexed
  tokens to the parser         3.345.238  111.4 %
  their spelling bytes        24.700.361  101.7 %
  bytes retained              33.447.517  109.3 %
  macro expansions               124.262
  #define directives               3.326

files lexed more than once
         lexes re-read bytes  path
             4        12.852  /usr/include/x86_64-linux-gnu/bits/libc-header-start.h
            16        11.280  stddef.h
            13         5.304  /usr/include/x86_64-linux-gnu/bits/wordsize.h
             2         2.231  /usr/include/x86_64-linux-gnu/bits/stat.h
             2         1.109  /usr/include/x86_64-linux-gnu/bits/timesize.h
             2           970  /usr/include/x86_64-linux-gnu/bits/long-double.h
                      33.746  re-read in total
IR_FRONTEND_SSA functions=4426 locals=39221 reads=144956 writes=63324 parameters_created=401270 parameters_removed=372574 temporaries=10038 fallback_locals=1908
IR_FAST_PASS name=fold enabled=1 timed=0 ns=0 visits=1293246 changes=93611
IR_FAST_PASS name=address enabled=1 timed=0 ns=0 visits=1293246 changes=9331
IR_FAST_PASS name=dce enabled=1 timed=0 ns=0 visits=2611626 changes=133763
IR_FAST_PASS name=parameters enabled=1 timed=0 ns=0 visits=88883 changes=0
IR_FAST functions=4693 validation_skips=0 budget_skips=0 provenance_skips=0 parameter_budget_hits=0 scratch_peak_bound=2055952 retained_bound=15251060 compact_ns=0 instructions_before=1293246 instructions_after=1149958
IR_LOCAL_PROMOTION candidates=26018 promoted=8 loads_removed=14 stores_removed=10 parameters_inserted=12 parameters_removed=10 uninitialized=0 barriers=8 instructions_before=1293278 instructions_after=1293246 values_before=1118521 values_after=1118501
IR_LOCAL_PROMOTION_WORK parameter_sweeps=4 block_visits=28 parameter_visits=14 incoming_visits=28
CODEGEN cpu=emeraldrapids vector_bits=512 functions=4693 instructions=1149958 values=975213 stack_value_bytes=5143784 stack_frame_bytes=5143784 max_stack_frame_bytes=654392 code_bytes=18806822 forwarded_wide_vector_loads=0 native_vector_operations=0 split_vector_operations=0 vzeroupper=0 simd_operations=104 allocator=fast fallback_functions=0
CODEGEN_ENCODER exact_attempts=1564939 exact_successes=1564939 exact_failures=0
CODEGEN_MIR mutable_virtual_registers=78198
CODEGEN_ALLOCATOR reloads=174451 spills=210553 boundary_spills=91398 boundary_reloads=26422 boundary_copies=85 copies=150515 rematerializations=59921 pins=0 splits=0 scheduled=0 schedule_kept=0
TARGET cpu=emeraldrapids features=adx,aes,avx,avx-vnni,avx2,avx512bf16,avx512bitalg,avx512bw,avx512cd,avx512dq,avx512f,avx512fp16,avx512ifma,avx512vbmi,avx512vbmi2,avx512vl,avx512vnni,avx512vpopcntdq,bmi1,bmi2,cldemote,clflushopt,clwb,cx16,f16c,fma,fsgsbase,gfni,invpcid,lzcnt,movbe,movdir64b,pclmul,popcnt,rdrand,rdseed,rtm,serialize,sha,smap,sse2,sse3,sse4.1,sse4.2,ssse3,tsxldtrk,vaes,vpclmulqdq,waitpkg,xsave,xsaves
SOURCE src/buster/apps/ide/ide.c
                                  unique                    lexed
--------------------------------------------------------------------------
files                                326                      359
bytes on disk                 30.538.689               30.572.441
physical lines                   379.848                  380.985

bytes scanned                 30.536.653               30.570.399
  code                        24.244.032   79.4 %      24.262.703   79.4 %
  comment                      1.718.112    5.6 %       1.730.779    5.7 %
  whitespace                   4.574.509   15.0 %       4.576.917   15.0 %
  literals, within code       13.180.275   43.2 %      13.180.496   43.1 %

lines scanned                    378.830                  379.964
  code, the sLOC                 340.445   89.9 %         341.272   89.8 %
  comment                         28.811    7.6 %          29.071    7.7 %
  blank                           11.259    3.0 %          11.321    3.0 %
  both, counted twice              1.685    0.4 %           1.700    0.4 %

comments                          24.237                   24.304
tokens                         2.996.093                2.999.263
spliced-away lines                 1.018    0.3 %           1.021    0.3 %

preprocessed output                      of lexed
  tokens to the parser         3.345.238  111.5 %
  their spelling bytes        24.700.361  101.8 %
  bytes retained              33.416.572  109.3 %
  macro expansions               124.260
  #define directives               3.325

files lexed more than once
         lexes re-read bytes  path
             4        12.852  /usr/include/x86_64-linux-gnu/bits/libc-header-start.h
            16        11.280  stddef.h
            13         5.304  /usr/include/x86_64-linux-gnu/bits/wordsize.h
             2         2.231  /usr/include/x86_64-linux-gnu/bits/stat.h
             2         1.109  /usr/include/x86_64-linux-gnu/bits/timesize.h
             2           970  /usr/include/x86_64-linux-gnu/bits/long-double.h
                      33.746  re-read in total
IR_FRONTEND_SSA functions=4426 locals=39221 reads=144956 writes=63324 parameters_created=401270 parameters_removed=372574 temporaries=10038 fallback_locals=1908
IR_FAST_PASS name=fold enabled=1 timed=0 ns=0 visits=1293246 changes=93611
IR_FAST_PASS name=address enabled=1 timed=0 ns=0 visits=1293246 changes=9331
IR_FAST_PASS name=dce enabled=1 timed=0 ns=0 visits=2611626 changes=133763
IR_FAST_PASS name=parameters enabled=1 timed=0 ns=0 visits=88883 changes=0
IR_FAST functions=4693 validation_skips=0 budget_skips=0 provenance_skips=0 parameter_budget_hits=0 scratch_peak_bound=2055952 retained_bound=15251060 compact_ns=0 instructions_before=1293246 instructions_after=1149958
IR_LOCAL_PROMOTION candidates=26018 promoted=8 loads_removed=14 stores_removed=10 parameters_inserted=12 parameters_removed=10 uninitialized=0 barriers=8 instructions_before=1293278 instructions_after=1293246 values_before=1118521 values_after=1118501
IR_LOCAL_PROMOTION_WORK parameter_sweeps=4 block_visits=28 parameter_visits=14 incoming_visits=28
CODEGEN cpu=emeraldrapids vector_bits=512 functions=4693 instructions=1149958 values=975213 stack_value_bytes=5143784 stack_frame_bytes=5143784 max_stack_frame_bytes=654392 code_bytes=18806822 forwarded_wide_vector_loads=0 native_vector_operations=0 split_vector_operations=0 vzeroupper=0 simd_operations=104 allocator=fast fallback_functions=0
CODEGEN_ENCODER exact_attempts=1564939 exact_successes=1564939 exact_failures=0
CODEGEN_MIR mutable_virtual_registers=78198
CODEGEN_ALLOCATOR reloads=174451 spills=210553 boundary_spills=91398 boundary_reloads=26422 boundary_copies=85 copies=150515 rematerializations=59921 pins=0 splits=0 scheduled=0 schedule_kept=0
SELF_HOST fixed_point bytes=38446560 stage1=build/self-host/Release/ide-stage1 stage2=build/self-host/Release/ide-stage2
SELF_HOST stage 1 throughput
  workload:      30.601.343 bytes | 380.913 LOC | 342.001 SLOC | 3.345.238 tokens
  elapsed:       4.664712 seconds
  bandwidth:     6.560 MB/s | 81.658 LOC/s | 73.317 SLOC/s
SELF_HOST stage 2 throughput
  workload:      30.570.399 bytes | 379.964 LOC | 341.272 SLOC | 3.345.238 tokens
  elapsed:       16.713461 seconds
  bandwidth:     1.829 MB/s | 22.734 LOC/s | 20.419 SLOC/s
BENCH_C_FRONTEND path=tests/basic_c_operations.c iterations=5 bytes=21042 min_ns=10070705 median_ns=10669417 throughput_mb_s=1
TARGET cpu=emeraldrapids features=adx,aes,avx,avx-vnni,avx2,avx512bf16,avx512bitalg,avx512bw,avx512cd,avx512dq,avx512f,avx512fp16,avx512ifma,avx512vbmi,avx512vbmi2,avx512vl,avx512vnni,avx512vpopcntdq,bmi1,bmi2,cldemote,clflushopt,clwb,cx16,f16c,fma,fsgsbase,gfni,invpcid,lzcnt,movbe,movdir64b,pclmul,popcnt,rdrand,rdseed,rtm,serialize,sha,smap,sse2,sse3,sse4.1,sse4.2,ssse3,tsxldtrk,vaes,vpclmulqdq,waitpkg,xsave,xsaves
SOURCE src/buster/apps/ide/ide.c
                                  unique                    lexed
--------------------------------------------------------------------------
files                                326                      359
bytes on disk                 30.538.689               30.572.441
physical lines                   379.848                  380.985

bytes scanned                 30.536.653               30.570.399
  code                        24.244.032   79.4 %      24.262.703   79.4 %
  comment                      1.718.112    5.6 %       1.730.779    5.7 %
  whitespace                   4.574.509   15.0 %       4.576.917   15.0 %
  literals, within code       13.180.275   43.2 %      13.180.496   43.1 %

lines scanned                    378.830                  379.964
  code, the sLOC                 340.445   89.9 %         341.272   89.8 %
  comment                         28.811    7.6 %          29.071    7.7 %
  blank                           11.259    3.0 %          11.321    3.0 %
  both, counted twice              1.685    0.4 %           1.700    0.4 %

comments                          24.237                   24.304
tokens                         2.996.093                2.999.263
spliced-away lines                 1.018    0.3 %           1.021    0.3 %

preprocessed output                      of lexed
  tokens to the parser         3.345.238  111.5 %
  their spelling bytes        24.700.361  101.8 %
  bytes retained              33.416.572  109.3 %
  macro expansions               124.260
  #define directives               3.325

files lexed more than once
         lexes re-read bytes  path
             4        12.852  /usr/include/x86_64-linux-gnu/bits/libc-header-start.h
            16        11.280  stddef.h
            13         5.304  /usr/include/x86_64-linux-gnu/bits/wordsize.h
             2         2.231  /usr/include/x86_64-linux-gnu/bits/stat.h
             2         1.109  /usr/include/x86_64-linux-gnu/bits/timesize.h
             2           970  /usr/include/x86_64-linux-gnu/bits/long-double.h
                      33.746  re-read in total
IR_FRONTEND_SSA functions=4426 locals=39221 reads=144956 writes=63324 parameters_created=401270 parameters_removed=372574 temporaries=10038 fallback_locals=1908
IR_FAST_PASS name=fold enabled=1 timed=0 ns=0 visits=1293246 changes=93611
IR_FAST_PASS name=address enabled=1 timed=0 ns=0 visits=1293246 changes=9331
IR_FAST_PASS name=dce enabled=1 timed=0 ns=0 visits=2611626 changes=133763
IR_FAST_PASS name=parameters enabled=1 timed=0 ns=0 visits=88883 changes=0
IR_FAST functions=4693 validation_skips=0 budget_skips=0 provenance_skips=0 parameter_budget_hits=0 scratch_peak_bound=2055952 retained_bound=15251060 compact_ns=0 instructions_before=1293246 instructions_after=1149958
IR_LOCAL_PROMOTION candidates=26018 promoted=8 loads_removed=14 stores_removed=10 parameters_inserted=12 parameters_removed=10 uninitialized=0 barriers=8 instructions_before=1293278 instructions_after=1293246 values_before=1118521 values_after=1118501
IR_LOCAL_PROMOTION_WORK parameter_sweeps=4 block_visits=28 parameter_visits=14 incoming_visits=28
CODEGEN cpu=emeraldrapids vector_bits=512 functions=4693 instructions=1149958 values=975213 stack_value_bytes=10839208 stack_frame_bytes=10839208 max_stack_frame_bytes=953968 code_bytes=29228448 forwarded_wide_vector_loads=0 native_vector_operations=0 split_vector_operations=0 vzeroupper=0 simd_operations=104 allocator=mir-stack fallback_functions=0
CODEGEN_ENCODER exact_attempts=1565052 exact_successes=1565052 exact_failures=0
CODEGEN_MIR mutable_virtual_registers=78198
CODEGEN_ALLOCATOR reloads=1055678 spills=913204 boundary_spills=64876 boundary_reloads=64876 boundary_copies=0 copies=0 rematerializations=0 pins=0 splits=0 scheduled=0 schedule_kept=0
BENCH_C_FRONTEND path=tests/basic_c_operations.c iterations=5 bytes=21042 min_ns=16027646 median_ns=17737329 throughput_mb_s=1
TARGET cpu=emeraldrapids features=adx,aes,avx,avx-vnni,avx2,avx512bf16,avx512bitalg,avx512bw,avx512cd,avx512dq,avx512f,avx512fp16,avx512ifma,avx512vbmi,avx512vbmi2,avx512vl,avx512vnni,avx512vpopcntdq,bmi1,bmi2,cldemote,clflushopt,clwb,cx16,f16c,fma,fsgsbase,gfni,invpcid,lzcnt,movbe,movdir64b,pclmul,popcnt,rdrand,rdseed,rtm,serialize,sha,smap,sse2,sse3,sse4.1,sse4.2,ssse3,tsxldtrk,vaes,vpclmulqdq,waitpkg,xsave,xsaves
SOURCE src/buster/apps/ide/ide.c
                                  unique                    lexed
--------------------------------------------------------------------------
files                                326                      359
bytes on disk                 30.538.689               30.572.441
physical lines                   379.848                  380.985

bytes scanned                 30.536.653               30.570.399
  code                        24.244.032   79.4 %      24.262.703   79.4 %
  comment                      1.718.112    5.6 %       1.730.779    5.7 %
  whitespace                   4.574.509   15.0 %       4.576.917   15.0 %
  literals, within code       13.180.275   43.2 %      13.180.496   43.1 %

lines scanned                    378.830                  379.964
  code, the sLOC                 340.445   89.9 %         341.272   89.8 %
  comment                         28.811    7.6 %          29.071    7.7 %
  blank                           11.259    3.0 %          11.321    3.0 %
  both, counted twice              1.685    0.4 %           1.700    0.4 %

comments                          24.237                   24.304
tokens                         2.996.093                2.999.263
spliced-away lines                 1.018    0.3 %           1.021    0.3 %

preprocessed output                      of lexed
  tokens to the parser         3.345.238  111.5 %
  their spelling bytes        24.700.361  101.8 %
  bytes retained              33.416.572  109.3 %
  macro expansions               124.260
  #define directives               3.325

files lexed more than once
         lexes re-read bytes  path
             4        12.852  /usr/include/x86_64-linux-gnu/bits/libc-header-start.h
            16        11.280  stddef.h
            13         5.304  /usr/include/x86_64-linux-gnu/bits/wordsize.h
             2         2.231  /usr/include/x86_64-linux-gnu/bits/stat.h
             2         1.109  /usr/include/x86_64-linux-gnu/bits/timesize.h
             2           970  /usr/include/x86_64-linux-gnu/bits/long-double.h
                      33.746  re-read in total
IR_FRONTEND_SSA functions=4426 locals=39221 reads=144956 writes=63324 parameters_created=401270 parameters_removed=372574 temporaries=10038 fallback_locals=1908
IR_FAST_PASS name=fold enabled=1 timed=0 ns=0 visits=1293246 changes=93611
IR_FAST_PASS name=address enabled=1 timed=0 ns=0 visits=1293246 changes=9331
IR_FAST_PASS name=dce enabled=1 timed=0 ns=0 visits=2611626 changes=133763
IR_FAST_PASS name=parameters enabled=1 timed=0 ns=0 visits=88883 changes=0
IR_FAST functions=4693 validation_skips=0 budget_skips=0 provenance_skips=0 parameter_budget_hits=0 scratch_peak_bound=2055952 retained_bound=15251060 compact_ns=0 instructions_before=1293246 instructions_after=1149958
IR_LOCAL_PROMOTION candidates=26018 promoted=8 loads_removed=14 stores_removed=10 parameters_inserted=12 parameters_removed=10 uninitialized=0 barriers=8 instructions_before=1293278 instructions_after=1293246 values_before=1118521 values_after=1118501
IR_LOCAL_PROMOTION_WORK parameter_sweeps=4 block_visits=28 parameter_visits=14 incoming_visits=28
CODEGEN cpu=emeraldrapids vector_bits=512 functions=4693 instructions=1149958 values=975213 stack_value_bytes=28368472 stack_frame_bytes=28428320 max_stack_frame_bytes=1278336 code_bytes=27250592 forwarded_wide_vector_loads=0 native_vector_operations=1 split_vector_operations=0 vzeroupper=78 simd_operations=104 allocator=none fallback_functions=0
CODEGEN_ENCODER exact_attempts=0 exact_successes=0 exact_failures=0
CODEGEN_MIR mutable_virtual_registers=0
Self-host stage 1 took 4.664712 seconds (4664712000 nanoseconds)
Self-host stage 2 took 16.713461 seconds (16713461000 nanoseconds)
Self-host stage 2 benchmark took 0.080951 seconds (80951000 nanoseconds)
Self-host machine stage took 19.732224 seconds (19732224000 nanoseconds)
Self-host machine stage benchmark took 0.122188 seconds (122188000 nanoseconds)
Self-host canonical stage took 20.422258 seconds (20422258000 nanoseconds)
