TEST_MODULE_TIMING index=0 module=byte_writer_tests duration_ns=63497 passed=484 failed=0 assertions=484 status=pass
TEST_MODULE_TIMING index=1 module=arena_tests duration_ns=40854696 passed=112 failed=0 assertions=112 status=pass
TEST_MODULE_TIMING index=2 module=hash_tests duration_ns=64407692 passed=705 failed=0 assertions=705 status=pass
TEST_MODULE_TIMING index=3 module=simd_tests duration_ns=188104 passed=141 failed=0 assertions=141 status=pass
TEST_MODULE_TIMING index=4 module=string_tests duration_ns=940749785 passed=158069 failed=0 assertions=158069 status=pass
TEST_MODULE_TIMING index=5 module=os_tests duration_ns=242062220 passed=174 failed=0 assertions=174 status=pass
!compile_wait.timed_out && compile_wait.result == PROCESS_RESULT_SUCCESS failed at /dev/shm/buster-447-7fcc2a76/src/buster/tests/file_test.c:file_tests:201
TEST_MODULE_TIMING index=6 module=file_tests duration_ns=327358294 passed=42 failed=1 assertions=43 status=fail
TEST_MODULE_TIMING index=7 module=target_tests duration_ns=23872289 passed=6469 failed=0 assertions=6469 status=pass
TEST_MODULE_TIMING index=8 module=c_frontend_tests duration_ns=22361719914 passed=580254 failed=0 assertions=580254 status=pass
summary.failures == 0 failed at /dev/shm/buster-447-7fcc2a76/src/buster/tests/compiler/metamorphic/metamorphic_test.c:metamorphic_tests:1020
summary.executed == (BUSTER_META_TRANSFORM_COUNT + 1) * CODEGEN_REGISTER_ALLOCATOR_MODE_COUNT failed at /dev/shm/buster-447-7fcc2a76/src/buster/tests/compiler/metamorphic/metamorphic_test.c:metamorphic_tests:1021
work_count == summary.pairs failed at /dev/shm/buster-447-7fcc2a76/src/buster/tests/compiler/metamorphic/metamorphic_test.c:metamorphic_tests:1023
TEST_MODULE_TIMING index=9 module=metamorphic_tests duration_ns=196563782121 passed=112 failed=3 assertions=115 status=fail
TEST_MODULE_TIMING index=10 module=aarch64_encoding_tests duration_ns=9190727303 passed=236716 failed=0 assertions=236716 status=pass
TEST_MODULE_TIMING index=11 module=aarch64_exact_bridge_tests duration_ns=169993 passed=102 failed=0 assertions=102 status=pass
TEST_MODULE_TIMING index=12 module=aarch64_control_semantics_tests duration_ns=3118705 passed=3377 failed=0 assertions=3377 status=pass
TEST_MODULE_TIMING index=13 module=aarch64_system_registers_tests duration_ns=12753145 passed=108 failed=0 assertions=108 status=pass
TEST_MODULE_TIMING index=14 module=aarch64_semantics_tests duration_ns=73103949 passed=215 failed=0 assertions=215 status=pass
TEST_MODULE_TIMING index=15 module=aarch64_system_semantics_tests duration_ns=104682036 passed=694 failed=0 assertions=694 status=pass
TEST_MODULE_TIMING index=16 module=aarch64_syntax_tests duration_ns=835854951 passed=112 failed=0 assertions=112 status=pass
TEST_MODULE_TIMING index=17 module=aarch64_semantic_vm_tests duration_ns=670422983 passed=90 failed=0 assertions=90 status=pass
TEST_MODULE_TIMING index=18 module=aarch64_direct_simd_tests duration_ns=1212355955 passed=152 failed=0 assertions=152 status=pass
TEST_MODULE_TIMING index=19 module=aarch64_complex_simd_tests duration_ns=1469938867 passed=32 failed=0 assertions=32 status=pass
TEST_MODULE_TIMING index=20 module=aarch64_memory_semantics_tests duration_ns=7383920363 passed=18 failed=0 assertions=18 status=pass
TEST_MODULE_TIMING index=21 module=aarch64_alias_projection_tests duration_ns=4369176 passed=28 failed=0 assertions=28 status=pass
TEST_MODULE_TIMING index=22 module=assembly_tests duration_ns=1852871966 passed=6148 failed=0 assertions=6148 status=pass
TEST_MODULE_TIMING index=23 module=x86_64_forwarding_tests duration_ns=2138193 passed=13110 failed=0 assertions=13110 status=pass
TEST_MODULE_TIMING index=24 module=x86_64_metadata_tests duration_ns=13236533343 passed=1617 failed=0 assertions=1617 status=pass
TEST_MODULE_TIMING index=25 module=x86_64_tls_tests duration_ns=83080997 passed=294552 failed=0 assertions=294552 status=pass
TEST_MODULE_TIMING index=26 module=executable_padding_tests duration_ns=28189084 passed=32908 failed=0 assertions=32908 status=pass
TEST_MODULE_TIMING index=27 module=x86_64_got_tests duration_ns=70363611 passed=133541 failed=0 assertions=133541 status=pass
TEST_MODULE_TIMING index=28 module=x86_64_completion_census_tests duration_ns=32529177330 passed=34046 failed=0 assertions=34046 status=pass
TEST_MODULE_TIMING index=29 module=ir_tests duration_ns=454082559 passed=348357 failed=0 assertions=348357 status=pass
TEST_MODULE_TIMING index=30 module=vector_contract_tests duration_ns=1055694098 passed=3056 failed=0 assertions=3056 status=pass
TEST_MODULE_TIMING index=31 module=llvm_bitcode_tests duration_ns=3999767289 passed=331 failed=0 assertions=331 status=pass
TEST_MODULE_TIMING index=32 module=machine_selection_tests duration_ns=41087068 passed=581 failed=0 assertions=581 status=pass
TEST_MODULE_TIMING index=33 module=machine_tests duration_ns=18747907639 passed=479391 failed=0 assertions=479391 status=pass
TEST_MODULE_TIMING index=34 module=codegen_tests duration_ns=1431290949 passed=4695 failed=0 assertions=4695 status=pass
TEST_MODULE_TIMING index=35 module=aarch64_stride_tests duration_ns=25064976 passed=98 failed=0 assertions=98 status=pass
TEST_MODULE_TIMING index=36 module=debug_model_tests duration_ns=39874211 passed=668 failed=0 assertions=668 status=pass
TEST_MODULE_TIMING index=37 module=dwarf_tests duration_ns=675070 passed=104 failed=0 assertions=104 status=pass
TEST_MODULE_TIMING index=38 module=codeview_tests duration_ns=110523981 passed=46596 failed=0 assertions=46596 status=pass
TEST_MODULE_TIMING index=39 module=pdb_tests duration_ns=1440516322 passed=24848 failed=0 assertions=24848 status=pass
TEST_MODULE_TIMING index=40 module=object_tests duration_ns=112900493 passed=105214 failed=0 assertions=105214 status=pass
TEST_MODULE_TIMING index=41 module=jit_tests duration_ns=721173 passed=113 failed=0 assertions=113 status=pass
TEST_MODULE_TIMING index=42 module=link_tests duration_ns=582854321 passed=67708 failed=0 assertions=67708 status=pass
TEST_MODULE_TIMING index=43 module=gpu_pipeline_tests duration_ns=820067 passed=135 failed=0 assertions=135 status=pass
TEST_MODULE_TIMING index=44 module=compiler_diagnostic_tests duration_ns=22171604 passed=64 failed=0 assertions=64 status=pass
TEST_MODULE_TIMING index=45 module=compiler_driver_tests duration_ns=105994018993 passed=22169 failed=0 assertions=22169 status=pass
TEST_MODULE_TIMING index=46 module=compiler_driver_object_path_tests duration_ns=17607950 passed=22 failed=0 assertions=22 status=pass
TEST_MODULE_TIMING index=47 module=x86_64_tests duration_ns=3001800 passed=18 failed=0 assertions=18 status=pass
[2608296/2608300] Unit tests
[46/48] Module tests
==277==LeakSanitizer has encountered a fatal error.
==277==HINT: LeakSanitizer does not work under ptrace (strace, gdb, etc)
