[1/96] Building C object CMakeFiles/ide.dir/Release/src/buster/apps/ide/ide.c.o
[2/96] Building C object CMakeFiles/ide.dir/Release/src/buster/tests/arena_test.c.o
[3/96] Building C object CMakeFiles/ide.dir/Release/src/buster/tests/hash_test.c.o
[4/96] Building C object CMakeFiles/ide.dir/Release/src/buster/tests/simd_test.c.o
[5/96] Building C object CMakeFiles/ide.dir/Release/src/buster/tests/string_test.c.o
[6/96] Building C object CMakeFiles/ide.dir/Release/src/buster/tests/os_test.c.o
[7/96] Building C object CMakeFiles/ide.dir/Release/src/buster/tests/file_test.c.o
[8/96] Building C object CMakeFiles/ide.dir/Release/src/buster/tests/target_test.c.o
[9/96] Building C object CMakeFiles/ide.dir/Release/src/buster/tests/compiler/metamorphic/metamorphic_test.c.o
[10/96] Building C object CMakeFiles/ide.dir/Release/src/buster/tests/compiler/frontend/c/c_test.c.o
[11/96] Building C object CMakeFiles/ide.dir/Release/src/buster/tests/compiler/assembly/aarch64_encoding_test.c.o
[12/96] Building C object CMakeFiles/ide.dir/Release/src/buster/tests/compiler/assembly/aarch64_exact_bridge_test.c.o
[13/96] Building C object CMakeFiles/ide.dir/Release/src/buster/tests/compiler/assembly/aarch64_control_semantics_test.c.o
[14/96] Building C object CMakeFiles/ide.dir/Release/src/buster/tests/compiler/assembly/aarch64_system_registers_test.c.o
[15/96] Building C object CMakeFiles/ide.dir/Release/src/buster/tests/compiler/assembly/aarch64_semantics_test.c.o
[16/96] Building C object CMakeFiles/ide.dir/Release/src/buster/tests/compiler/assembly/aarch64_system_semantics_test.c.o
[17/96] Building C object CMakeFiles/ide.dir/Release/src/buster/tests/compiler/assembly/aarch64_syntax_test.c.o
[18/96] Building C object CMakeFiles/ide.dir/Release/src/buster/tests/compiler/assembly/aarch64_semantic_vm_test.c.o
[19/96] Building C object CMakeFiles/ide.dir/Release/src/buster/tests/compiler/assembly/aarch64_direct_simd_test.c.o
[20/96] Building C object CMakeFiles/ide.dir/Release/src/buster/tests/compiler/assembly/aarch64_complex_simd_test.c.o
[21/96] Building C object CMakeFiles/ide.dir/Release/src/buster/tests/compiler/assembly/aarch64_memory_semantics_test.c.o
[22/96] Building C object CMakeFiles/ide.dir/Release/src/buster/tests/compiler/assembly/aarch64_alias_projection_test.c.o
[23/96] Building C object CMakeFiles/ide.dir/Release/src/buster/tests/compiler/assembly/assembly_test.c.o
[24/96] Building C object CMakeFiles/ide.dir/Release/src/buster/tests/compiler/assembly/x86_64_forwarding_test.c.o
[25/96] Building C object CMakeFiles/ide.dir/Release/src/buster/tests/compiler/assembly/x86_64_metadata_test.c.o
[26/96] Building C object CMakeFiles/ide.dir/Release/src/buster/tests/compiler/assembly/x86_64_tls_test.c.o
[27/96] Building C object CMakeFiles/ide.dir/Release/src/buster/tests/compiler/assembly/padding_test.c.o
[28/96] Building C object CMakeFiles/ide.dir/Release/src/buster/tests/compiler/assembly/x86_64_got_test.c.o
[29/96] Building C object CMakeFiles/ide.dir/Release/src/buster/tests/compiler/assembly/x86_64_completion_census_test.c.o
[30/96] Building C object CMakeFiles/ide.dir/Release/src/buster/tests/compiler/diagnostic_test.c.o
[31/96] Building C object CMakeFiles/ide.dir/Release/src/buster/tests/compiler/ir/ir_test.c.o
[32/96] Building C object CMakeFiles/ide.dir/Release/src/buster/tests/compiler/llvm/bitcode_test.c.o
[33/96] Building C object CMakeFiles/ide.dir/Release/src/buster/tests/compiler/codegen/machine_select_test.c.o
[34/96] Building C object CMakeFiles/ide.dir/Release/src/buster/tests/compiler/codegen/machine_test.c.o
[35/96] Building C object CMakeFiles/ide.dir/Release/src/buster/tests/compiler/codegen/codegen_test.c.o
[36/96] Building C object CMakeFiles/ide.dir/Release/src/buster/tests/compiler/codegen/aarch64_stride_test.c.o
[37/96] Building C object CMakeFiles/ide.dir/Release/src/buster/tests/compiler/debug/debug_test.c.o
[38/96] Building C object CMakeFiles/ide.dir/Release/src/buster/tests/compiler/dwarf/dwarf_test.c.o
[39/96] Building C object CMakeFiles/ide.dir/Release/src/buster/tests/compiler/codeview/codeview_test.c.o
[40/96] Building C object CMakeFiles/ide.dir/Release/src/buster/tests/compiler/pdb/pdb_test.c.o
[41/96] Building C object CMakeFiles/ide.dir/Release/src/buster/tests/compiler/object/object_test.c.o
[42/96] Building C object CMakeFiles/ide.dir/Release/src/buster/tests/compiler/jit/jit_test.c.o
[43/96] Building C object CMakeFiles/ide.dir/Release/src/buster/tests/compiler/link/link_test.c.o
[44/96] Building C object CMakeFiles/ide.dir/Release/src/buster/tests/compiler/gpu/gpu_test.c.o
[45/96] Building C object CMakeFiles/ide.dir/Release/src/buster/tests/compiler/driver/driver_test.c.o
[46/96] Building C object CMakeFiles/ide.dir/Release/src/buster/tests/compiler/driver/object_path_test.c.o
[47/96] Building C object CMakeFiles/ide.dir/Release/src/buster/tests/x86_64_test.c.o
[48/96] Building C object CMakeFiles/ide.dir/Release/src/buster/lib/os.c.o
[49/96] Building C object CMakeFiles/ide.dir/Release/src/buster/lib/entry_point.c.o
[50/96] Building C object CMakeFiles/ide.dir/Release/src/buster/lib/arena.c.o
[51/96] Building C object CMakeFiles/ide.dir/Release/src/buster/lib/integer.c.o
[52/96] Building C object CMakeFiles/ide.dir/Release/src/buster/lib/string.c.o
[53/96] Building C object CMakeFiles/ide.dir/Release/src/buster/lib/float.c.o
[54/96] Building C object CMakeFiles/ide.dir/Release/src/buster/lib/compiler/frontend/c/c_source.c.o
[55/96] Building C object CMakeFiles/ide.dir/Release/src/buster/lib/compiler/frontend/c/c_parse.c.o
[56/96] Building C object CMakeFiles/ide.dir/Release/src/buster/lib/compiler/frontend/c/c_gen.c.o
[57/96] Building C object CMakeFiles/ide.dir/Release/src/buster/lib/compiler/assembly/aarch64_encoding.c.o
[58/96] Building C object CMakeFiles/ide.dir/Release/src/buster/lib/compiler/assembly/aarch64_exact_bridge.c.o
[59/96] Building C object CMakeFiles/ide.dir/Release/src/buster/lib/compiler/assembly/aarch64_control_semantics.c.o
[60/96] Building C object CMakeFiles/ide.dir/Release/src/buster/lib/compiler/assembly/aarch64_system_registers.c.o
[61/96] Building C object CMakeFiles/ide.dir/Release/src/buster/lib/compiler/assembly/aarch64_semantics.c.o
[62/96] Building C object CMakeFiles/ide.dir/Release/src/buster/lib/compiler/assembly/aarch64_system_semantics.c.o
[63/96] Building C object CMakeFiles/ide.dir/Release/src/buster/lib/compiler/assembly/aarch64_syntax.c.o
[64/96] Building C object CMakeFiles/ide.dir/Release/src/buster/lib/compiler/assembly/aarch64_semantic_vm.c.o
[65/96] Building C object CMakeFiles/ide.dir/Release/src/buster/lib/compiler/assembly/aarch64_direct_simd_semantics.c.o
[66/96] Building C object CMakeFiles/ide.dir/Release/src/buster/lib/compiler/assembly/aarch64_complex_simd_semantics.c.o
[67/96] Building C object CMakeFiles/ide.dir/Release/src/buster/lib/compiler/assembly/aarch64_memory_semantics.c.o
[68/96] Building C object CMakeFiles/ide.dir/Release/src/buster/lib/compiler/assembly/aarch64_alias_projection.c.o
[69/96] Building C object CMakeFiles/ide.dir/Release/src/buster/lib/compiler/assembly/assembly.c.o
[70/96] Building C object CMakeFiles/ide.dir/Release/src/buster/lib/compiler/assembly/assembly_unit.c.o
[71/96] Building C object CMakeFiles/ide.dir/Release/src/buster/lib/compiler/assembly/x86_64_metadata.c.o
[72/96] Building C object CMakeFiles/ide.dir/Release/src/buster/lib/compiler/assembly/x86_64_completion_census.c.o
[73/96] Building C object CMakeFiles/ide.dir/Release/src/buster/lib/compiler/ir/ir.c.o
[74/96] Building C object CMakeFiles/ide.dir/Release/src/buster/lib/compiler/diagnostic.c.o
[75/96] Building C object CMakeFiles/ide.dir/Release/src/buster/lib/compiler/debug/debug.c.o
[76/96] Building C object CMakeFiles/ide.dir/Release/src/buster/lib/compiler/codegen/machine.c.o
[77/96] Building C object CMakeFiles/ide.dir/Release/src/buster/lib/compiler/codegen/bootstrap_trace.c.o
[78/96] Building C object CMakeFiles/ide.dir/Release/src/buster/lib/compiler/codegen/codegen.c.o
[79/96] Building C object CMakeFiles/ide.dir/Release/src/buster/lib/compiler/dwarf/dwarf.c.o
[80/96] Building C object CMakeFiles/ide.dir/Release/src/buster/lib/compiler/codeview/codeview.c.o
[81/96] Building C object CMakeFiles/ide.dir/Release/src/buster/lib/compiler/pdb/pdb.c.o
[82/96] Building C object CMakeFiles/ide.dir/Release/src/buster/lib/compiler/object/object.c.o
[83/96] Building C object CMakeFiles/ide.dir/Release/src/buster/lib/compiler/jit/jit.c.o
[84/96] Building C object CMakeFiles/ide.dir/Release/src/buster/lib/compiler/link/link.c.o
[85/96] Building C object CMakeFiles/ide.dir/Release/src/buster/lib/compiler/wasm/wasm.c.o
[86/96] Building C object CMakeFiles/ide.dir/Release/src/buster/lib/compiler/gpu/gpu.c.o
[87/96] Building C object CMakeFiles/ide.dir/Release/src/buster/lib/compiler/llvm/bitcode.c.o
[88/96] Building C object CMakeFiles/ide.dir/Release/src/buster/lib/compiler/ebpf/ebpf.c.o
[89/96] Building C object CMakeFiles/ide.dir/Release/src/buster/lib/compiler/driver/driver.c.o
[90/96] Building C object CMakeFiles/ide.dir/Release/src/buster/lib/simd.c.o
[91/96] Building C object CMakeFiles/ide.dir/Release/src/buster/lib/file.c.o
[92/96] Building C object CMakeFiles/ide.dir/Release/src/buster/lib/target.c.o
[93/96] Building C object CMakeFiles/ide.dir/Release/src/buster/lib/time.c.o
[94/96] Building C object CMakeFiles/ide.dir/Release/src/buster/lib/hash.c.o
[95/96] Building C object CMakeFiles/ide.dir/Release/src/buster/lib/x86_64.c.o
[96/96] Linking C executable Release/ide
