Source size of 03345bfc84a3c99fa029d9365c7ec730dacb840c
  base f4d14d1a6eaf0fcab36ee002d7f458963402a9c0
  baseline 9c658584220d3ce3e102657a0abe7e590c799044 (docs/source-size-baseline.txt)

category    ratchet   files       bytes  change vs base  since baseline
production  yes         207    16467670               0               0
build       yes         343     9026739          +62342          +62342
tests       no          818    19131516               0            +684
generated   no           48    51984056               0               0
docs        no         2210    63812820               0               0
dormant     no           65       88893               0               0
total                  3691   160511694          +62342          +63026

Largest ratcheted files:
  production     2678448  src/buster/lib/compiler/frontend/c/c_gen.c
  build          2103140  build.c
  production     1478658  src/buster/lib/compiler/frontend/c/c_parse.c
  production     1030394  src/buster/lib/compiler/codegen/machine_x86_64.c
  production      839757  src/buster/lib/compiler/assembly/x86_64_metadata.c
  production      714810  src/buster/lib/compiler/link/link.c
  production      697576  src/buster/lib/compiler/object/object.c
  production      674687  src/buster/lib/compiler/assembly/assembly.c
  production      606119  src/buster/lib/compiler/codegen/machine_aarch64.c
  production      532055  src/buster/lib/compiler/frontend/c/c_source.c

Ratcheted files changed from base: 16
  build           +21833  tools/bench_service/compiler_compare_recipe.c (added)
  build           +17728  tools/bench_service/compiler_compare_build.c (added)
  build            +6103  tools/throughput/evidence.h (added)
  build            +4841  tools/bench_service/compiler_compare_stage.h (added)
  build            +2886  tools/bench_service/systemd_broker.c
  build            +2066  tools/bench_service/worker_linux.c
  build            +1465  tools/throughput/throughput.c
  build            +1288  build.c
  build             +955  tools/bench_service/queue.c
  build             +943  tools/bench_service/compiler_compare_profile.h (added)
  build             +918  tools/bench_service/zen5_recipe.c
  build             +587  tools/bench_service/credential_gate.c
  build             +581  tools/bench_service/profiles/compiler-compare-v1.recipe (added)
  build             +108  tools/bench_service/queue.h
  build              +61  tools/bench_service/workspace.c
  build              -21  tools/bench_service/protocol.c

production: 0 bytes from base, within the 32768-byte change limit
error: build: +62342 bytes from base exceeds the 32768-byte change limit and its baseline row is unchanged.
  Acknowledge it: run ./build.sh source_size --write-baseline, commit docs/source-size-baseline.txt,
  and explain the growth in the change description (docs/source-size.md).

SOURCE_SIZE_V1 revision=03345bfc84a3c99fa029d9365c7ec730dacb840c category=production ratcheted=1 files=207 bytes=16467670 base_files=207 base_bytes=16467670 baseline_files=207 baseline_bytes=16467670
SOURCE_SIZE_V1 revision=03345bfc84a3c99fa029d9365c7ec730dacb840c category=build ratcheted=1 files=343 bytes=9026739 base_files=337 base_bytes=8964397 baseline_files=337 baseline_bytes=8964397
SOURCE_SIZE_V1 revision=03345bfc84a3c99fa029d9365c7ec730dacb840c category=tests ratcheted=0 files=818 bytes=19131516 base_files=818 base_bytes=19131516 baseline_files=818 baseline_bytes=19130832
SOURCE_SIZE_V1 revision=03345bfc84a3c99fa029d9365c7ec730dacb840c category=generated ratcheted=0 files=48 bytes=51984056 base_files=48 base_bytes=51984056 baseline_files=48 baseline_bytes=51984056
SOURCE_SIZE_V1 revision=03345bfc84a3c99fa029d9365c7ec730dacb840c category=docs ratcheted=0 files=2210 bytes=63812820 base_files=2210 base_bytes=63812820 baseline_files=2210 baseline_bytes=63812820
SOURCE_SIZE_V1 revision=03345bfc84a3c99fa029d9365c7ec730dacb840c category=dormant ratcheted=0 files=65 bytes=88893 base_files=65 base_bytes=88893 baseline_files=65 baseline_bytes=88893
SOURCE_SIZE_RATCHET_V1 category=production growth=0 limit=32768 verdict=within-limit
SOURCE_SIZE_RATCHET_V1 category=build growth=+62342 limit=32768 verdict=unacknowledged
SOURCE_SIZE_RESULT_V1 revision=03345bfc84a3c99fa029d9365c7ec730dacb840c base=f4d14d1a6eaf0fcab36ee002d7f458963402a9c0 baseline_commit=9c658584220d3ce3e102657a0abe7e590c799044 status=fail
