Wrote docs/source-size-baseline.txt for 6ba567d10a487d4f9e498bc5c05548e3a6dc2ef8

Source size of 6ba567d10a487d4f9e498bc5c05548e3a6dc2ef8
  base -
  baseline 6ba567d10a487d4f9e498bc5c05548e3a6dc2ef8 (docs/source-size-baseline.txt)

category    ratchet   files       bytes  change vs base  since baseline
production  yes         207    16467670               -               0
build       yes         341     9020956               -               0
tests       no          819    19158633               -               0
generated   no           48    51984056               -               0
docs        no         2211    63823296               -               0
dormant     no           65       88893               -               0
total                  3691   160543504               -               0

Largest ratcheted files:
  production     2678448  src/buster/lib/compiler/frontend/c/c_gen.c
  build          2101852  build.c
  production     1478658  src/buster/lib/compiler/frontend/c/c_parse.c
  production     1030394  src/buster/lib/compiler/codegen/machine_x86_64.c
  production      839757  src/buster/lib/compiler/assembly/x86_64_metadata.c
  production      714810  src/buster/lib/compiler/link/link.c
  production      697576  src/buster/lib/compiler/object/object.c
  production      674687  src/buster/lib/compiler/assembly/assembly.c
  production      606119  src/buster/lib/compiler/codegen/machine_aarch64.c
  production      532055  src/buster/lib/compiler/frontend/c/c_source.c

SOURCE_SIZE_V1 revision=6ba567d10a487d4f9e498bc5c05548e3a6dc2ef8 category=production ratcheted=1 files=207 bytes=16467670 base_files=- base_bytes=- baseline_files=207 baseline_bytes=16467670
SOURCE_SIZE_V1 revision=6ba567d10a487d4f9e498bc5c05548e3a6dc2ef8 category=build ratcheted=1 files=341 bytes=9020956 base_files=- base_bytes=- baseline_files=341 baseline_bytes=9020956
SOURCE_SIZE_V1 revision=6ba567d10a487d4f9e498bc5c05548e3a6dc2ef8 category=tests ratcheted=0 files=819 bytes=19158633 base_files=- base_bytes=- baseline_files=819 baseline_bytes=19158633
SOURCE_SIZE_V1 revision=6ba567d10a487d4f9e498bc5c05548e3a6dc2ef8 category=generated ratcheted=0 files=48 bytes=51984056 base_files=- base_bytes=- baseline_files=48 baseline_bytes=51984056
SOURCE_SIZE_V1 revision=6ba567d10a487d4f9e498bc5c05548e3a6dc2ef8 category=docs ratcheted=0 files=2211 bytes=63823296 base_files=- base_bytes=- baseline_files=2211 baseline_bytes=63823296
SOURCE_SIZE_V1 revision=6ba567d10a487d4f9e498bc5c05548e3a6dc2ef8 category=dormant ratcheted=0 files=65 bytes=88893 base_files=- base_bytes=- baseline_files=65 baseline_bytes=88893
SOURCE_SIZE_RESULT_V1 revision=6ba567d10a487d4f9e498bc5c05548e3a6dc2ef8 base=- baseline_commit=6ba567d10a487d4f9e498bc5c05548e3a6dc2ef8 status=pass
