SGID_SANDBOX_TEST service assertions=6125 failures=0 group=different-primary arch=x86_64
+ /tmp/buster-bench-recipe-scripts-GPbWAG/driver generate --build-directory /tmp/buster-workspaces-gC4bio/job-1-attempt-2/base/build --config Release --cc clang --no-include-tests --no-developer-targets --no-check-optional-warnings --no-fuzz --no-sanitize --no-time-trace --no-instrument --no-lto
+ /tmp/buster-bench-recipe-scripts-GPbWAG/driver build --build-directory /tmp/buster-workspaces-gC4bio/job-1-attempt-2/base/build --config Release -t ide -- -j1
+ /tmp/buster-bench-recipe-scripts-GPbWAG/driver generate --build-directory /tmp/buster-workspaces-gC4bio/job-1-attempt-2/candidate/staging --config Release --cc clang --no-include-tests --no-developer-targets --no-check-optional-warnings --no-fuzz --no-sanitize --no-time-trace --no-instrument --no-lto
+ /tmp/buster-bench-recipe-scripts-GPbWAG/driver build --build-directory /tmp/buster-workspaces-gC4bio/job-1-attempt-2/candidate/staging --config Release -t ide -- -j1
+ /tmp/buster-bench-recipe-scripts-GPbWAG/throughput run --baseline /tmp/buster-workspaces-gC4bio/job-1-attempt-2/base/build/Release/ide --candidate /tmp/buster-workspaces-gC4bio/job-1-attempt-2/candidate/build/Release/ide --output /tmp/buster-workspaces-gC4bio/job-1-attempt-2/candidate/staging/throughput-results --baseline-id aaaaaaaaaaaaaaaaaaaaaaaaaaaaaaaaaaaaaaaaaaaaaaaaaaaaaaaaaaaaaaaa --candidate-id bbbbbbbbbbbbbbbbbbbbbbbbbbbbbbbbbbbbbbbbbbbbbbbbbbbbbbbbbbbbbbbb --profile smoke --mode all --pairs 1 --warmups 1 --no-guard
BENCH_SERVICE_RECIPE_MATERIALIZED_SELF_TEST result=pass
SGID_SANDBOX_TEST recipe result=pass group=different-primary
BENCH_SERVICE_RECIPE_PINNED_WALK_TEST result=pass
+ /tmp/buster-bench-recipe-scripts-qQCT8c/driver generate --build-directory /tmp/buster-bench-recipe-JXVS56/workspaces/job-1-attempt-2/base/build --config Release --cc clang --no-include-tests --no-developer-targets --no-check-optional-warnings --no-fuzz --no-sanitize --no-time-trace --no-instrument --no-lto
+ /tmp/buster-bench-recipe-scripts-qQCT8c/driver build --build-directory /tmp/buster-bench-recipe-JXVS56/workspaces/job-1-attempt-2/base/build --config Release -t ide -- -j1
+ /tmp/buster-bench-recipe-scripts-qQCT8c/driver generate --build-directory /tmp/buster-bench-recipe-JXVS56/workspaces/job-1-attempt-2/candidate/staging --config Release --cc clang --no-include-tests --no-developer-targets --no-check-optional-warnings --no-fuzz --no-sanitize --no-time-trace --no-instrument --no-lto
+ /tmp/buster-bench-recipe-scripts-qQCT8c/driver build --build-directory /tmp/buster-bench-recipe-JXVS56/workspaces/job-1-attempt-2/candidate/staging --config Release -t ide -- -j1
+ /tmp/buster-bench-recipe-scripts-qQCT8c/throughput run --baseline /tmp/buster-bench-recipe-JXVS56/workspaces/job-1-attempt-2/base/build/Release/ide --candidate /tmp/buster-bench-recipe-JXVS56/workspaces/job-1-attempt-2/candidate/build/Release/ide --output /tmp/buster-bench-recipe-JXVS56/workspaces/job-1-attempt-2/candidate/staging/throughput-results --baseline-id 1111111111111111111111111111111111111111 --candidate-id 2222222222222222222222222222222222222222 --profile smoke --mode all --pairs 1 --warmups 1 --no-guard
+ /tmp/buster-bench-recipe-scripts-qQCT8c/driver generate --build-directory /tmp/buster-bench-recipe-Txr1rb/workspaces/job-1-attempt-2/base/build --config Release --cc clang --no-include-tests --no-developer-targets --no-check-optional-warnings --no-fuzz --no-sanitize --no-time-trace --no-instrument --no-lto
+ /tmp/buster-bench-recipe-scripts-qQCT8c/driver build --build-directory /tmp/buster-bench-recipe-Txr1rb/workspaces/job-1-attempt-2/base/build --config Release -t ide -- -j1
+ /tmp/buster-bench-recipe-scripts-qQCT8c/driver generate --build-directory /tmp/buster-bench-recipe-Txr1rb/workspaces/job-1-attempt-2/candidate/staging --config Release --cc clang --no-include-tests --no-developer-targets --no-check-optional-warnings --no-fuzz --no-sanitize --no-time-trace --no-instrument --no-lto
+ /tmp/buster-bench-recipe-scripts-qQCT8c/driver build --build-directory /tmp/buster-bench-recipe-Txr1rb/workspaces/job-1-attempt-2/candidate/staging --config Release -t ide -- -j1
+ /tmp/buster-bench-recipe-scripts-qQCT8c/driver generate --build-directory /tmp/buster-bench-recipe-sB3bjW/workspaces/job-1-attempt-2/base/build --config Release --cc clang --no-include-tests --no-developer-targets --no-check-optional-warnings --no-fuzz --no-sanitize --no-time-trace --no-instrument --no-lto
+ /tmp/buster-bench-recipe-scripts-qQCT8c/driver build --build-directory /tmp/buster-bench-recipe-sB3bjW/workspaces/job-1-attempt-2/base/build --config Release -t ide -- -j1
error: base-build post-stage check failed: frozen-receipt
+ /tmp/buster-bench-recipe-scripts-qQCT8c/driver generate --build-directory /tmp/buster-bench-recipe-iyPoQQ/workspaces/job-1-attempt-2/base/build --config Release --cc clang --no-include-tests --no-developer-targets --no-check-optional-warnings --no-fuzz --no-sanitize --no-time-trace --no-instrument --no-lto
+ /tmp/buster-bench-recipe-scripts-qQCT8c/driver build --build-directory /tmp/buster-bench-recipe-iyPoQQ/workspaces/job-1-attempt-2/base/build --config Release -t ide -- -j1
+ /tmp/buster-bench-recipe-scripts-qQCT8c/driver generate --build-directory /tmp/buster-bench-recipe-iyPoQQ/workspaces/job-1-attempt-2/candidate/staging --config Release --cc clang --no-include-tests --no-developer-targets --no-check-optional-warnings --no-fuzz --no-sanitize --no-time-trace --no-instrument --no-lto
+ /tmp/buster-bench-recipe-scripts-qQCT8c/driver build --build-directory /tmp/buster-bench-recipe-iyPoQQ/workspaces/job-1-attempt-2/candidate/staging --config Release -t ide -- -j1
error: candidate-build post-stage check failed: frozen-receipt
+ /tmp/buster-bench-recipe-scripts-qQCT8c/driver generate --build-directory /tmp/buster-bench-recipe-1POeYe/workspaces/job-1-attempt-2/base/build --config Release --cc clang --no-include-tests --no-developer-targets --no-check-optional-warnings --no-fuzz --no-sanitize --no-time-trace --no-instrument --no-lto
+ /tmp/buster-bench-recipe-scripts-qQCT8c/driver build --build-directory /tmp/buster-bench-recipe-1POeYe/workspaces/job-1-attempt-2/base/build --config Release -t ide -- -j1
error: base-build post-stage check failed: frozen-receipt
+ /tmp/buster-bench-recipe-scripts-qQCT8c/driver generate --build-directory /tmp/buster-bench-recipe-czQaGZ/workspaces/job-1-attempt-2/base/build --config Release --cc clang --no-include-tests --no-developer-targets --no-check-optional-warnings --no-fuzz --no-sanitize --no-time-trace --no-instrument --no-lto
+ /tmp/buster-bench-recipe-scripts-qQCT8c/driver build --build-directory /tmp/buster-bench-recipe-czQaGZ/workspaces/job-1-attempt-2/base/build --config Release -t ide -- -j1
error: base-build post-stage check failed: frozen-receipt
+ /tmp/buster-bench-recipe-scripts-qQCT8c/driver generate --build-directory /tmp/buster-bench-recipe-cVDagv/workspaces/job-1-attempt-2/base/build --config Release --cc clang --no-include-tests --no-developer-targets --no-check-optional-warnings --no-fuzz --no-sanitize --no-time-trace --no-instrument --no-lto
+ /tmp/buster-bench-recipe-scripts-qQCT8c/driver build --build-directory /tmp/buster-bench-recipe-cVDagv/workspaces/job-1-attempt-2/base/build --config Release -t ide -- -j1
+ /tmp/buster-bench-recipe-scripts-qQCT8c/driver generate --build-directory /tmp/buster-bench-recipe-cVDagv/workspaces/job-1-attempt-2/candidate/staging --config Release --cc clang --no-include-tests --no-developer-targets --no-check-optional-warnings --no-fuzz --no-sanitize --no-time-trace --no-instrument --no-lto
+ /tmp/buster-bench-recipe-scripts-qQCT8c/driver build --build-directory /tmp/buster-bench-recipe-cVDagv/workspaces/job-1-attempt-2/candidate/staging --config Release -t ide -- -j1
+ /tmp/buster-bench-recipe-scripts-qQCT8c/throughput run --baseline /tmp/buster-bench-recipe-cVDagv/workspaces/job-1-attempt-2/base/build/Release/ide --candidate /tmp/buster-bench-recipe-cVDagv/workspaces/job-1-attempt-2/candidate/build/Release/ide --output /tmp/buster-bench-recipe-cVDagv/workspaces/job-1-attempt-2/candidate/staging/throughput-results --baseline-id 1111111111111111111111111111111111111111 --candidate-id 2222222222222222222222222222222222222222 --profile smoke --mode all --pairs 1 --warmups 1 --no-guard
/tmp/buster-bench-recipe-scripts-qQCT8c/throughput: line 14: /tmp/buster-bench-recipe-cVDagv/workspaces/job-1-attempt-2/candidate/build/Release/ide: Permission denied
+ /tmp/buster-bench-recipe-scripts-qQCT8c/driver generate --build-directory /tmp/buster-bench-recipe-XUFjeh/workspaces/job-1-attempt-2/base/build --config Release --cc clang --no-include-tests --no-developer-targets --no-check-optional-warnings --no-fuzz --no-sanitize --no-time-trace --no-instrument --no-lto
+ /tmp/buster-bench-recipe-scripts-qQCT8c/driver build --build-directory /tmp/buster-bench-recipe-XUFjeh/workspaces/job-1-attempt-2/base/build --config Release -t ide -- -j1
+ /tmp/buster-bench-recipe-scripts-qQCT8c/driver generate --build-directory /tmp/buster-bench-recipe-XUFjeh/workspaces/job-1-attempt-2/candidate/staging --config Release --cc clang --no-include-tests --no-developer-targets --no-check-optional-warnings --no-fuzz --no-sanitize --no-time-trace --no-instrument --no-lto
+ /tmp/buster-bench-recipe-scripts-qQCT8c/driver build --build-directory /tmp/buster-bench-recipe-XUFjeh/workspaces/job-1-attempt-2/candidate/staging --config Release -t ide -- -j1
+ /tmp/buster-bench-recipe-scripts-qQCT8c/throughput run --baseline /tmp/buster-bench-recipe-XUFjeh/workspaces/job-1-attempt-2/base/build/Release/ide --candidate /tmp/buster-bench-recipe-XUFjeh/workspaces/job-1-attempt-2/candidate/build/Release/ide --output /tmp/buster-bench-recipe-XUFjeh/workspaces/job-1-attempt-2/candidate/staging/throughput-results --baseline-id 1111111111111111111111111111111111111111 --candidate-id 2222222222222222222222222222222222222222 --profile smoke --mode all --pairs 1 --warmups 1 --no-guard
/tmp/buster-bench-recipe-scripts-qQCT8c/throughput: line 13: /tmp/buster-bench-recipe-XUFjeh/workspaces/job-1-attempt-2/base/build/Release/ide: Permission denied
error: fixed recipe could not establish its durable running manifest
error: invalid fixed validate-buster-v1 recipe identity or path
+ /tmp/buster-bench-recipe-scripts-qQCT8c/driver generate --build-directory /tmp/buster-bench-recipe-womGr0/workspaces/job-1-attempt-2/base/build --config Release --cc clang --no-include-tests --no-developer-targets --no-check-optional-warnings --no-fuzz --no-sanitize --no-time-trace --no-instrument --no-lto
+ /tmp/buster-bench-recipe-scripts-qQCT8c/driver build --build-directory /tmp/buster-bench-recipe-womGr0/workspaces/job-1-attempt-2/base/build --config Release -t ide -- -j1
+ /tmp/buster-bench-recipe-scripts-qQCT8c/driver generate --build-directory /tmp/buster-bench-recipe-womGr0/workspaces/job-1-attempt-2/candidate/staging --config Release --cc clang --no-include-tests --no-developer-targets --no-check-optional-warnings --no-fuzz --no-sanitize --no-time-trace --no-instrument --no-lto
+ /tmp/buster-bench-recipe-scripts-qQCT8c/driver build --build-directory /tmp/buster-bench-recipe-womGr0/workspaces/job-1-attempt-2/candidate/staging --config Release -t ide -- -j1
+ /tmp/buster-bench-recipe-scripts-qQCT8c/throughput run --baseline /tmp/buster-bench-recipe-womGr0/workspaces/job-1-attempt-2/base/build/Release/ide --candidate /tmp/buster-bench-recipe-womGr0/workspaces/job-1-attempt-2/candidate/build/Release/ide --output /tmp/buster-bench-recipe-womGr0/workspaces/job-1-attempt-2/candidate/staging/throughput-results --baseline-id 1111111111111111111111111111111111111111 --candidate-id 2222222222222222222222222222222222222222 --profile smoke --mode all --pairs 1 --warmups 1 --no-guard
error: throughput post-stage check failed: bundle-index
+ /tmp/buster-bench-recipe-scripts-qQCT8c/driver generate --build-directory /tmp/buster-bench-recipe-xIUFQq/workspaces/job-1-attempt-2/base/build --config Release --cc clang --no-include-tests --no-developer-targets --no-check-optional-warnings --no-fuzz --no-sanitize --no-time-trace --no-instrument --no-lto
+ /tmp/buster-bench-recipe-scripts-qQCT8c/driver build --build-directory /tmp/buster-bench-recipe-xIUFQq/workspaces/job-1-attempt-2/base/build --config Release -t ide -- -j1
+ /tmp/buster-bench-recipe-scripts-qQCT8c/driver generate --build-directory /tmp/buster-bench-recipe-xIUFQq/workspaces/job-1-attempt-2/candidate/staging --config Release --cc clang --no-include-tests --no-developer-targets --no-check-optional-warnings --no-fuzz --no-sanitize --no-time-trace --no-instrument --no-lto
+ /tmp/buster-bench-recipe-scripts-qQCT8c/driver build --build-directory /tmp/buster-bench-recipe-xIUFQq/workspaces/job-1-attempt-2/candidate/staging --config Release -t ide -- -j1
+ /tmp/buster-bench-recipe-scripts-qQCT8c/throughput run --baseline /tmp/buster-bench-recipe-xIUFQq/workspaces/job-1-attempt-2/base/build/Release/ide --candidate /tmp/buster-bench-recipe-xIUFQq/workspaces/job-1-attempt-2/candidate/build/Release/ide --output /tmp/buster-bench-recipe-xIUFQq/workspaces/job-1-attempt-2/candidate/staging/throughput-results --baseline-id 1111111111111111111111111111111111111111 --candidate-id 2222222222222222222222222222222222222222 --profile smoke --mode all --pairs 1 --warmups 1 --no-guard
error: throughput post-stage check failed: promote-throughput
error: fixed recipe could not establish its durable running manifest
+ /tmp/buster-bench-recipe-scripts-qQCT8c/driver generate --build-directory /tmp/buster-bench-recipe-1fmpC5/workspaces/job-1-attempt-2/base/build --config Release --cc clang --no-include-tests --no-developer-targets --no-check-optional-warnings --no-fuzz --no-sanitize --no-time-trace --no-instrument --no-lto
+ /tmp/buster-bench-recipe-scripts-qQCT8c/driver build --build-directory /tmp/buster-bench-recipe-1fmpC5/workspaces/job-1-attempt-2/base/build --config Release -t ide -- -j1
+ /tmp/buster-bench-recipe-scripts-qQCT8c/driver generate --build-directory /tmp/buster-bench-recipe-1fmpC5/workspaces/job-1-attempt-2/candidate/staging --config Release --cc clang --no-include-tests --no-developer-targets --no-check-optional-warnings --no-fuzz --no-sanitize --no-time-trace --no-instrument --no-lto
+ /tmp/buster-bench-recipe-scripts-qQCT8c/driver build --build-directory /tmp/buster-bench-recipe-1fmpC5/workspaces/job-1-attempt-2/candidate/staging --config Release -t ide -- -j1
+ /tmp/buster-bench-recipe-scripts-qQCT8c/throughput run --baseline /tmp/buster-bench-recipe-1fmpC5/workspaces/job-1-attempt-2/base/build/Release/ide --candidate /tmp/buster-bench-recipe-1fmpC5/workspaces/job-1-attempt-2/candidate/build/Release/ide --output /tmp/buster-bench-recipe-1fmpC5/workspaces/job-1-attempt-2/candidate/staging/throughput-results --baseline-id 1111111111111111111111111111111111111111 --candidate-id 2222222222222222222222222222222222222222 --profile smoke --mode all --pairs 1 --warmups 1 --no-guard
+ /tmp/buster-bench-recipe-scripts-qQCT8c/driver generate --build-directory /tmp/buster-bench-recipe-u83dul/workspaces/job-1-attempt-2/base/build --config Release --cc clang --no-include-tests --no-developer-targets --no-check-optional-warnings --no-fuzz --no-sanitize --no-time-trace --no-instrument --no-lto
+ /tmp/buster-bench-recipe-scripts-qQCT8c/driver build --build-directory /tmp/buster-bench-recipe-u83dul/workspaces/job-1-attempt-2/base/build --config Release -t ide -- -j1
+ /tmp/buster-bench-recipe-scripts-qQCT8c/driver generate --build-directory /tmp/buster-bench-recipe-u83dul/workspaces/job-1-attempt-2/candidate/staging --config Release --cc clang --no-include-tests --no-developer-targets --no-check-optional-warnings --no-fuzz --no-sanitize --no-time-trace --no-instrument --no-lto
+ /tmp/buster-bench-recipe-scripts-qQCT8c/driver build --build-directory /tmp/buster-bench-recipe-u83dul/workspaces/job-1-attempt-2/candidate/staging --config Release -t ide -- -j1
+ /tmp/buster-bench-recipe-scripts-qQCT8c/throughput run --baseline /tmp/buster-bench-recipe-u83dul/workspaces/job-1-attempt-2/base/build/Release/ide --candidate /tmp/buster-bench-recipe-u83dul/workspaces/job-1-attempt-2/candidate/build/Release/ide --output /tmp/buster-bench-recipe-u83dul/workspaces/job-1-attempt-2/candidate/staging/throughput-results --baseline-id 1111111111111111111111111111111111111111 --candidate-id 2222222222222222222222222222222222222222 --profile smoke --mode all --pairs 1 --warmups 1 --no-guard
BENCH_SERVICE_RECIPE_SELF_TEST cases=19 result=pass
+ zen5 stage zen5-immutable-generate
+ zen5 stage zen5-immutable-build
+ zen5 stage zen5-same-root-A-generate
+ zen5 stage zen5-same-root-A-build
+ zen5 stage zen5-same-root-B-generate
+ zen5 stage zen5-same-root-B-build
+ zen5 stage zen5-cross-root-A-generate
+ zen5 stage zen5-cross-root-A-build
+ zen5 stage zen5-cross-root-B-generate
+ zen5 stage zen5-cross-root-B-build
+ zen5 stage zen5-oracle
+ zen5 stage zen5-pmu
+ zen5 stage zen5-captures
BENCH_SERVICE_ZEN5_RECIPE_SELF_TEST cases=1 result=pass
BENCH_SERVICE_ZEN5_EXPORT result=pass
BENCH_SERVICE_ZEN5_SERVED_BINDING result=pass manifest-sha256=4a3cd711c85054eaab335df31e25f5b253e1c65c2ab0276596c9f12ea145834e profile-sha256=3386834d15d3b8360e20cf6f5308619daaad9b5d06cdecbd079336c24a2c4804
BENCH_SERVICE_SELF_TEST assertions=29414 failures=0 storage=posix-real-journal executor=fake-plus-supervisor-fixed-recipe-handoff
