TEST_MODULE_TIMING index=0 module=arena_tests duration_ns=6632837 passed=56 failed=0 assertions=56 status=pass
TEST_MODULE_TIMING index=1 module=hash_tests duration_ns=1229 passed=5 failed=0 assertions=5 status=pass
TEST_MODULE_TIMING index=2 module=simd_tests duration_ns=13345 passed=141 failed=0 assertions=141 status=pass
TEST_MODULE_TIMING index=3 module=string_tests duration_ns=124894507 passed=4012 failed=0 assertions=4012 status=pass
TEST_MODULE_TIMING index=4 module=os_tests duration_ns=344214062 passed=143 failed=0 assertions=143 status=pass
TEST_MODULE_TIMING index=5 module=file_tests duration_ns=53491581 passed=45 failed=0 assertions=45 status=pass
TEST_MODULE_TIMING index=6 module=target_tests duration_ns=3374548 passed=6469 failed=0 assertions=6469 status=pass
TEST_MODULE_TIMING index=7 module=c_frontend_tests duration_ns=1740666156 passed=159181 failed=0 assertions=159181 status=pass
TEST_MODULE_TIMING index=8 module=metamorphic_tests duration_ns=9567452050 passed=115 failed=0 assertions=115 status=pass
TEST_MODULE_TIMING index=9 module=aarch64_encoding_tests duration_ns=1469494902 passed=236716 failed=0 assertions=236716 status=pass
TEST_MODULE_TIMING index=10 module=aarch64_exact_bridge_tests duration_ns=67830 passed=102 failed=0 assertions=102 status=pass
TEST_MODULE_TIMING index=11 module=aarch64_control_semantics_tests duration_ns=100903 passed=3377 failed=0 assertions=3377 status=pass
TEST_MODULE_TIMING index=12 module=aarch64_system_registers_tests duration_ns=1321180 passed=108 failed=0 assertions=108 status=pass
TEST_MODULE_TIMING index=13 module=aarch64_semantics_tests duration_ns=14239100 passed=215 failed=0 assertions=215 status=pass
TEST_MODULE_TIMING index=14 module=aarch64_system_semantics_tests duration_ns=10496942 passed=694 failed=0 assertions=694 status=pass
TEST_MODULE_TIMING index=15 module=aarch64_syntax_tests duration_ns=206317956 passed=112 failed=0 assertions=112 status=pass
TEST_MODULE_TIMING index=16 module=aarch64_semantic_vm_tests duration_ns=100079689 passed=90 failed=0 assertions=90 status=pass
TEST_MODULE_TIMING index=17 module=aarch64_direct_simd_tests duration_ns=171625809 passed=152 failed=0 assertions=152 status=pass
TEST_MODULE_TIMING index=18 module=aarch64_complex_simd_tests duration_ns=192486026 passed=32 failed=0 assertions=32 status=pass
TEST_MODULE_TIMING index=19 module=aarch64_memory_semantics_tests duration_ns=1135825693 passed=18 failed=0 assertions=18 status=pass
TEST_MODULE_TIMING index=20 module=aarch64_alias_projection_tests duration_ns=1004153 passed=28 failed=0 assertions=28 status=pass
TEST_MODULE_TIMING index=21 module=assembly_tests duration_ns=187045690 passed=6148 failed=0 assertions=6148 status=pass
TEST_MODULE_TIMING index=22 module=x86_64_forwarding_tests duration_ns=319855 passed=13113 failed=0 assertions=13113 status=pass
TEST_MODULE_TIMING index=23 module=x86_64_metadata_tests duration_ns=1331594209 passed=1617 failed=0 assertions=1617 status=pass
TEST_MODULE_TIMING index=24 module=x86_64_tls_tests duration_ns=32395189 passed=294552 failed=0 assertions=294552 status=pass
TEST_MODULE_TIMING index=25 module=executable_padding_tests duration_ns=15447074 passed=32908 failed=0 assertions=32908 status=pass
TEST_MODULE_TIMING index=26 module=x86_64_got_tests duration_ns=19571905 passed=133541 failed=0 assertions=133541 status=pass
TEST_MODULE_TIMING index=27 module=x86_64_completion_census_tests duration_ns=2879743406 passed=34046 failed=0 assertions=34046 status=pass
TEST_MODULE_TIMING index=28 module=ir_tests duration_ns=49780925 passed=348220 failed=0 assertions=348220 status=pass
TEST_MODULE_TIMING index=29 module=vector_contract_tests duration_ns=108420097 passed=3056 failed=0 assertions=3056 status=pass
TEST_MODULE_TIMING index=30 module=llvm_bitcode_tests duration_ns=5970139674 passed=331 failed=0 assertions=331 status=pass
TEST_MODULE_TIMING index=31 module=machine_selection_tests duration_ns=3823760 passed=581 failed=0 assertions=581 status=pass
TEST_MODULE_TIMING index=32 module=machine_tests duration_ns=4747316927 passed=482594 failed=0 assertions=482594 status=pass
TEST_MODULE_TIMING index=33 module=codegen_tests duration_ns=119845003 passed=4454 failed=0 assertions=4454 status=pass
TEST_MODULE_TIMING index=34 module=aarch64_stride_tests duration_ns=2352444 passed=98 failed=0 assertions=98 status=pass
TEST_MODULE_TIMING index=35 module=debug_model_tests duration_ns=18712019 passed=668 failed=0 assertions=668 status=pass
TEST_MODULE_TIMING index=36 module=dwarf_tests duration_ns=76428 passed=104 failed=0 assertions=104 status=pass
TEST_MODULE_TIMING index=37 module=codeview_tests duration_ns=1973116 passed=46596 failed=0 assertions=46596 status=pass
TEST_MODULE_TIMING index=38 module=pdb_tests duration_ns=2711510964 passed=24848 failed=0 assertions=24848 status=pass
TEST_MODULE_TIMING index=39 module=object_tests duration_ns=4375218 passed=92058 failed=0 assertions=92058 status=pass
TEST_MODULE_TIMING index=40 module=jit_tests duration_ns=238541 passed=149 failed=0 assertions=149 status=pass
TEST_MODULE_TIMING index=41 module=link_tests duration_ns=140904764 passed=1256 failed=0 assertions=1256 status=pass
TEST_MODULE_TIMING index=42 module=gpu_pipeline_tests duration_ns=58110 passed=124 failed=0 assertions=124 status=pass
TEST_MODULE_TIMING index=43 module=compiler_diagnostic_tests duration_ns=4937599 passed=64 failed=0 assertions=64 status=pass
TEST_MODULE_TIMING index=44 module=compiler_driver_tests duration_ns=9174204864 passed=11053 failed=0 assertions=11053 status=pass
TEST_MODULE_TIMING index=45 module=compiler_driver_object_path_tests duration_ns=5843353 passed=22 failed=0 assertions=22 status=pass
TEST_MODULE_TIMING index=46 module=x86_64_tests duration_ns=224626 passed=18 failed=0 assertions=18 status=pass
[1944030/1944030] Unit tests
[47/47] Module tests
