TEST_MODULE_TIMING index=0 module=arena_tests duration_ns=32975101 passed=56 failed=0 assertions=56 status=pass
TEST_MODULE_TIMING index=1 module=hash_tests duration_ns=3623 passed=5 failed=0 assertions=5 status=pass
TEST_MODULE_TIMING index=2 module=simd_tests duration_ns=59675 passed=141 failed=0 assertions=141 status=pass
TEST_MODULE_TIMING index=3 module=string_tests duration_ns=369166192 passed=4012 failed=0 assertions=4012 status=pass
TEST_MODULE_TIMING index=4 module=os_tests duration_ns=287984101 passed=140 failed=0 assertions=140 status=pass
TEST_MODULE_TIMING index=5 module=file_tests duration_ns=473515452 passed=45 failed=0 assertions=45 status=pass
TEST_MODULE_TIMING index=6 module=target_tests duration_ns=38662511 passed=6469 failed=0 assertions=6469 status=pass
TEST_MODULE_TIMING index=7 module=c_frontend_tests duration_ns=20708919517 passed=147835 failed=0 assertions=147835 status=pass
TEST_MODULE_TIMING index=8 module=metamorphic_tests duration_ns=32238870935 passed=111 failed=0 assertions=111 status=pass
TEST_MODULE_TIMING index=9 module=aarch64_encoding_tests duration_ns=9274036893 passed=236716 failed=0 assertions=236716 status=pass
TEST_MODULE_TIMING index=10 module=aarch64_exact_bridge_tests duration_ns=182964 passed=102 failed=0 assertions=102 status=pass
TEST_MODULE_TIMING index=11 module=aarch64_control_semantics_tests duration_ns=2019914 passed=3377 failed=0 assertions=3377 status=pass
TEST_MODULE_TIMING index=12 module=aarch64_system_registers_tests duration_ns=17416319 passed=108 failed=0 assertions=108 status=pass
TEST_MODULE_TIMING index=13 module=aarch64_semantics_tests duration_ns=82593227 passed=215 failed=0 assertions=215 status=pass
TEST_MODULE_TIMING index=14 module=aarch64_system_semantics_tests duration_ns=176942044 passed=694 failed=0 assertions=694 status=pass
TEST_MODULE_TIMING index=15 module=aarch64_syntax_tests duration_ns=1145188079 passed=112 failed=0 assertions=112 status=pass
TEST_MODULE_TIMING index=16 module=aarch64_semantic_vm_tests duration_ns=687709888 passed=90 failed=0 assertions=90 status=pass
TEST_MODULE_TIMING index=17 module=aarch64_direct_simd_tests duration_ns=1406078921 passed=152 failed=0 assertions=152 status=pass
TEST_MODULE_TIMING index=18 module=aarch64_complex_simd_tests duration_ns=1737975959 passed=32 failed=0 assertions=32 status=pass
TEST_MODULE_TIMING index=19 module=aarch64_memory_semantics_tests duration_ns=7987877226 passed=18 failed=0 assertions=18 status=pass
TEST_MODULE_TIMING index=20 module=aarch64_alias_projection_tests duration_ns=2352869 passed=28 failed=0 assertions=28 status=pass
TEST_MODULE_TIMING index=21 module=assembly_tests duration_ns=1922832485 passed=6148 failed=0 assertions=6148 status=pass
TEST_MODULE_TIMING index=22 module=x86_64_forwarding_tests duration_ns=2380558 passed=13110 failed=0 assertions=13110 status=pass
TEST_MODULE_TIMING index=23 module=x86_64_metadata_tests duration_ns=8997138908 passed=1617 failed=0 assertions=1617 status=pass
TEST_MODULE_TIMING index=24 module=x86_64_tls_tests duration_ns=62785701 passed=294552 failed=0 assertions=294552 status=pass
TEST_MODULE_TIMING index=25 module=executable_padding_tests duration_ns=16250294 passed=32908 failed=0 assertions=32908 status=pass
TEST_MODULE_TIMING index=26 module=x86_64_got_tests duration_ns=40328106 passed=133541 failed=0 assertions=133541 status=pass
TEST_MODULE_TIMING index=27 module=x86_64_completion_census_tests duration_ns=29877580607 passed=34046 failed=0 assertions=34046 status=pass
TEST_MODULE_TIMING index=28 module=ir_tests duration_ns=267626883 passed=5353 failed=0 assertions=5353 status=pass
TEST_MODULE_TIMING index=29 module=llvm_bitcode_tests duration_ns=6057043622 passed=331 failed=0 assertions=331 status=pass
TEST_MODULE_TIMING index=30 module=machine_selection_tests duration_ns=17960909 passed=581 failed=0 assertions=581 status=pass
TEST_MODULE_TIMING index=31 module=machine_tests duration_ns=14756148022 passed=470686 failed=0 assertions=470686 status=pass
TEST_MODULE_TIMING index=32 module=codegen_tests duration_ns=2135762975 passed=3419 failed=0 assertions=3419 status=pass
TEST_MODULE_TIMING index=33 module=aarch64_stride_tests duration_ns=25190918 passed=98 failed=0 assertions=98 status=pass
TEST_MODULE_TIMING index=34 module=debug_model_tests duration_ns=70361687 passed=668 failed=0 assertions=668 status=pass
TEST_MODULE_TIMING index=35 module=dwarf_tests duration_ns=825909 passed=104 failed=0 assertions=104 status=pass
TEST_MODULE_TIMING index=36 module=codeview_tests duration_ns=119609324 passed=46596 failed=0 assertions=46596 status=pass
TEST_MODULE_TIMING index=37 module=pdb_tests duration_ns=2845770202 passed=24848 failed=0 assertions=24848 status=pass
TEST_MODULE_TIMING index=38 module=object_tests duration_ns=10463180 passed=825 failed=0 assertions=825 status=pass
TEST_MODULE_TIMING index=39 module=jit_tests duration_ns=1151961 passed=113 failed=0 assertions=113 status=pass
TEST_MODULE_TIMING index=40 module=link_tests duration_ns=1332987221 passed=1213 failed=0 assertions=1213 status=pass
TEST_MODULE_TIMING index=41 module=gpu_pipeline_tests duration_ns=574218 passed=124 failed=0 assertions=124 status=pass
TEST_MODULE_TIMING index=42 module=compiler_diagnostic_tests duration_ns=22522067 passed=64 failed=0 assertions=64 status=pass
TEST_MODULE_TIMING index=43 module=compiler_driver_tests duration_ns=21436626056 passed=6372 failed=0 assertions=6372 status=pass
TEST_MODULE_TIMING index=44 module=compiler_driver_object_path_tests duration_ns=23411263 passed=22 failed=0 assertions=22 status=pass
TEST_MODULE_TIMING index=45 module=x86_64_tests duration_ns=3357281 passed=18 failed=0 assertions=18 status=pass
[1477815/1477815] Unit tests
[46/46] Module tests
