
File: D:\a\_temp\msvc-debug-evidence\kernels-msvc-debug-8.obj
Format: COFF-x86-64
Arch: x86_64
AddressSize: 64bit
CodeViewTypes [
  Section: .debug$T (6)
  Magic: 0x4
  Modifier (0x1000) {
    TypeLeafKind: LF_MODIFIER (0x1001)
    ModifiedType: unsigned (0x75)
    Modifiers [ (0x1)
      Const (0x1)
    ]
  }
  Pointer (0x1001) {
    TypeLeafKind: LF_POINTER (0x1002)
    PointeeType: const unsigned (0x1000)
    PtrType: Near64 (0xC)
    PtrMode: Pointer (0x0)
    IsFlat: 0
    IsConst: 0
    IsVolatile: 0
    IsUnaligned: 0
    IsRestrict: 0
    IsThisPtr&: 0
    IsThisPtr&&: 0
    SizeOf: 8
  }
  ArgList (0x1002) {
    TypeLeafKind: LF_ARGLIST (0x1201)
    NumArgs: 1
    Arguments [
      ArgType: unsigned (0x75)
    ]
  }
  Procedure (0x1003) {
    TypeLeafKind: LF_PROCEDURE (0x1008)
    ReturnType: unsigned (0x75)
    CallingConvention: NearC (0x0)
    FunctionOptions [ (0x0)
    ]
    NumParameters: 1
    ArgListType: (unsigned) (0x1002)
  }
  FuncId (0x1004) {
    TypeLeafKind: LF_FUNC_ID (0x1601)
    ParentScope: 0x0
    FunctionType: unsigned (unsigned) (0x1003)
    Name: helper
  }
  ArgList (0x1005) {
    TypeLeafKind: LF_ARGLIST (0x1201)
    NumArgs: 4
    Arguments [
      ArgType: const unsigned* (0x1001)
      ArgType: const unsigned* (0x1001)
      ArgType: unsigned (0x75)
      ArgType: unsigned (0x75)
    ]
  }
  Procedure (0x1006) {
    TypeLeafKind: LF_PROCEDURE (0x1008)
    ReturnType: unsigned (0x75)
    CallingConvention: NearC (0x0)
    FunctionOptions [ (0x0)
    ]
    NumParameters: 4
    ArgListType: (const unsigned*, const unsigned*, unsigned, unsigned) (0x1005)
  }
  FuncId (0x1007) {
    TypeLeafKind: LF_FUNC_ID (0x1601)
    ParentScope: 0x0
    FunctionType: unsigned (const unsigned*, const unsigned*, unsigned, unsigned) (0x1006)
    Name: sum_scale
  }
  FuncId (0x1008) {
    TypeLeafKind: LF_FUNC_ID (0x1601)
    ParentScope: 0x0
    FunctionType: unsigned (const unsigned*, const unsigned*, unsigned, unsigned) (0x1006)
    Name: divide7
  }
  FuncId (0x1009) {
    TypeLeafKind: LF_FUNC_ID (0x1601)
    ParentScope: 0x0
    FunctionType: unsigned (const unsigned*, const unsigned*, unsigned, unsigned) (0x1006)
    Name: dot
  }
  FuncId (0x100A) {
    TypeLeafKind: LF_FUNC_ID (0x1601)
    ParentScope: 0x0
    FunctionType: unsigned (const unsigned*, const unsigned*, unsigned, unsigned) (0x1006)
    Name: calls
  }
  StringId (0x100B) {
    TypeLeafKind: LF_STRING_ID (0x1605)
    Id: 0x0
    StringData: D:\a\buster\buster\source
  }
  StringId (0x100C) {
    TypeLeafKind: LF_STRING_ID (0x1605)
    Id: 0x0
    StringData: C:\Program Files\Microsoft Visual Studio\18\Enterprise\VC\Tools\MSVC\14.51.36231\bin\HostX64\x64\cl.exe
  }
  StringId (0x100D) {
    TypeLeafKind: LF_STRING_ID (0x1605)
    Id: 0x0
    StringData: D:\a\_temp\msvc-debug-evidence\kernels.c
  }
  StringId (0x100E) {
    TypeLeafKind: LF_STRING_ID (0x1605)
    Id: 0x0
    StringData: D:\a\buster\buster\source\vc140.pdb
  }
  StringId (0x100F) {
    TypeLeafKind: LF_STRING_ID (0x1605)
    Id: 0x0
    StringData: -nologo -TC -std:c17 -Zc:preprocessor -J -arch:SSE2 -GS- -Z7 -Od -Ob0 -c -MT -I"C:\Program Files\Microsoft Visual Studio\18\Enterprise\VC\Tools\MSVC\14.51.36231\include" -I"C:\Program Files\Microsoft Visual Studio\18\Enterprise\VC\Tools\MSVC\14.51.36231\ATLMF
  }
  StringId (0x1010) {
    TypeLeafKind: LF_STRING_ID (0x1605)
    Id: 0x0
    StringData: C\include" -I"C:\Program Files\Microsoft Visual Studio\18\Enterprise\VC\Auxiliary\VS\include" -I"C:\Program Files (x86)\Windows Kits\10\include\10.0.26100.0\ucrt" -I"C:\Program Files (x86)\Windows Kits\10\include\10.0.26100.0\um"
  }
  StringId (0x1011) {
    TypeLeafKind: LF_STRING_ID (0x1605)
    Id: 0x0
    StringData:  -I"C:\Program Files (x86)\Windows Kits\10\include\10.0.26100.0\shared" -I"C:\Program Files (x86)\Windows Kits\10\include\10.0.26100.0\winrt" -I"C:\Program Files (x86)\Windows Kits\10\include\10.0.26100.0\cppwinrt" -I"C:\Program
  }
  StringList (0x1012) {
    TypeLeafKind: LF_SUBSTR_LIST (0x1604)
    NumStrings: 3
    Strings [
      String: -nologo -TC -std:c17 -Zc:preprocessor -J -arch:SSE2 -GS- -Z7 -Od -Ob0 -c -MT -I"C:\Program Files\Microsoft Visual Studio\18\Enterprise\VC\Tools\MSVC\14.51.36231\include" -I"C:\Program Files\Microsoft Visual Studio\18\Enterprise\VC\Tools\MSVC\14.51.36231\ATLMF (0x100F)
      String: C\include" -I"C:\Program Files\Microsoft Visual Studio\18\Enterprise\VC\Auxiliary\VS\include" -I"C:\Program Files (x86)\Windows Kits\10\include\10.0.26100.0\ucrt" -I"C:\Program Files (x86)\Windows Kits\10\include\10.0.26100.0\um" (0x1010)
      String:  -I"C:\Program Files (x86)\Windows Kits\10\include\10.0.26100.0\shared" -I"C:\Program Files (x86)\Windows Kits\10\include\10.0.26100.0\winrt" -I"C:\Program Files (x86)\Windows Kits\10\include\10.0.26100.0\cppwinrt" -I"C:\Program (0x1011)
    ]
  }
  StringId (0x1013) {
    TypeLeafKind: LF_STRING_ID (0x1605)
    Id: "-nologo -TC -std:c17 -Zc:preprocessor -J -arch:SSE2 -GS- -Z7 -Od -Ob0 -c -MT -I"C:\Program Files\Microsoft Visual Studio\18\Enterprise\VC\Tools\MSVC\14.51.36231\include" -I"C:\Program Files\Microsoft Visual Studio\18\Enterprise\VC\Tools\MSVC\14.51.36231\ATLMF" "C\include" -I"C:\Program Files\Microsoft Visual Studio\18\Enterprise\VC\Auxiliary\VS\include" -I"C:\Program Files (x86)\Windows Kits\10\include\10.0.26100.0\ucrt" -I"C:\Program Files (x86)\Windows Kits\10\include\10.0.26100.0\um"" " -I"C:\Program Files (x86)\Windows Kits\10\include\10.0.26100.0\shared" -I"C:\Program Files (x86)\Windows Kits\10\include\10.0.26100.0\winrt" -I"C:\Program Files (x86)\Windows Kits\10\include\10.0.26100.0\cppwinrt" -I"C:\Program" (0x1012)
    StringData:  Files (x86)\Windows Kits\NETFXSDK\4.8.1\include\um" -X
  }
  BuildInfo (0x1014) {
    TypeLeafKind: LF_BUILDINFO (0x1603)
    NumArgs: 5
    Arguments [
      ArgType: D:\a\buster\buster\source (0x100B)
      ArgType: C:\Program Files\Microsoft Visual Studio\18\Enterprise\VC\Tools\MSVC\14.51.36231\bin\HostX64\x64\cl.exe (0x100C)
      ArgType: D:\a\_temp\msvc-debug-evidence\kernels.c (0x100D)
      ArgType: D:\a\buster\buster\source\vc140.pdb (0x100E)
      ArgType:  Files (x86)\Windows Kits\NETFXSDK\4.8.1\include\um" -X (0x1013)
    ]
  }
]
CodeViewDebugInfo [
  Section: .debug$S (2)
  Magic: 0x4
  Subsection [
    SubSectionType: Symbols (0xF1)
    SubSectionSize: 0x7C
    ObjNameSym {
      Kind: S_OBJNAME (0x1101)
      Signature: 0x0
      ObjectName: D:\a\_temp\msvc-debug-evidence\kernels-msvc-debug-8.obj
    }
    Compile3Sym {
      Kind: S_COMPILE3 (0x113C)
      Language: C (0x0)
      Flags [ (0x4000)
        HotPatch (0x4000)
      ]
      Machine: X64 (0xD0)
      FrontendVersion: 19.51.36260.0
      BackendVersion: 19.51.36260.0
      VersionName: Microsoft (R) Optimizing Compiler
    }
  ]
  Subsection [
    SubSectionType: Symbols (0xF1)
    SubSectionSize: 0x60
    GlobalProcIdSym {
      Kind: S_GPROC32_ID (0x1147)
      PtrParent: 0x0
      PtrEnd: 0x0
      PtrNext: 0x0
      CodeSize: 0x13
      DbgStart: 0x4
      DbgEnd: 0x12
      FunctionType: helper (0x1004)
      CodeOffset: helper+0x0
      Segment: 0x0
      Flags [ (0x0)
      ]
      DisplayName: helper
      LinkageName: helper
    }
    FrameProcSym {
      Kind: S_FRAMEPROC (0x1012)
      TotalFrameBytes: 0x0
      PaddingFrameBytes: 0x0
      OffsetToPadding: 0x0
      BytesOfCalleeSavedRegisters: 0x0
      OffsetOfExceptionHandler: 0x0
      SectionIdOfExceptionHandler: 0x0
      Flags [ (0x114200)
        AsynchronousExceptionHandling (0x200)
        OptimizedForSpeed (0x100000)
      ]
      LocalFramePtrReg: RSP (0x14F)
      ParamFramePtrReg: RSP (0x14F)
    }
    RegRelativeSym {
      Kind: S_REGREL32 (0x1111)
      Offset: 0x8
      Type: unsigned (0x75)
      Register: RSP (0x14F)
      VarName: x
    }
    ProcEnd {
      Kind: S_PROC_ID_END (0x114F)
    }
  ]
  Subsection [
    SubSectionType: Lines (0xF2)
    SubSectionSize: 0x20
    LinkageName: helper
  ]
  Subsection [
    SubSectionType: Symbols (0xF1)
    SubSectionSize: 0xD6
    GlobalProcIdSym {
      Kind: S_GPROC32_ID (0x1147)
      PtrParent: 0x0
      PtrEnd: 0x0
      PtrNext: 0x0
      CodeSize: 0x5D
      DbgStart: 0x18
      DbgEnd: 0x58
      FunctionType: sum_scale (0x1007)
      CodeOffset: sum_scale+0x0
      Segment: 0x0
      Flags [ (0x0)
      ]
      DisplayName: sum_scale
      LinkageName: sum_scale
    }
    FrameProcSym {
      Kind: S_FRAMEPROC (0x1012)
      TotalFrameBytes: 0x18
      PaddingFrameBytes: 0x0
      OffsetToPadding: 0x0
      BytesOfCalleeSavedRegisters: 0x0
      OffsetOfExceptionHandler: 0x0
      SectionIdOfExceptionHandler: 0x0
      Flags [ (0x114200)
        AsynchronousExceptionHandling (0x200)
        OptimizedForSpeed (0x100000)
      ]
      LocalFramePtrReg: RSP (0x14F)
      ParamFramePtrReg: RSP (0x14F)
    }
    RegRelativeSym {
      Kind: S_REGREL32 (0x1111)
      Offset: 0x20
      Type: const unsigned* (0x1001)
      Register: RSP (0x14F)
      VarName: a
    }
    RegRelativeSym {
      Kind: S_REGREL32 (0x1111)
      Offset: 0x28
      Type: const unsigned* (0x1001)
      Register: RSP (0x14F)
      VarName: b
    }
    RegRelativeSym {
      Kind: S_REGREL32 (0x1111)
      Offset: 0x30
      Type: unsigned (0x75)
      Register: RSP (0x14F)
      VarName: n
    }
    RegRelativeSym {
      Kind: S_REGREL32 (0x1111)
      Offset: 0x38
      Type: unsigned (0x75)
      Register: RSP (0x14F)
      VarName: salt
    }
    RegRelativeSym {
      Kind: S_REGREL32 (0x1111)
      Offset: 0x4
      Type: unsigned (0x75)
      Register: RSP (0x14F)
      VarName: result
    }
    BlockSym {
      Kind: S_BLOCK32 (0x1103)
      PtrParent: 0x0
      PtrEnd: 0x0
      CodeSize: 0x34
      CodeOffset: sum_scale+0x20
      Segment: 0x0
      BlockName: 
      LinkageName: sum_scale
    }
    RegRelativeSym {
      Kind: S_REGREL32 (0x1111)
      Offset: 0x0
      Type: unsigned (0x75)
      Register: RSP (0x14F)
      VarName: i
    }
    ScopeEndSym {
      Kind: S_END (0x6)
    }
    ProcEnd {
      Kind: S_PROC_ID_END (0x114F)
    }
  ]
  Subsection [
    SubSectionType: Lines (0xF2)
    SubSectionSize: 0x40
    LinkageName: sum_scale
  ]
  Subsection [
    SubSectionType: Symbols (0xF1)
    SubSectionSize: 0xD4
    GlobalProcIdSym {
      Kind: S_GPROC32_ID (0x1147)
      PtrParent: 0x0
      PtrEnd: 0x0
      PtrNext: 0x0
      CodeSize: 0x69
      DbgStart: 0x18
      DbgEnd: 0x64
      FunctionType: divide7 (0x1008)
      CodeOffset: divide7+0x0
      Segment: 0x0
      Flags [ (0x0)
      ]
      DisplayName: divide7
      LinkageName: divide7
    }
    FrameProcSym {
      Kind: S_FRAMEPROC (0x1012)
      TotalFrameBytes: 0x18
      PaddingFrameBytes: 0x0
      OffsetToPadding: 0x0
      BytesOfCalleeSavedRegisters: 0x0
      OffsetOfExceptionHandler: 0x0
      SectionIdOfExceptionHandler: 0x0
      Flags [ (0x114200)
        AsynchronousExceptionHandling (0x200)
        OptimizedForSpeed (0x100000)
      ]
      LocalFramePtrReg: RSP (0x14F)
      ParamFramePtrReg: RSP (0x14F)
    }
    RegRelativeSym {
      Kind: S_REGREL32 (0x1111)
      Offset: 0x20
      Type: const unsigned* (0x1001)
      Register: RSP (0x14F)
      VarName: a
    }
    RegRelativeSym {
      Kind: S_REGREL32 (0x1111)
      Offset: 0x28
      Type: const unsigned* (0x1001)
      Register: RSP (0x14F)
      VarName: b
    }
    RegRelativeSym {
      Kind: S_REGREL32 (0x1111)
      Offset: 0x30
      Type: unsigned (0x75)
      Register: RSP (0x14F)
      VarName: n
    }
    RegRelativeSym {
      Kind: S_REGREL32 (0x1111)
      Offset: 0x38
      Type: unsigned (0x75)
      Register: RSP (0x14F)
      VarName: salt
    }
    RegRelativeSym {
      Kind: S_REGREL32 (0x1111)
      Offset: 0x4
      Type: unsigned (0x75)
      Register: RSP (0x14F)
      VarName: result
    }
    BlockSym {
      Kind: S_BLOCK32 (0x1103)
      PtrParent: 0x0
      PtrEnd: 0x0
      CodeSize: 0x40
      CodeOffset: divide7+0x20
      Segment: 0x0
      BlockName: 
      LinkageName: divide7
    }
    RegRelativeSym {
      Kind: S_REGREL32 (0x1111)
      Offset: 0x0
      Type: unsigned (0x75)
      Register: RSP (0x14F)
      VarName: i
    }
    ScopeEndSym {
      Kind: S_END (0x6)
    }
    ProcEnd {
      Kind: S_PROC_ID_END (0x114F)
    }
  ]
  Subsection [
    SubSectionType: Lines (0xF2)
    SubSectionSize: 0x40
    LinkageName: divide7
  ]
  Subsection [
    SubSectionType: Symbols (0xF1)
    SubSectionSize: 0xD0
    GlobalProcIdSym {
      Kind: S_GPROC32_ID (0x1147)
      PtrParent: 0x0
      PtrEnd: 0x0
      PtrNext: 0x0
      CodeSize: 0x69
      DbgStart: 0x18
      DbgEnd: 0x64
      FunctionType: dot (0x1009)
      CodeOffset: dot+0x0
      Segment: 0x0
      Flags [ (0x0)
      ]
      DisplayName: dot
      LinkageName: dot
    }
    FrameProcSym {
      Kind: S_FRAMEPROC (0x1012)
      TotalFrameBytes: 0x18
      PaddingFrameBytes: 0x0
      OffsetToPadding: 0x0
      BytesOfCalleeSavedRegisters: 0x0
      OffsetOfExceptionHandler: 0x0
      SectionIdOfExceptionHandler: 0x0
      Flags [ (0x114200)
        AsynchronousExceptionHandling (0x200)
        OptimizedForSpeed (0x100000)
      ]
      LocalFramePtrReg: RSP (0x14F)
      ParamFramePtrReg: RSP (0x14F)
    }
    RegRelativeSym {
      Kind: S_REGREL32 (0x1111)
      Offset: 0x20
      Type: const unsigned* (0x1001)
      Register: RSP (0x14F)
      VarName: a
    }
    RegRelativeSym {
      Kind: S_REGREL32 (0x1111)
      Offset: 0x28
      Type: const unsigned* (0x1001)
      Register: RSP (0x14F)
      VarName: b
    }
    RegRelativeSym {
      Kind: S_REGREL32 (0x1111)
      Offset: 0x30
      Type: unsigned (0x75)
      Register: RSP (0x14F)
      VarName: n
    }
    RegRelativeSym {
      Kind: S_REGREL32 (0x1111)
      Offset: 0x38
      Type: unsigned (0x75)
      Register: RSP (0x14F)
      VarName: salt
    }
    RegRelativeSym {
      Kind: S_REGREL32 (0x1111)
      Offset: 0x4
      Type: unsigned (0x75)
      Register: RSP (0x14F)
      VarName: result
    }
    BlockSym {
      Kind: S_BLOCK32 (0x1103)
      PtrParent: 0x0
      PtrEnd: 0x0
      CodeSize: 0x40
      CodeOffset: dot+0x20
      Segment: 0x0
      BlockName: 
      LinkageName: dot
    }
    RegRelativeSym {
      Kind: S_REGREL32 (0x1111)
      Offset: 0x0
      Type: unsigned (0x75)
      Register: RSP (0x14F)
      VarName: i
    }
    ScopeEndSym {
      Kind: S_END (0x6)
    }
    ProcEnd {
      Kind: S_PROC_ID_END (0x114F)
    }
  ]
  Subsection [
    SubSectionType: Lines (0xF2)
    SubSectionSize: 0x40
    LinkageName: dot
  ]
  Subsection [
    SubSectionType: Symbols (0xF1)
    SubSectionSize: 0xD2
    GlobalProcIdSym {
      Kind: S_GPROC32_ID (0x1147)
      PtrParent: 0x0
      PtrEnd: 0x0
      PtrNext: 0x0
      CodeSize: 0x6C
      DbgStart: 0x18
      DbgEnd: 0x67
      FunctionType: calls (0x100A)
      CodeOffset: calls+0x0
      Segment: 0x0
      Flags [ (0x0)
      ]
      DisplayName: calls
      LinkageName: calls
    }
    FrameProcSym {
      Kind: S_FRAMEPROC (0x1012)
      TotalFrameBytes: 0x38
      PaddingFrameBytes: 0x0
      OffsetToPadding: 0x0
      BytesOfCalleeSavedRegisters: 0x0
      OffsetOfExceptionHandler: 0x0
      SectionIdOfExceptionHandler: 0x0
      Flags [ (0x114200)
        AsynchronousExceptionHandling (0x200)
        OptimizedForSpeed (0x100000)
      ]
      LocalFramePtrReg: RSP (0x14F)
      ParamFramePtrReg: RSP (0x14F)
    }
    RegRelativeSym {
      Kind: S_REGREL32 (0x1111)
      Offset: 0x40
      Type: const unsigned* (0x1001)
      Register: RSP (0x14F)
      VarName: a
    }
    RegRelativeSym {
      Kind: S_REGREL32 (0x1111)
      Offset: 0x48
      Type: const unsigned* (0x1001)
      Register: RSP (0x14F)
      VarName: b
    }
    RegRelativeSym {
      Kind: S_REGREL32 (0x1111)
      Offset: 0x50
      Type: unsigned (0x75)
      Register: RSP (0x14F)
      VarName: n
    }
    RegRelativeSym {
      Kind: S_REGREL32 (0x1111)
      Offset: 0x58
      Type: unsigned (0x75)
      Register: RSP (0x14F)
      VarName: salt
    }
    RegRelativeSym {
      Kind: S_REGREL32 (0x1111)
      Offset: 0x24
      Type: unsigned (0x75)
      Register: RSP (0x14F)
      VarName: result
    }
    BlockSym {
      Kind: S_BLOCK32 (0x1103)
      PtrParent: 0x0
      PtrEnd: 0x0
      CodeSize: 0x43
      CodeOffset: calls+0x20
      Segment: 0x0
      BlockName: 
      LinkageName: calls
    }
    RegRelativeSym {
      Kind: S_REGREL32 (0x1111)
      Offset: 0x20
      Type: unsigned (0x75)
      Register: RSP (0x14F)
      VarName: i
    }
    ScopeEndSym {
      Kind: S_END (0x6)
    }
    ProcEnd {
      Kind: S_PROC_ID_END (0x114F)
    }
  ]
  Subsection [
    SubSectionType: Lines (0xF2)
    SubSectionSize: 0x40
    LinkageName: calls
  ]
  Subsection [
    SubSectionType: FileChecksums (0xF4)
    SubSectionSize: 0x28
    FileChecksum {
      Filename: D:\a\_temp\msvc-debug-evidence\kernels.c (0x1)
      ChecksumSize: 0x20
      ChecksumKind: SHA256 (0x3)
      ChecksumBytes (
        0000: B9F6367C F92487AB B2A5EE25 9FD4A6BA  |..6|.$.....%....|
        0010: D8F1E8A1 7F9C85D5 57D589C7 EE606BC7  |........W....`k.|
      )
    }
  ]
  Subsection [
    SubSectionType: StringTable (0xF3)
    SubSectionSize: 0x2A
  ]
  Subsection [
    SubSectionType: Symbols (0xF1)
    SubSectionSize: 0x8
    BuildInfoSym {
      Kind: S_BUILDINFO (0x114C)
      BuildId: 0x1014
    }
  ]
  FunctionLineTable [
    LinkageName: helper
    Flags: 0x0
    CodeSize: 0x13
    FilenameSegment [
      Filename: D:\a\_temp\msvc-debug-evidence\kernels.c (0x0)
      +0x0 [
        LineNumberStart: 5
        LineNumberEndDelta: 0
        IsStatement: Yes
      ]
    ]
  ]
  FunctionLineTable [
    LinkageName: sum_scale
    Flags: 0x0
    CodeSize: 0x5D
    FilenameSegment [
      Filename: D:\a\_temp\msvc-debug-evidence\kernels.c (0x0)
      +0x0 [
        LineNumberStart: 7
        LineNumberEndDelta: 0
        IsStatement: Yes
      ]
      +0x18 [
        LineNumberStart: 8
        LineNumberEndDelta: 0
        IsStatement: Yes
      ]
      +0x20 [
        LineNumberStart: 10
        LineNumberEndDelta: 0
        IsStatement: Yes
      ]
      +0x54 [
        LineNumberStart: 11
        LineNumberEndDelta: 0
        IsStatement: Yes
      ]
      +0x58 [
        LineNumberStart: 12
        LineNumberEndDelta: 0
        IsStatement: Yes
      ]
    ]
  ]
  FunctionLineTable [
    LinkageName: divide7
    Flags: 0x0
    CodeSize: 0x69
    FilenameSegment [
      Filename: D:\a\_temp\msvc-debug-evidence\kernels.c (0x0)
      +0x0 [
        LineNumberStart: 14
        LineNumberEndDelta: 0
        IsStatement: Yes
      ]
      +0x18 [
        LineNumberStart: 15
        LineNumberEndDelta: 0
        IsStatement: Yes
      ]
      +0x20 [
        LineNumberStart: 17
        LineNumberEndDelta: 0
        IsStatement: Yes
      ]
      +0x60 [
        LineNumberStart: 18
        LineNumberEndDelta: 0
        IsStatement: Yes
      ]
      +0x64 [
        LineNumberStart: 19
        LineNumberEndDelta: 0
        IsStatement: Yes
      ]
    ]
  ]
  FunctionLineTable [
    LinkageName: dot
    Flags: 0x0
    CodeSize: 0x69
    FilenameSegment [
      Filename: D:\a\_temp\msvc-debug-evidence\kernels.c (0x0)
      +0x0 [
        LineNumberStart: 21
        LineNumberEndDelta: 0
        IsStatement: Yes
      ]
      +0x18 [
        LineNumberStart: 22
        LineNumberEndDelta: 0
        IsStatement: Yes
      ]
      +0x20 [
        LineNumberStart: 23
        LineNumberEndDelta: 0
        IsStatement: Yes
      ]
      +0x60 [
        LineNumberStart: 24
        LineNumberEndDelta: 0
        IsStatement: Yes
      ]
      +0x64 [
        LineNumberStart: 25
        LineNumberEndDelta: 0
        IsStatement: Yes
      ]
    ]
  ]
  FunctionLineTable [
    LinkageName: calls
    Flags: 0x0
    CodeSize: 0x6C
    FilenameSegment [
      Filename: D:\a\_temp\msvc-debug-evidence\kernels.c (0x0)
      +0x0 [
        LineNumberStart: 27
        LineNumberEndDelta: 0
        IsStatement: Yes
      ]
      +0x18 [
        LineNumberStart: 28
        LineNumberEndDelta: 0
        IsStatement: Yes
      ]
      +0x20 [
        LineNumberStart: 30
        LineNumberEndDelta: 0
        IsStatement: Yes
      ]
      +0x63 [
        LineNumberStart: 31
        LineNumberEndDelta: 0
        IsStatement: Yes
      ]
      +0x67 [
        LineNumberStart: 32
        LineNumberEndDelta: 0
        IsStatement: Yes
      ]
    ]
  ]
]
