Source size of 725107208ad7da9dce52dc7d30a5ee9b7f7f79ae
  base 2b8804fa75269d28b9b06eb4ec99c00c21c0bf99
  baseline b17fa1e1a2948e70e07fe74a3256336c2bc42009 (docs/source-size-baseline.txt)

category    ratchet   files       bytes  change vs base  since baseline
production  yes         207    16529355           +1829          -19523
build       yes         341     9002630               0          +10778
tests       no          817    19324370           +2396         +221045
generated   no           48    51984056               0               0
docs        no         2340    68771089            +503        +3391009
dormant     no           65       88893               0               0
total                  3818   165700393           +4728        +3603309

Largest ratcheted files:
  production     2693554  src/buster/lib/compiler/frontend/c/c_gen.c
  build          2101888  build.c
  production     1505803  src/buster/lib/compiler/frontend/c/c_parse.c
  production     1030394  src/buster/lib/compiler/codegen/machine_x86_64.c
  production      839757  src/buster/lib/compiler/assembly/x86_64_metadata.c
  production      714810  src/buster/lib/compiler/link/link.c
  production      700212  src/buster/lib/compiler/object/object.c
  production      674630  src/buster/lib/compiler/assembly/assembly.c
  production      606119  src/buster/lib/compiler/codegen/machine_aarch64.c
  production      543104  src/buster/lib/compiler/frontend/c/c_source.c

Ratcheted files changed from base: 4
  production        +882  src/buster/lib/target.c
  production        +426  src/buster/lib/compiler/driver/driver.c
  production        +425  src/buster/lib/target.h
  production         +96  src/buster/lib/compiler/frontend/c/c_parse.c

production: +1829 bytes from base, within the 32768-byte change limit
build: 0 bytes from base, within the 32768-byte change limit

SOURCE_SIZE_V1 revision=725107208ad7da9dce52dc7d30a5ee9b7f7f79ae category=production ratcheted=1 files=207 bytes=16529355 base_files=207 base_bytes=16527526 baseline_files=207 baseline_bytes=16548878
SOURCE_SIZE_V1 revision=725107208ad7da9dce52dc7d30a5ee9b7f7f79ae category=build ratcheted=1 files=341 bytes=9002630 base_files=341 base_bytes=9002630 baseline_files=340 baseline_bytes=8991852
SOURCE_SIZE_V1 revision=725107208ad7da9dce52dc7d30a5ee9b7f7f79ae category=tests ratcheted=0 files=817 bytes=19324370 base_files=817 base_bytes=19321974 baseline_files=817 baseline_bytes=19103325
SOURCE_SIZE_V1 revision=725107208ad7da9dce52dc7d30a5ee9b7f7f79ae category=generated ratcheted=0 files=48 bytes=51984056 base_files=48 base_bytes=51984056 baseline_files=48 baseline_bytes=51984056
SOURCE_SIZE_V1 revision=725107208ad7da9dce52dc7d30a5ee9b7f7f79ae category=docs ratcheted=0 files=2340 bytes=68771089 base_files=2340 base_bytes=68770586 baseline_files=2250 baseline_bytes=65380080
SOURCE_SIZE_V1 revision=725107208ad7da9dce52dc7d30a5ee9b7f7f79ae category=dormant ratcheted=0 files=65 bytes=88893 base_files=65 base_bytes=88893 baseline_files=65 baseline_bytes=88893
SOURCE_SIZE_RATCHET_V1 category=production growth=+1829 limit=32768 verdict=within-limit
SOURCE_SIZE_RATCHET_V1 category=build growth=0 limit=32768 verdict=within-limit
SOURCE_SIZE_RESULT_V1 revision=725107208ad7da9dce52dc7d30a5ee9b7f7f79ae base=2b8804fa75269d28b9b06eb4ec99c00c21c0bf99 baseline_commit=b17fa1e1a2948e70e07fe74a3256336c2bc42009 status=pass
