SGID_SANDBOX_TEST service assertions=6125 failures=0 group=different-primary arch=x86_64
offhost lease custodian quarantined: reconciliation-required
offhost lease custodian quarantined: conflicting-key
+ /tmp/buster-bench-recipe-scripts-6hvDKS/driver generate --build-directory /tmp/buster-workspaces-X4akAI/job-1-attempt-2/base/build --config Release --cc clang --no-include-tests --no-developer-targets --no-check-optional-warnings --no-fuzz --no-sanitize --no-time-trace --no-instrument --no-lto
+ /tmp/buster-bench-recipe-scripts-6hvDKS/driver build --build-directory /tmp/buster-workspaces-X4akAI/job-1-attempt-2/base/build --config Release -t ide -- -j1
+ /tmp/buster-bench-recipe-scripts-6hvDKS/driver generate --build-directory /tmp/buster-workspaces-X4akAI/job-1-attempt-2/candidate/staging --config Release --cc clang --no-include-tests --no-developer-targets --no-check-optional-warnings --no-fuzz --no-sanitize --no-time-trace --no-instrument --no-lto
+ /tmp/buster-bench-recipe-scripts-6hvDKS/driver build --build-directory /tmp/buster-workspaces-X4akAI/job-1-attempt-2/candidate/staging --config Release -t ide -- -j1
+ /tmp/buster-bench-recipe-scripts-6hvDKS/throughput run --baseline /tmp/buster-workspaces-X4akAI/job-1-attempt-2/base/build/Release/ide --candidate /tmp/buster-workspaces-X4akAI/job-1-attempt-2/candidate/build/Release/ide --output /tmp/buster-workspaces-X4akAI/job-1-attempt-2/candidate/staging/throughput-results --baseline-id aaaaaaaaaaaaaaaaaaaaaaaaaaaaaaaaaaaaaaaaaaaaaaaaaaaaaaaaaaaaaaaa --candidate-id bbbbbbbbbbbbbbbbbbbbbbbbbbbbbbbbbbbbbbbbbbbbbbbbbbbbbbbbbbbbbbbb --profile smoke --mode all --pairs 1 --warmups 1 --no-guard
BENCH_SERVICE_RECIPE_MATERIALIZED_SELF_TEST result=pass
SGID_SANDBOX_TEST recipe result=pass group=different-primary
BENCH_SERVICE_RECIPE_PINNED_WALK_TEST result=pass
+ /tmp/buster-bench-recipe-scripts-m538mx/driver generate --build-directory /tmp/buster-bench-recipe-0jxrIB/workspaces/job-1-attempt-2/base/build --config Release --cc clang --no-include-tests --no-developer-targets --no-check-optional-warnings --no-fuzz --no-sanitize --no-time-trace --no-instrument --no-lto
+ /tmp/buster-bench-recipe-scripts-m538mx/driver build --build-directory /tmp/buster-bench-recipe-0jxrIB/workspaces/job-1-attempt-2/base/build --config Release -t ide -- -j1
+ /tmp/buster-bench-recipe-scripts-m538mx/driver generate --build-directory /tmp/buster-bench-recipe-0jxrIB/workspaces/job-1-attempt-2/candidate/staging --config Release --cc clang --no-include-tests --no-developer-targets --no-check-optional-warnings --no-fuzz --no-sanitize --no-time-trace --no-instrument --no-lto
+ /tmp/buster-bench-recipe-scripts-m538mx/driver build --build-directory /tmp/buster-bench-recipe-0jxrIB/workspaces/job-1-attempt-2/candidate/staging --config Release -t ide -- -j1
+ /tmp/buster-bench-recipe-scripts-m538mx/throughput run --baseline /tmp/buster-bench-recipe-0jxrIB/workspaces/job-1-attempt-2/base/build/Release/ide --candidate /tmp/buster-bench-recipe-0jxrIB/workspaces/job-1-attempt-2/candidate/build/Release/ide --output /tmp/buster-bench-recipe-0jxrIB/workspaces/job-1-attempt-2/candidate/staging/throughput-results --baseline-id 1111111111111111111111111111111111111111 --candidate-id 2222222222222222222222222222222222222222 --profile smoke --mode all --pairs 1 --warmups 1 --no-guard
+ /tmp/buster-bench-recipe-scripts-m538mx/driver generate --build-directory /tmp/buster-bench-recipe-jqeUaP/workspaces/job-1-attempt-2/base/build --config Release --cc clang --no-include-tests --no-developer-targets --no-check-optional-warnings --no-fuzz --no-sanitize --no-time-trace --no-instrument --no-lto
+ /tmp/buster-bench-recipe-scripts-m538mx/driver build --build-directory /tmp/buster-bench-recipe-jqeUaP/workspaces/job-1-attempt-2/base/build --config Release -t ide -- -j1
+ /tmp/buster-bench-recipe-scripts-m538mx/driver generate --build-directory /tmp/buster-bench-recipe-jqeUaP/workspaces/job-1-attempt-2/candidate/staging --config Release --cc clang --no-include-tests --no-developer-targets --no-check-optional-warnings --no-fuzz --no-sanitize --no-time-trace --no-instrument --no-lto
+ /tmp/buster-bench-recipe-scripts-m538mx/driver build --build-directory /tmp/buster-bench-recipe-jqeUaP/workspaces/job-1-attempt-2/candidate/staging --config Release -t ide -- -j1
+ /tmp/buster-bench-recipe-scripts-m538mx/driver generate --build-directory /tmp/buster-bench-recipe-qwdxGT/workspaces/job-1-attempt-2/base/build --config Release --cc clang --no-include-tests --no-developer-targets --no-check-optional-warnings --no-fuzz --no-sanitize --no-time-trace --no-instrument --no-lto
+ /tmp/buster-bench-recipe-scripts-m538mx/driver build --build-directory /tmp/buster-bench-recipe-qwdxGT/workspaces/job-1-attempt-2/base/build --config Release -t ide -- -j1
error: base-build post-stage check failed: frozen-receipt
+ /tmp/buster-bench-recipe-scripts-m538mx/driver generate --build-directory /tmp/buster-bench-recipe-jXCOR7/workspaces/job-1-attempt-2/base/build --config Release --cc clang --no-include-tests --no-developer-targets --no-check-optional-warnings --no-fuzz --no-sanitize --no-time-trace --no-instrument --no-lto
+ /tmp/buster-bench-recipe-scripts-m538mx/driver build --build-directory /tmp/buster-bench-recipe-jXCOR7/workspaces/job-1-attempt-2/base/build --config Release -t ide -- -j1
+ /tmp/buster-bench-recipe-scripts-m538mx/driver generate --build-directory /tmp/buster-bench-recipe-jXCOR7/workspaces/job-1-attempt-2/candidate/staging --config Release --cc clang --no-include-tests --no-developer-targets --no-check-optional-warnings --no-fuzz --no-sanitize --no-time-trace --no-instrument --no-lto
+ /tmp/buster-bench-recipe-scripts-m538mx/driver build --build-directory /tmp/buster-bench-recipe-jXCOR7/workspaces/job-1-attempt-2/candidate/staging --config Release -t ide -- -j1
error: candidate-build post-stage check failed: frozen-receipt
+ /tmp/buster-bench-recipe-scripts-m538mx/driver generate --build-directory /tmp/buster-bench-recipe-o3rm1Z/workspaces/job-1-attempt-2/base/build --config Release --cc clang --no-include-tests --no-developer-targets --no-check-optional-warnings --no-fuzz --no-sanitize --no-time-trace --no-instrument --no-lto
+ /tmp/buster-bench-recipe-scripts-m538mx/driver build --build-directory /tmp/buster-bench-recipe-o3rm1Z/workspaces/job-1-attempt-2/base/build --config Release -t ide -- -j1
error: base-build post-stage check failed: frozen-receipt
+ /tmp/buster-bench-recipe-scripts-m538mx/driver generate --build-directory /tmp/buster-bench-recipe-pxTglU/workspaces/job-1-attempt-2/base/build --config Release --cc clang --no-include-tests --no-developer-targets --no-check-optional-warnings --no-fuzz --no-sanitize --no-time-trace --no-instrument --no-lto
+ /tmp/buster-bench-recipe-scripts-m538mx/driver build --build-directory /tmp/buster-bench-recipe-pxTglU/workspaces/job-1-attempt-2/base/build --config Release -t ide -- -j1
error: base-build post-stage check failed: frozen-receipt
+ /tmp/buster-bench-recipe-scripts-m538mx/driver generate --build-directory /tmp/buster-bench-recipe-fIvoTF/workspaces/job-1-attempt-2/base/build --config Release --cc clang --no-include-tests --no-developer-targets --no-check-optional-warnings --no-fuzz --no-sanitize --no-time-trace --no-instrument --no-lto
+ /tmp/buster-bench-recipe-scripts-m538mx/driver build --build-directory /tmp/buster-bench-recipe-fIvoTF/workspaces/job-1-attempt-2/base/build --config Release -t ide -- -j1
+ /tmp/buster-bench-recipe-scripts-m538mx/driver generate --build-directory /tmp/buster-bench-recipe-fIvoTF/workspaces/job-1-attempt-2/candidate/staging --config Release --cc clang --no-include-tests --no-developer-targets --no-check-optional-warnings --no-fuzz --no-sanitize --no-time-trace --no-instrument --no-lto
+ /tmp/buster-bench-recipe-scripts-m538mx/driver build --build-directory /tmp/buster-bench-recipe-fIvoTF/workspaces/job-1-attempt-2/candidate/staging --config Release -t ide -- -j1
+ /tmp/buster-bench-recipe-scripts-m538mx/throughput run --baseline /tmp/buster-bench-recipe-fIvoTF/workspaces/job-1-attempt-2/base/build/Release/ide --candidate /tmp/buster-bench-recipe-fIvoTF/workspaces/job-1-attempt-2/candidate/build/Release/ide --output /tmp/buster-bench-recipe-fIvoTF/workspaces/job-1-attempt-2/candidate/staging/throughput-results --baseline-id 1111111111111111111111111111111111111111 --candidate-id 2222222222222222222222222222222222222222 --profile smoke --mode all --pairs 1 --warmups 1 --no-guard
/tmp/buster-bench-recipe-scripts-m538mx/throughput: line 14: /tmp/buster-bench-recipe-fIvoTF/workspaces/job-1-attempt-2/candidate/build/Release/ide: Permission denied
+ /tmp/buster-bench-recipe-scripts-m538mx/driver generate --build-directory /tmp/buster-bench-recipe-MiDpxp/workspaces/job-1-attempt-2/base/build --config Release --cc clang --no-include-tests --no-developer-targets --no-check-optional-warnings --no-fuzz --no-sanitize --no-time-trace --no-instrument --no-lto
+ /tmp/buster-bench-recipe-scripts-m538mx/driver build --build-directory /tmp/buster-bench-recipe-MiDpxp/workspaces/job-1-attempt-2/base/build --config Release -t ide -- -j1
+ /tmp/buster-bench-recipe-scripts-m538mx/driver generate --build-directory /tmp/buster-bench-recipe-MiDpxp/workspaces/job-1-attempt-2/candidate/staging --config Release --cc clang --no-include-tests --no-developer-targets --no-check-optional-warnings --no-fuzz --no-sanitize --no-time-trace --no-instrument --no-lto
+ /tmp/buster-bench-recipe-scripts-m538mx/driver build --build-directory /tmp/buster-bench-recipe-MiDpxp/workspaces/job-1-attempt-2/candidate/staging --config Release -t ide -- -j1
+ /tmp/buster-bench-recipe-scripts-m538mx/throughput run --baseline /tmp/buster-bench-recipe-MiDpxp/workspaces/job-1-attempt-2/base/build/Release/ide --candidate /tmp/buster-bench-recipe-MiDpxp/workspaces/job-1-attempt-2/candidate/build/Release/ide --output /tmp/buster-bench-recipe-MiDpxp/workspaces/job-1-attempt-2/candidate/staging/throughput-results --baseline-id 1111111111111111111111111111111111111111 --candidate-id 2222222222222222222222222222222222222222 --profile smoke --mode all --pairs 1 --warmups 1 --no-guard
/tmp/buster-bench-recipe-scripts-m538mx/throughput: line 13: /tmp/buster-bench-recipe-MiDpxp/workspaces/job-1-attempt-2/base/build/Release/ide: Permission denied
error: fixed recipe could not establish its durable running manifest
error: invalid fixed validate-buster-v1 recipe identity or path
+ /tmp/buster-bench-recipe-scripts-m538mx/driver generate --build-directory /tmp/buster-bench-recipe-vnVtiP/workspaces/job-1-attempt-2/base/build --config Release --cc clang --no-include-tests --no-developer-targets --no-check-optional-warnings --no-fuzz --no-sanitize --no-time-trace --no-instrument --no-lto
+ /tmp/buster-bench-recipe-scripts-m538mx/driver build --build-directory /tmp/buster-bench-recipe-vnVtiP/workspaces/job-1-attempt-2/base/build --config Release -t ide -- -j1
+ /tmp/buster-bench-recipe-scripts-m538mx/driver generate --build-directory /tmp/buster-bench-recipe-vnVtiP/workspaces/job-1-attempt-2/candidate/staging --config Release --cc clang --no-include-tests --no-developer-targets --no-check-optional-warnings --no-fuzz --no-sanitize --no-time-trace --no-instrument --no-lto
+ /tmp/buster-bench-recipe-scripts-m538mx/driver build --build-directory /tmp/buster-bench-recipe-vnVtiP/workspaces/job-1-attempt-2/candidate/staging --config Release -t ide -- -j1
+ /tmp/buster-bench-recipe-scripts-m538mx/throughput run --baseline /tmp/buster-bench-recipe-vnVtiP/workspaces/job-1-attempt-2/base/build/Release/ide --candidate /tmp/buster-bench-recipe-vnVtiP/workspaces/job-1-attempt-2/candidate/build/Release/ide --output /tmp/buster-bench-recipe-vnVtiP/workspaces/job-1-attempt-2/candidate/staging/throughput-results --baseline-id 1111111111111111111111111111111111111111 --candidate-id 2222222222222222222222222222222222222222 --profile smoke --mode all --pairs 1 --warmups 1 --no-guard
error: throughput post-stage check failed: bundle-index
+ /tmp/buster-bench-recipe-scripts-m538mx/driver generate --build-directory /tmp/buster-bench-recipe-kHbcol/workspaces/job-1-attempt-2/base/build --config Release --cc clang --no-include-tests --no-developer-targets --no-check-optional-warnings --no-fuzz --no-sanitize --no-time-trace --no-instrument --no-lto
+ /tmp/buster-bench-recipe-scripts-m538mx/driver build --build-directory /tmp/buster-bench-recipe-kHbcol/workspaces/job-1-attempt-2/base/build --config Release -t ide -- -j1
+ /tmp/buster-bench-recipe-scripts-m538mx/driver generate --build-directory /tmp/buster-bench-recipe-kHbcol/workspaces/job-1-attempt-2/candidate/staging --config Release --cc clang --no-include-tests --no-developer-targets --no-check-optional-warnings --no-fuzz --no-sanitize --no-time-trace --no-instrument --no-lto
+ /tmp/buster-bench-recipe-scripts-m538mx/driver build --build-directory /tmp/buster-bench-recipe-kHbcol/workspaces/job-1-attempt-2/candidate/staging --config Release -t ide -- -j1
+ /tmp/buster-bench-recipe-scripts-m538mx/throughput run --baseline /tmp/buster-bench-recipe-kHbcol/workspaces/job-1-attempt-2/base/build/Release/ide --candidate /tmp/buster-bench-recipe-kHbcol/workspaces/job-1-attempt-2/candidate/build/Release/ide --output /tmp/buster-bench-recipe-kHbcol/workspaces/job-1-attempt-2/candidate/staging/throughput-results --baseline-id 1111111111111111111111111111111111111111 --candidate-id 2222222222222222222222222222222222222222 --profile smoke --mode all --pairs 1 --warmups 1 --no-guard
error: throughput post-stage check failed: promote-throughput
error: fixed recipe could not establish its durable running manifest
+ /tmp/buster-bench-recipe-scripts-m538mx/driver generate --build-directory /tmp/buster-bench-recipe-YwepYt/workspaces/job-1-attempt-2/base/build --config Release --cc clang --no-include-tests --no-developer-targets --no-check-optional-warnings --no-fuzz --no-sanitize --no-time-trace --no-instrument --no-lto
+ /tmp/buster-bench-recipe-scripts-m538mx/driver build --build-directory /tmp/buster-bench-recipe-YwepYt/workspaces/job-1-attempt-2/base/build --config Release -t ide -- -j1
+ /tmp/buster-bench-recipe-scripts-m538mx/driver generate --build-directory /tmp/buster-bench-recipe-YwepYt/workspaces/job-1-attempt-2/candidate/staging --config Release --cc clang --no-include-tests --no-developer-targets --no-check-optional-warnings --no-fuzz --no-sanitize --no-time-trace --no-instrument --no-lto
+ /tmp/buster-bench-recipe-scripts-m538mx/driver build --build-directory /tmp/buster-bench-recipe-YwepYt/workspaces/job-1-attempt-2/candidate/staging --config Release -t ide -- -j1
+ /tmp/buster-bench-recipe-scripts-m538mx/throughput run --baseline /tmp/buster-bench-recipe-YwepYt/workspaces/job-1-attempt-2/base/build/Release/ide --candidate /tmp/buster-bench-recipe-YwepYt/workspaces/job-1-attempt-2/candidate/build/Release/ide --output /tmp/buster-bench-recipe-YwepYt/workspaces/job-1-attempt-2/candidate/staging/throughput-results --baseline-id 1111111111111111111111111111111111111111 --candidate-id 2222222222222222222222222222222222222222 --profile smoke --mode all --pairs 1 --warmups 1 --no-guard
+ /tmp/buster-bench-recipe-scripts-m538mx/driver generate --build-directory /tmp/buster-bench-recipe-7XZisK/workspaces/job-1-attempt-2/base/build --config Release --cc clang --no-include-tests --no-developer-targets --no-check-optional-warnings --no-fuzz --no-sanitize --no-time-trace --no-instrument --no-lto
+ /tmp/buster-bench-recipe-scripts-m538mx/driver build --build-directory /tmp/buster-bench-recipe-7XZisK/workspaces/job-1-attempt-2/base/build --config Release -t ide -- -j1
+ /tmp/buster-bench-recipe-scripts-m538mx/driver generate --build-directory /tmp/buster-bench-recipe-7XZisK/workspaces/job-1-attempt-2/candidate/staging --config Release --cc clang --no-include-tests --no-developer-targets --no-check-optional-warnings --no-fuzz --no-sanitize --no-time-trace --no-instrument --no-lto
+ /tmp/buster-bench-recipe-scripts-m538mx/driver build --build-directory /tmp/buster-bench-recipe-7XZisK/workspaces/job-1-attempt-2/candidate/staging --config Release -t ide -- -j1
+ /tmp/buster-bench-recipe-scripts-m538mx/throughput run --baseline /tmp/buster-bench-recipe-7XZisK/workspaces/job-1-attempt-2/base/build/Release/ide --candidate /tmp/buster-bench-recipe-7XZisK/workspaces/job-1-attempt-2/candidate/build/Release/ide --output /tmp/buster-bench-recipe-7XZisK/workspaces/job-1-attempt-2/candidate/staging/throughput-results --baseline-id 1111111111111111111111111111111111111111 --candidate-id 2222222222222222222222222222222222222222 --profile smoke --mode all --pairs 1 --warmups 1 --no-guard
BENCH_SERVICE_RECIPE_SELF_TEST cases=19 result=pass
+ zen5 stage zen5-immutable-generate
+ zen5 stage zen5-immutable-build
+ zen5 stage zen5-same-root-A-generate
+ zen5 stage zen5-same-root-A-build
+ zen5 stage zen5-same-root-B-generate
+ zen5 stage zen5-same-root-B-build
+ zen5 stage zen5-cross-root-A-generate
+ zen5 stage zen5-cross-root-A-build
+ zen5 stage zen5-cross-root-B-generate
+ zen5 stage zen5-cross-root-B-build
+ zen5 stage zen5-oracle
+ zen5 stage zen5-pmu
+ zen5 stage zen5-captures
BENCH_SERVICE_ZEN5_RECIPE_SELF_TEST cases=1 result=pass
OFFHOST_QUIET_LOAD submits=100 accepted=7 full=93 reads=1000 ordinary-worker-messages=0 cancellation=exceptional
BENCH_SERVICE_ZEN5_EXPORT result=pass
BENCH_SERVICE_ZEN5_SERVED_BINDING result=pass manifest-sha256=35598e4bb4e9f950cef1286bbcc44881efb8483e0a48da226f7086c7a85d7657 profile-sha256=3386834d15d3b8360e20cf6f5308619daaad9b5d06cdecbd079336c24a2c4804
BENCH_SERVICE_SELF_TEST assertions=33135 failures=0 storage=posix-real-journal executor=fake-plus-supervisor-fixed-recipe-handoff
