Wrote docs/source-size-baseline.txt for ea0aa6783db21bf5f505ac2511fb921fd2f4a147

Source size of ea0aa6783db21bf5f505ac2511fb921fd2f4a147
  base -
  baseline ea0aa6783db21bf5f505ac2511fb921fd2f4a147 (docs/source-size-baseline.txt)

category    ratchet   files       bytes  change vs base  since baseline
production  yes         207    16467670               -               0
build       yes         344     9108946               -               0
tests       no          820    19175578               -               0
generated   no           48    51984056               -               0
docs        no         2211    63821562               -               0
dormant     no           65       88893               -               0
total                  3695   160646705               -               0

Largest ratcheted files:
  production     2678448  src/buster/lib/compiler/frontend/c/c_gen.c
  build          2101852  build.c
  production     1478658  src/buster/lib/compiler/frontend/c/c_parse.c
  production     1030394  src/buster/lib/compiler/codegen/machine_x86_64.c
  production      839757  src/buster/lib/compiler/assembly/x86_64_metadata.c
  production      714810  src/buster/lib/compiler/link/link.c
  production      697576  src/buster/lib/compiler/object/object.c
  production      674687  src/buster/lib/compiler/assembly/assembly.c
  production      606119  src/buster/lib/compiler/codegen/machine_aarch64.c
  production      532055  src/buster/lib/compiler/frontend/c/c_source.c

SOURCE_SIZE_V1 revision=ea0aa6783db21bf5f505ac2511fb921fd2f4a147 category=production ratcheted=1 files=207 bytes=16467670 base_files=- base_bytes=- baseline_files=207 baseline_bytes=16467670
SOURCE_SIZE_V1 revision=ea0aa6783db21bf5f505ac2511fb921fd2f4a147 category=build ratcheted=1 files=344 bytes=9108946 base_files=- base_bytes=- baseline_files=344 baseline_bytes=9108946
SOURCE_SIZE_V1 revision=ea0aa6783db21bf5f505ac2511fb921fd2f4a147 category=tests ratcheted=0 files=820 bytes=19175578 base_files=- base_bytes=- baseline_files=820 baseline_bytes=19175578
SOURCE_SIZE_V1 revision=ea0aa6783db21bf5f505ac2511fb921fd2f4a147 category=generated ratcheted=0 files=48 bytes=51984056 base_files=- base_bytes=- baseline_files=48 baseline_bytes=51984056
SOURCE_SIZE_V1 revision=ea0aa6783db21bf5f505ac2511fb921fd2f4a147 category=docs ratcheted=0 files=2211 bytes=63821562 base_files=- base_bytes=- baseline_files=2211 baseline_bytes=63821562
SOURCE_SIZE_V1 revision=ea0aa6783db21bf5f505ac2511fb921fd2f4a147 category=dormant ratcheted=0 files=65 bytes=88893 base_files=- base_bytes=- baseline_files=65 baseline_bytes=88893
SOURCE_SIZE_RESULT_V1 revision=ea0aa6783db21bf5f505ac2511fb921fd2f4a147 base=- baseline_commit=ea0aa6783db21bf5f505ac2511fb921fd2f4a147 status=pass
