+ COMMON=(-Isrc -Ibuild-prod/generated -DBUSTER_UNITY_BUILD=1 -DBUSTER_INCLUDE_TESTS=0 -march=znver3 -g -v)
+ valgrind --tool=callgrind --cache-sim=no --branch-sim=no --callgrind-out-file=issue564-evidence/unity.callgrind ./build-prod/Release/ide cc -Isrc -Ibuild-prod/generated -DBUSTER_UNITY_BUILD=1 -DBUSTER_INCLUDE_TESTS=0 -march=znver3 -g -v -fsource-metrics=issue564-evidence/unity-callgrind.metrics src/buster/apps/ide/ide.c -lm -o issue564-evidence/unity-callgrind
==4103== Callgrind, a call-graph generating cache profiler
==4103== Copyright (C) 2002-2017, and GNU GPL'd, by Josef Weidendorfer et al.
==4103== Using Valgrind-3.26.0 and LibVEX; rerun with -h for copyright info
==4103== Command: ./build-prod/Release/ide cc -Isrc -Ibuild-prod/generated -DBUSTER_UNITY_BUILD=1 -DBUSTER_INCLUDE_TESTS=0 -march=znver3 -g -v -fsource-metrics=issue564-evidence/unity-callgrind.metrics src/buster/apps/ide/ide.c -lm -o issue564-evidence/unity-callgrind
==4103== 
==4103== For interactive control, run 'callgrind_control -h'.
vex amd64->IR: unhandled instruction bytes: 0x62 0xF1 0x7C 0x48 0x10 0x5 0xA 0xA6 0x0 0x1
vex amd64->IR:   REX=0 REX.W=0 REX.R=0 REX.X=0 REX.B=0
vex amd64->IR:   VEX=0 VEX.L=0 VEX.nVVVV=0x0 ESC=NONE
vex amd64->IR:   PFX.66=0 PFX.F2=0 PFX.F3=0
==4103== valgrind: Unrecognised instruction at address 0x40310c4.
==4103==    at 0x40310C4: main (src/buster/lib/entry_point.c:193)
==4103== Your program just tried to execute an instruction that Valgrind
==4103== did not recognise.  There are two possible reasons for this.
==4103== 1. Your program has a bug and erroneously jumped to a non-code
==4103==    location.  If you are running Memcheck and you just saw a
==4103==    warning about a bad jump, it's probably your program's fault.
==4103== 2. The instruction is legitimate but Valgrind doesn't handle it,
==4103==    i.e. it's Valgrind's fault.  If you think this is the case or
==4103==    you are not sure, please let us know and we'll try to fix it.
==4103== Either way, Valgrind will now raise a SIGILL signal which will
==4103== probably kill your program.
==4103== 
==4103== Process terminating with default action of signal 4 (SIGILL): dumping core
==4103==  Illegal opcode at address 0x40310C4
==4103==    at 0x40310C4: main (src/buster/lib/entry_point.c:193)
==4103== 
==4103== Events    : Ir
==4103== Collected : 246575
==4103== 
==4103== I   refs:      246,575
/home/runner/work/_temp/0f1c577b-3d79-4b00-b168-82ede46db982.sh: line 6:  4103 Illegal instruction        (core dumped) valgrind --tool=callgrind --cache-sim=no --branch-sim=no --callgrind-out-file=issue564-evidence/unity.callgrind ./build-prod/Release/ide cc "${COMMON[@]}" -fsource-metrics=issue564-evidence/unity-callgrind.metrics src/buster/apps/ide/ide.c -lm -o issue564-evidence/unity-callgrind
