There are 30 section headers, starting at offset 0x840:

Section Headers:
  [Nr] Name              Type            Address          Off    Size   ES Flg Lk Inf Al
  [ 0]                   NULL            0000000000000000 000000 000000 00      0   0  0
  [ 1] .text             PROGBITS        0000000000000000 000040 00036f 00  AX  0   0 16
  [ 2] .rodata           PROGBITS        0000000000000000 0003b0 000008 00   A  0   0 16
  [ 3] .data             PROGBITS        0000000000000000 0003c0 000000 00  WA  0   0 16
  [ 4] .bss              NOBITS          0000000000000000 0003c0 000000 00  WA  0   0 16
  [ 5] .tdata            PROGBITS        0000000000000000 0003c0 000000 00 WAT  0   0 16
  [ 6] .tbss             NOBITS          0000000000000000 0003c0 000000 00 WAT  0   0 16
  [ 7] .init_array       INIT_ARRAY      0000000000000000 0003c0 000000 00  WA  0   0  8
  [ 8] .fini_array       FINI_ARRAY      0000000000000000 0003c0 000000 00  WA  0   0  8
  [ 9] .eh_frame         X86_64_UNWIND   0000000000000000 0003c0 0000b8 00   A  0   0  8
  [10] .pdata            PROGBITS        0000000000000000 000478 000000 00   A  0   0  4
  [11] .xdata            PROGBITS        0000000000000000 000478 000000 00   A  0   0  4
  [12] .debug_info       PROGBITS        0000000000000000 000478 000000 00      0   0  1
  [13] .debug_abbrev     PROGBITS        0000000000000000 000478 000000 00      0   0  1
  [14] .debug_line       PROGBITS        0000000000000000 000478 000000 00      0   0  1
  [15] .debug_str        PROGBITS        0000000000000000 000478 000000 00      0   0  1
  [16] .debug_loc        PROGBITS        0000000000000000 000478 000000 00      0   0  1
  [17] .debug_ranges     PROGBITS        0000000000000000 000478 000000 00      0   0  1
  [18] .debug$S          PROGBITS        0000000000000000 000478 000000 00      0   0  1
  [19] .debug$T          PROGBITS        0000000000000000 000478 000000 00      0   0  1
  [20] .debug_addr       PROGBITS        0000000000000000 000478 000000 00      0   0  1
  [21] .debug_str_offsets PROGBITS        0000000000000000 000478 000000 00      0   0  1
  [22] .debug_line_str   PROGBITS        0000000000000000 000478 000000 00      0   0  1
  [23] .debug_rnglists   PROGBITS        0000000000000000 000478 000000 00      0   0  1
  [24] .debug_loclists   PROGBITS        0000000000000000 000478 000000 00      0   0  1
  [25] .rela.text        RELA            0000000000000000 000478 0000f0 18     27   1  8
  [26] .rela.eh_frame    RELA            0000000000000000 000568 000078 18     27   9  8
  [27] .symtab           SYMTAB          0000000000000000 0005e0 0000d8 18     28   7  8
  [28] .strtab           STRTAB          0000000000000000 0006b8 00004b 00      0   0  1
  [29] .shstrtab         STRTAB          0000000000000000 000703 000136 00      0   0  1
Key to Flags:
  W (write), A (alloc), X (execute), M (merge), S (strings), I (info),
  L (link order), O (extra OS processing required), G (group), T (TLS),
  C (compressed), x (unknown), o (OS specific), E (exclude),
  D (mbind), l (large), p (processor specific)
