TEST_MODULE_TIMING index=0 module=arena_tests duration_ns=4214091 passed=56 failed=0 assertions=56 status=pass
TEST_MODULE_TIMING index=1 module=hash_tests duration_ns=696 passed=5 failed=0 assertions=5 status=pass
TEST_MODULE_TIMING index=2 module=simd_tests duration_ns=858 passed=141 failed=0 assertions=141 status=pass
TEST_MODULE_TIMING index=3 module=string_tests duration_ns=84168941 passed=4012 failed=0 assertions=4012 status=pass
TEST_MODULE_TIMING index=4 module=os_tests duration_ns=240421364 passed=140 failed=0 assertions=140 status=pass
TEST_MODULE_TIMING index=5 module=file_tests duration_ns=49687730 passed=45 failed=0 assertions=45 status=pass
TEST_MODULE_TIMING index=6 module=target_tests duration_ns=2274754 passed=6469 failed=0 assertions=6469 status=pass
TEST_MODULE_TIMING index=7 module=c_frontend_tests duration_ns=2444361775 passed=147835 failed=0 assertions=147835 status=pass
TEST_MODULE_TIMING index=8 module=metamorphic_tests duration_ns=2100444417 passed=111 failed=0 assertions=111 status=pass
TEST_MODULE_TIMING index=9 module=aarch64_encoding_tests duration_ns=1222121043 passed=236716 failed=0 assertions=236716 status=pass
TEST_MODULE_TIMING index=10 module=aarch64_exact_bridge_tests duration_ns=14177 passed=102 failed=0 assertions=102 status=pass
TEST_MODULE_TIMING index=11 module=aarch64_control_semantics_tests duration_ns=146858 passed=3377 failed=0 assertions=3377 status=pass
TEST_MODULE_TIMING index=12 module=aarch64_system_registers_tests duration_ns=2271151 passed=108 failed=0 assertions=108 status=pass
TEST_MODULE_TIMING index=13 module=aarch64_semantics_tests duration_ns=16079275 passed=215 failed=0 assertions=215 status=pass
TEST_MODULE_TIMING index=14 module=aarch64_system_semantics_tests duration_ns=13768287 passed=694 failed=0 assertions=694 status=pass
TEST_MODULE_TIMING index=15 module=aarch64_syntax_tests duration_ns=231233450 passed=112 failed=0 assertions=112 status=pass
TEST_MODULE_TIMING index=16 module=aarch64_semantic_vm_tests duration_ns=122063281 passed=90 failed=0 assertions=90 status=pass
TEST_MODULE_TIMING index=17 module=aarch64_direct_simd_tests duration_ns=173945015 passed=152 failed=0 assertions=152 status=pass
TEST_MODULE_TIMING index=18 module=aarch64_complex_simd_tests duration_ns=225738788 passed=32 failed=0 assertions=32 status=pass
TEST_MODULE_TIMING index=19 module=aarch64_memory_semantics_tests duration_ns=1190728553 passed=18 failed=0 assertions=18 status=pass
TEST_MODULE_TIMING index=20 module=aarch64_alias_projection_tests duration_ns=331230 passed=28 failed=0 assertions=28 status=pass
TEST_MODULE_TIMING index=21 module=assembly_tests duration_ns=209441586 passed=6148 failed=0 assertions=6148 status=pass
TEST_MODULE_TIMING index=22 module=x86_64_forwarding_tests duration_ns=311142 passed=13113 failed=0 assertions=13113 status=pass
TEST_MODULE_TIMING index=23 module=x86_64_metadata_tests duration_ns=1004209963 passed=1617 failed=0 assertions=1617 status=pass
TEST_MODULE_TIMING index=24 module=x86_64_tls_tests duration_ns=5030717 passed=294552 failed=0 assertions=294552 status=pass
TEST_MODULE_TIMING index=25 module=executable_padding_tests duration_ns=3069825 passed=32908 failed=0 assertions=32908 status=pass
TEST_MODULE_TIMING index=26 module=x86_64_got_tests duration_ns=5024877 passed=133541 failed=0 assertions=133541 status=pass
TEST_MODULE_TIMING index=27 module=x86_64_completion_census_tests duration_ns=1996179096 passed=34046 failed=0 assertions=34046 status=pass
TEST_MODULE_TIMING index=28 module=ir_tests duration_ns=37948861 passed=5353 failed=0 assertions=5353 status=pass
TEST_MODULE_TIMING index=29 module=vector_contract_tests duration_ns=96888612 passed=3056 failed=0 assertions=3056 status=pass
TEST_MODULE_TIMING index=30 module=llvm_bitcode_tests duration_ns=3019911311 passed=331 failed=0 assertions=331 status=pass
TEST_MODULE_TIMING index=31 module=machine_selection_tests duration_ns=2757590 passed=581 failed=0 assertions=581 status=pass
TEST_MODULE_TIMING index=32 module=machine_tests duration_ns=1261905300 passed=476752 failed=0 assertions=476752 status=pass
TEST_MODULE_TIMING index=33 module=codegen_tests duration_ns=104099090 passed=3671 failed=0 assertions=3671 status=pass
TEST_MODULE_TIMING index=34 module=aarch64_stride_tests duration_ns=3034359 passed=98 failed=0 assertions=98 status=pass
TEST_MODULE_TIMING index=35 module=debug_model_tests duration_ns=5384056 passed=668 failed=0 assertions=668 status=pass
TEST_MODULE_TIMING index=36 module=dwarf_tests duration_ns=46228 passed=104 failed=0 assertions=104 status=pass
TEST_MODULE_TIMING index=37 module=codeview_tests duration_ns=1787991 passed=46596 failed=0 assertions=46596 status=pass
TEST_MODULE_TIMING index=38 module=pdb_tests duration_ns=967211045 passed=24848 failed=0 assertions=24848 status=pass
TEST_MODULE_TIMING index=39 module=object_tests duration_ns=599901 passed=828 failed=0 assertions=828 status=pass
TEST_MODULE_TIMING index=40 module=jit_tests duration_ns=183756 passed=149 failed=0 assertions=149 status=pass
TEST_MODULE_TIMING index=41 module=link_tests duration_ns=42876985 passed=1256 failed=0 assertions=1256 status=pass
TEST_MODULE_TIMING index=42 module=gpu_pipeline_tests duration_ns=73967 passed=124 failed=0 assertions=124 status=pass
TEST_MODULE_TIMING index=43 module=compiler_diagnostic_tests duration_ns=4202762 passed=64 failed=0 assertions=64 status=pass
TEST_MODULE_TIMING index=44 module=compiler_driver_tests duration_ns=6983878126 passed=10111 failed=0 assertions=10111 status=pass
TEST_MODULE_TIMING index=45 module=compiler_driver_object_path_tests duration_ns=2879565 passed=22 failed=0 assertions=22 status=pass
TEST_MODULE_TIMING index=46 module=x86_64_tests duration_ns=251258 passed=18 failed=0 assertions=18 status=pass
[1491013/1491013] Unit tests
[47/47] Module tests
